Archive member included to satisfy reference by file (symbol)

C:/Program Files/SEGGER/SEGGER Embedded Studio for ARM 3.52a/lib/libc_v7em_fpv4_sp_d16_hard_t_le_eabi.a(libc2.o)
                              Output/mPower Release/Obj/nrf_log_str_formatter.o (isprint)
C:/Program Files/SEGGER/SEGGER Embedded Studio for ARM 3.52a/lib/libc_v7em_fpv4_sp_d16_hard_t_le_eabi.a(libc2_asm.o)
                              Output/mPower Release/Obj/nrf_log_frontend.o (memcpy)
C:/Program Files/SEGGER/SEGGER Embedded Studio for ARM 3.52a/lib/libc_v7em_fpv4_sp_d16_hard_t_le_eabi.a(libc.o)
                              C:/Program Files/SEGGER/SEGGER Embedded Studio for ARM 3.52a/lib/libc_v7em_fpv4_sp_d16_hard_t_le_eabi.a(libc2.o) (__heap_lock)
C:/Program Files/SEGGER/SEGGER Embedded Studio for ARM 3.52a/lib/libc_v7em_fpv4_sp_d16_hard_t_le_eabi.a(libc_asm.o)
                              C:/Program Files/SEGGER/SEGGER Embedded Studio for ARM 3.52a/lib/libc_v7em_fpv4_sp_d16_hard_t_le_eabi.a(libc2.o) (__aeabi_uldivmod)
C:/Program Files/SEGGER/SEGGER Embedded Studio for ARM 3.52a/lib/libdebugio_v7em_fpv4_sp_d16_hard_t_le_eabi.a(libdebugio.o)
                              Output/mPower Release/Obj/thumb_crt0.o (debug_fopen)
C:/Program Files/SEGGER/SEGGER Embedded Studio for ARM 3.52a/lib/libdebugio_mempoll_v7em_fpv4_sp_d16_hard_t_le_eabi.a(mempoll_debug_operations.o)
                              C:/Program Files/SEGGER/SEGGER Embedded Studio for ARM 3.52a/lib/libdebugio_v7em_fpv4_sp_d16_hard_t_le_eabi.a(libdebugio.o) (__do_debug_operation)
C:/Program Files/SEGGER/SEGGER Embedded Studio for ARM 3.52a/lib/libdebugio_mempoll_v7em_fpv4_sp_d16_hard_t_le_eabi.a(do_nv_debug_operation.o)
                              C:/Program Files/SEGGER/SEGGER Embedded Studio for ARM 3.52a/lib/libdebugio_v7em_fpv4_sp_d16_hard_t_le_eabi.a(libdebugio.o) (__do_nvdebug_operation)
C:/Program Files/SEGGER/SEGGER Embedded Studio for ARM 3.52a/lib/libm_v7em_fpv4_sp_d16_hard_t_le_eabi.a(libm_asm.o)
                              C:/Program Files/SEGGER/SEGGER Embedded Studio for ARM 3.52a/lib/libc_v7em_fpv4_sp_d16_hard_t_le_eabi.a(libc2.o) (__aeabi_i2d)
C:/Program Files/SEGGER/SEGGER Embedded Studio for ARM 3.52a/lib/libm_v7em_fpv4_sp_d16_hard_t_le_eabi.a(libm2.o)
                              C:/Program Files/SEGGER/SEGGER Embedded Studio for ARM 3.52a/lib/libvfprintf_v7em_fpv4_sp_d16_hard_t_le_eabi.o (frexp)
C:/Program Files/SEGGER/SEGGER Embedded Studio for ARM 3.52a/lib/libm_v7em_fpv4_sp_d16_hard_t_le_eabi.a(libm2_asm.o)
                              C:/Program Files/SEGGER/SEGGER Embedded Studio for ARM 3.52a/lib/libm_v7em_fpv4_sp_d16_hard_t_le_eabi.a(libm2.o) (fabs)

Discarded input sections

 .text          0x0000000000000000        0x0 Output/mPower Release/Obj/thumb_crt0.o
 .data          0x0000000000000000        0x0 Output/mPower Release/Obj/thumb_crt0.o
 .bss           0x0000000000000000        0x0 Output/mPower Release/Obj/thumb_crt0.o
 .text.__aeabi_read_tp
                0x0000000000000000        0x8 Output/mPower Release/Obj/thumb_crt0.o
 .text.abort    0x0000000000000000        0x2 Output/mPower Release/Obj/thumb_crt0.o
 .text.__assert
                0x0000000000000000        0x2 Output/mPower Release/Obj/thumb_crt0.o
 .text.__aeabi_assert
                0x0000000000000000        0x2 Output/mPower Release/Obj/thumb_crt0.o
 .text.__sync_synchronize
                0x0000000000000000        0x2 Output/mPower Release/Obj/thumb_crt0.o
 .text.__getchar
                0x0000000000000000        0x4 Output/mPower Release/Obj/thumb_crt0.o
 .text.__putchar
                0x0000000000000000        0x4 Output/mPower Release/Obj/thumb_crt0.o
 .text.__open   0x0000000000000000        0x4 Output/mPower Release/Obj/thumb_crt0.o
 .text.__close  0x0000000000000000        0x4 Output/mPower Release/Obj/thumb_crt0.o
 .text.__write  0x0000000000000000        0xa Output/mPower Release/Obj/thumb_crt0.o
 .text.__read   0x0000000000000000        0xa Output/mPower Release/Obj/thumb_crt0.o
 .text.__seek   0x0000000000000000       0x1a Output/mPower Release/Obj/thumb_crt0.o
 .bss.__user_locale_name_buffer
                0x0000000000000000        0x4 Output/mPower Release/Obj/thumb_crt0.o
 .stack         0x0000000000000000        0x0 Output/mPower Release/Obj/thumb_crt0.o
 .stack_process
                0x0000000000000000        0x0 Output/mPower Release/Obj/thumb_crt0.o
 .heap          0x0000000000000000        0x0 Output/mPower Release/Obj/thumb_crt0.o
 .group         0x0000000000000000        0xc Output/mPower Release/Obj/nrf_log_backend_rtt.o
 .group         0x0000000000000000        0xc Output/mPower Release/Obj/nrf_log_backend_rtt.o
 .group         0x0000000000000000        0xc Output/mPower Release/Obj/nrf_log_backend_rtt.o
 .group         0x0000000000000000        0xc Output/mPower Release/Obj/nrf_log_backend_rtt.o
 .group         0x0000000000000000        0xc Output/mPower Release/Obj/nrf_log_backend_rtt.o
[...]
Memory Configuration

Name             Origin             Length             Attributes
UNPLACED_SECTIONS 0x0000000100000000 0x0000000000000000 xw
RAM              0x0000000020000000 0x0000000000010000 xw
FLASH            0x0000000000000000 0x0000000000080000 xw
*default*        0x0000000000000000 0xffffffffffffffff

Linker script and memory map

                0x000000000002aee8                __vfprintf = __vfprintf_long
                0x0000000000000000                __vfscanf = __vfscanf_int
                0x0000000020000000                __RAM_segment_start__ = 0x20000000
                0x0000000020010000                __RAM_segment_end__ = 0x20010000
                0x0000000000010000                __RAM_segment_size__ = 0x10000
                0x0000000000000000                __FLASH_segment_start__ = 0x0
                0x0000000000080000                __FLASH_segment_end__ = 0x80000
                0x0000000000080000                __FLASH_segment_size__ = 0x80000
                0x0000000000002000                __HEAPSIZE__ = 0x2000
                0x0000000000000000                __STACKSIZE_PROCESS__ = 0x0
                0x0000000000002000                __STACKSIZE__ = 0x2000
                0x0000000020000000                __reserved_ram_load_start__ = 0x20000000

.reserved_ram   0x0000000020000000     0x6620
                0x0000000020000000                __reserved_ram_start__ = .
 *(.reserved_ram .reserved_ram.*)
                0x0000000020006620                . = MAX (((__reserved_ram_start__ + 0x20006620) - 0x20000000), .)
 *fill*         0x0000000020000000     0x6620 
                0x0000000020006620                __reserved_ram_end__ = (__reserved_ram_start__ + SIZEOF (.reserved_ram))
                0x0000000000006620                __reserved_ram_size__ = SIZEOF (.reserved_ram)
                0x0000000020006620                __reserved_ram_load_end__ = __reserved_ram_end__
                0x0000000000000001                . = ASSERT (((__reserved_ram_start__ == __reserved_ram_end__) || ((__reserved_ram_end__ >= __RAM_segment_start__) && (__reserved_ram_end__ <= __RAM_segment_end__))), error: .reserved_ram is too large to fit in RAM memory segment)
                0x0000000020006620                __vectors_ram_load_start__ = 0x20006620

.vectors_ram    0x0000000020006620        0x0
                0x0000000020006620                __vectors_ram_start__ = .
                0x0000000020006620                __app_ram_start__ = __vectors_ram_start__
 *(.vectors_ram .vectors_ram.*)
                0x0000000020006620                __vectors_ram_end__ = (__vectors_ram_start__ + SIZEOF (.vectors_ram))
                0x0000000000000000                __vectors_ram_size__ = SIZEOF (.vectors_ram)
                0x0000000020006620                __vectors_ram_load_end__ = __vectors_ram_end__
                0x0000000000000001                . = ASSERT (((__vectors_ram_start__ == __vectors_ram_end__) || ((__vectors_ram_end__ >= __RAM_segment_start__) && (__vectors_ram_end__ <= __RAM_segment_end__))), error: .vectors_ram is too large to fit in RAM memory segment)
                0x0000000000000001                . = ASSERT ((__reserved_ram_end__ <= __vectors_ram_start__), error: section .reserved_ram overlaps absolute placed section .vectors_ram)
                0x0000000020006620                __nrf_sections_run_load_start__ = ALIGN (__vectors_ram_end__, 0x4)

.nrf_sections_run
                0x0000000020006620        0x0
                0x0000000020006620                __nrf_sections_run_start__ = .
                0x0000000020006620                __start_nrf_sections_run = __nrf_sections_run_start__
 *(.nrf_sections_run .nrf_sections_run.*)
                0x0000000020006620                __nrf_sections_run_end__ = (__nrf_sections_run_start__ + SIZEOF (.nrf_sections_run))
                0x0000000000000000                __nrf_sections_run_size__ = SIZEOF (.nrf_sections_run)
                0x0000000020006620                __nrf_sections_run_load_end__ = __nrf_sections_run_end__
                0x0000000000000001                . = ASSERT (((__nrf_sections_run_start__ == __nrf_sections_run_end__) || ((__nrf_sections_run_end__ >= __RAM_segment_start__) && (__nrf_sections_run_end__ <= __RAM_segment_end__))), error: .nrf_sections_run is too large to fit in RAM memory segment)
                0x0000000000000000                __reserved_flash_load_start__ = 0x0

.reserved_flash
                0x0000000000000000    0x26000
                0x0000000000000000                __reserved_flash_start__ = .
 *(.reserved_flash .reserved_flash.*)
                0x0000000000026000                . = MAX (((__reserved_flash_start__ + 0x26000) - 0x0), .)
 *fill*         0x0000000000000000    0x26000 
                0x0000000000026000                __reserved_flash_end__ = (__reserved_flash_start__ + SIZEOF (.reserved_flash))
                0x0000000000026000                __reserved_flash_size__ = SIZEOF (.reserved_flash)
                0x0000000000026000                __reserved_flash_load_end__ = __reserved_flash_end__
                0x0000000000000001                . = ASSERT (((__reserved_flash_start__ == __reserved_flash_end__) || ((__reserved_flash_end__ >= __FLASH_segment_start__) && (__reserved_flash_end__ <= __FLASH_segment_end__))), error: .reserved_flash is too large to fit in FLASH memory segment)
                0x0000000000026000                __vectors_load_start__ = 0x26000

.vectors        0x0000000000026000       0xdc
                0x0000000000026000                __vectors_start__ = .
 *(.vectors .vectors.*)
 .vectors       0x0000000000026000       0xdc Output/mPower Release/Obj/ses_nrf52_Vectors.o
                0x0000000000026000                _vectors
                0x00000000000260dc                __vectors_end__ = (__vectors_start__ + SIZEOF (.vectors))
                0x00000000000000dc                __vectors_size__ = SIZEOF (.vectors)
                0x00000000000260dc                __vectors_load_end__ = __vectors_end__
                0x0000000000000001                . = ASSERT (((__vectors_start__ == __vectors_end__) || ((__vectors_end__ >= __FLASH_segment_start__) && (__vectors_end__ <= __FLASH_segment_end__))), error: .vectors is too large to fit in FLASH memory segment)
                0x0000000000000001                . = ASSERT ((__reserved_flash_end__ <= __vectors_start__), error: section .reserved_flash overlaps absolute placed section .vectors)
                0x00000000000260dc                __init_load_start__ = ALIGN (__vectors_end__, 0x4)

.init           0x00000000000260dc      0x218
                0x00000000000260dc                __init_start__ = .
 *(.init .init.*)
 .init          0x00000000000260dc      0x160 Output/mPower Release/Obj/thumb_crt0.o
                0x00000000000260dc                _start
                0x0000000000026192                exit
 .init          0x000000000002623c       0x58 Output/mPower Release/Obj/ses_nRF_Startup.o
                0x000000000002623c                Reset_Handler
                0x0000000000026260                InitializeUserMemorySections
 .init          0x0000000000026294       0x60 Output/mPower Release/Obj/ses_nrf52_Vectors.o
                0x0000000000026294                NMI_Handler
                0x0000000000026296                HardFault_Handler
                0x0000000000026298                MemoryManagement_Handler
                0x000000000002629a                BusFault_Handler
                0x000000000002629c                UsageFault_Handler
                0x000000000002629e                SVC_Handler
                0x00000000000262a0                DebugMon_Handler
                0x00000000000262a2                PendSV_Handler
                0x00000000000262a4                SysTick_Handler
                0x00000000000262aa                RADIO_IRQHandler
                0x00000000000262ae                SPIM0_SPIS0_TWIM0_TWIS0_SPI0_TWI0_IRQHandler
                0x00000000000262b0                SPIM1_SPIS1_TWIM1_TWIS1_SPI1_TWI1_IRQHandler
                0x00000000000262b2                NFCT_IRQHandler
                0x00000000000262b6                SAADC_IRQHandler
                0x00000000000262b8                TIMER0_IRQHandler
                0x00000000000262ba                TIMER1_IRQHandler
                0x00000000000262bc                TIMER2_IRQHandler
                0x00000000000262be                RTC0_IRQHandler
                0x00000000000262c0                TEMP_IRQHandler
                0x00000000000262c2                RNG_IRQHandler
                0x00000000000262c4                ECB_IRQHandler
                0x00000000000262c6                CCM_AAR_IRQHandler
                0x00000000000262c8                WDT_IRQHandler
                0x00000000000262cc                QDEC_IRQHandler
                0x00000000000262ce                COMP_LPCOMP_IRQHandler
                0x00000000000262d2                SWI1_EGU1_IRQHandler
                0x00000000000262d6                SWI3_EGU3_IRQHandler
                0x00000000000262d8                SWI4_EGU4_IRQHandler
                0x00000000000262da                SWI5_EGU5_IRQHandler
                0x00000000000262dc                TIMER3_IRQHandler
                0x00000000000262de                TIMER4_IRQHandler
                0x00000000000262e0                PWM0_IRQHandler
                0x00000000000262e2                PDM_IRQHandler
                0x00000000000262e4                MWU_IRQHandler
                0x00000000000262e6                PWM1_IRQHandler
                0x00000000000262e8                PWM2_IRQHandler
                0x00000000000262ea                SPIM2_SPIS2_SPI2_IRQHandler
                0x00000000000262ec                RTC2_IRQHandler
                0x00000000000262ee                I2S_IRQHandler
                0x00000000000262f0                FPU_IRQHandler
                0x00000000000262f4                __init_end__ = (__init_start__ + SIZEOF (.init))
                0x0000000000000218                __init_size__ = SIZEOF (.init)
                0x00000000000262f4                __init_load_end__ = __init_end__
                0x0000000000000001                . = ASSERT (((__init_start__ == __init_end__) || ((__init_end__ >= __FLASH_segment_start__) && (__init_end__ <= __FLASH_segment_end__))), error: .init is too large to fit in FLASH memory segment)
                0x00000000000262f4                __init_rodata_load_start__ = ALIGN (__init_end__, 0x4)

.init_rodata    0x00000000000262f4        0x0
                0x00000000000262f4                __init_rodata_start__ = .
 *(.init_rodata .init_rodata.*)
                0x00000000000262f4                __init_rodata_end__ = (__init_rodata_start__ + SIZEOF (.init_rodata))
                0x0000000000000000                __init_rodata_size__ = SIZEOF (.init_rodata)
                0x00000000000262f4                __init_rodata_load_end__ = __init_rodata_end__
                0x0000000000000001                . = ASSERT (((__init_rodata_start__ == __init_rodata_end__) || ((__init_rodata_end__ >= __FLASH_segment_start__) && (__init_rodata_end__ <= __FLASH_segment_end__))), error: .init_rodata is too large to fit in FLASH memory segment)
                0x00000000000262f4                __text_load_start__ = ALIGN (__init_rodata_end__, 0x4)

.text           0x00000000000262f4     0x5324
                0x00000000000262f4                __text_start__ = .
 *(.text .text.* .glue_7t .glue_7 .gnu.linkonce.t.* .gcc_except_table .ARM.extab* .gnu.linkonce.armextab.*)
 .glue_7        0x00000000000262f4        0x0 linker stubs
 .glue_7t       0x00000000000262f4        0x0 linker stubs
 .text.nrf_log_backend_rtt_flush
                0x00000000000262f4        0x2 Output/mPower Release/Obj/nrf_log_backend_rtt.o
 *fill*         0x00000000000262f6        0x2 
 .text.nrf_log_backend_rtt_put
                0x00000000000262f8       0x1c Output/mPower Release/Obj/nrf_log_backend_rtt.o
 .text.serial_tx
                0x0000000000026314       0x50 Output/mPower Release/Obj/nrf_log_backend_rtt.o
 .text.nrf_log_backend_rtt_panic_set
                0x0000000000026364        0x2 Output/mPower Release/Obj/nrf_log_backend_rtt.o
 .text.nrf_log_backend_rtt_init
                0x0000000000026366        0x4 Output/mPower Release/Obj/nrf_log_backend_rtt.o
                0x0000000000026366                nrf_log_backend_rtt_init
 .text.nrf_log_backend_serial_put
                0x000000000002636a       0xcc Output/mPower Release/Obj/nrf_log_backend_serial.o
                0x000000000002636a                nrf_log_backend_serial_put
 *fill*         0x0000000000026436        0x2 
 .text.uart_evt_handler
                0x0000000000026438        0xc Output/mPower Release/Obj/nrf_log_backend_uart.o
 .text.nrf_log_backend_uart_flush
                0x0000000000026444        0x2 Output/mPower Release/Obj/nrf_log_backend_uart.o
 *fill*         0x0000000000026446        0x2 
 .text.uart_init
                0x0000000000026448       0x4c Output/mPower Release/Obj/nrf_log_backend_uart.o
 .text.nrf_log_backend_uart_put
                0x0000000000026494       0x1c Output/mPower Release/Obj/nrf_log_backend_uart.o
 .text.serial_tx
                0x00000000000264b0       0x48 Output/mPower Release/Obj/nrf_log_backend_uart.o
 .text.nrf_log_backend_uart_panic_set
                0x00000000000264f8       0x2c Output/mPower Release/Obj/nrf_log_backend_uart.o
 .text.nrf_log_backend_uart_init
                0x0000000000026524        0x6 Output/mPower Release/Obj/nrf_log_backend_uart.o
                0x0000000000026524                nrf_log_backend_uart_init
 *fill*         0x000000000002652a        0x2 
 .text.nrf_log_default_backends_init
                0x000000000002652c       0x30 Output/mPower Release/Obj/nrf_log_default_backends.o
                0x000000000002652c                nrf_log_default_backends_init
 .text.invalid_packets_pushed_str_omit
                0x000000000002655c       0x50 Output/mPower Release/Obj/nrf_log_frontend.o
 .text.buf_prealloc
                0x00000000000265ac      0x134 Output/mPower Release/Obj/nrf_log_frontend.o
 .text.nrf_log_init
                0x00000000000266e0       0x50 Output/mPower Release/Obj/nrf_log_frontend.o
                0x00000000000266e0                nrf_log_init
 .text.nrf_log_module_name_get
                0x0000000000026730       0x3c Output/mPower Release/Obj/nrf_log_frontend.o
                0x0000000000026730                nrf_log_module_name_get
 .text.nrf_log_color_id_get
                0x000000000002676c       0x2c Output/mPower Release/Obj/nrf_log_frontend.o
                0x000000000002676c                nrf_log_color_id_get
 .text.buffer_is_empty
                0x0000000000026798       0x14 Output/mPower Release/Obj/nrf_log_frontend.o
                0x0000000000026798                buffer_is_empty
 .text.nrf_log_frontend_dequeue
                0x00000000000267ac      0x214 Output/mPower Release/Obj/nrf_log_frontend.o
                0x00000000000267ac                nrf_log_frontend_dequeue
 .text.std_n    0x00000000000269c0       0xb0 Output/mPower Release/Obj/nrf_log_frontend.o
 .text.nrf_log_frontend_std_0
                0x0000000000026a70        0x8 Output/mPower Release/Obj/nrf_log_frontend.o
                0x0000000000026a70                nrf_log_frontend_std_0
 .text.nrf_log_frontend_std_1
                0x0000000000026a78       0x14 Output/mPower Release/Obj/nrf_log_frontend.o
                0x0000000000026a78                nrf_log_frontend_std_1
 .text.nrf_log_frontend_std_2
                0x0000000000026a8c       0x14 Output/mPower Release/Obj/nrf_log_frontend.o
                0x0000000000026a8c                nrf_log_frontend_std_2
 .text.nrf_log_frontend_std_3
                0x0000000000026aa0       0x18 Output/mPower Release/Obj/nrf_log_frontend.o
                0x0000000000026aa0                nrf_log_frontend_std_3
 .text.nrf_log_backend_add
                0x0000000000026ab8       0x44 Output/mPower Release/Obj/nrf_log_frontend.o
                0x0000000000026ab8                nrf_log_backend_add
 .text.nrf_log_panic
                0x0000000000026afc       0x28 Output/mPower Release/Obj/nrf_log_frontend.o
                0x0000000000026afc                nrf_log_panic
 .text.postfix_process
                0x0000000000026b24       0x3c Output/mPower Release/Obj/nrf_log_str_formatter.o
 .text.prefix_process
                0x0000000000026b60       0x78 Output/mPower Release/Obj/nrf_log_str_formatter.o
 .text.nrf_log_std_entry_process
                0x0000000000026bd8       0xc8 Output/mPower Release/Obj/nrf_log_str_formatter.o
                0x0000000000026bd8                nrf_log_std_entry_process
 .text.nrf_log_hexdump_entry_process
                0x0000000000026ca0       0xac Output/mPower Release/Obj/nrf_log_str_formatter.o
                0x0000000000026ca0                nrf_log_hexdump_entry_process
 .text.detection_delay_timeout_handler
                0x0000000000026d4c      0x104 Output/mPower Release/Obj/app_button.o
 .text.gpiote_event_handler
                0x0000000000026e50       0xa8 Output/mPower Release/Obj/app_button.o
 .text.app_button_init
                0x0000000000026ef8       0xa8 Output/mPower Release/Obj/app_button.o
                0x0000000000026ef8                app_button_init
 .text.app_button_enable
                0x0000000000026fa0       0x2c Output/mPower Release/Obj/app_button.o
                0x0000000000026fa0                app_button_enable
 .text.app_button_disable
                0x0000000000026fcc       0x34 Output/mPower Release/Obj/app_button.o
                0x0000000000026fcc                app_button_disable
 .text.app_error_handler_bare
                0x0000000000027000       0x1a Output/mPower Release/Obj/app_error.o
                0x0000000000027000                app_error_handler_bare
 *fill*         0x000000000002701a        0x2 
 .text.app_error_fault_handler
                0x000000000002701c       0x6c Output/mPower Release/Obj/app_error_weak.o
                0x000000000002701c                app_error_fault_handler
 .text.user_op_alloc
                0x0000000000027088       0x2c Output/mPower Release/Obj/app_timer.o
 .text.timer_stop_op_schedule
                0x00000000000270b4       0x50 Output/mPower Release/Obj/app_timer.o
 .text.nrfx_coredep_delay_us.constprop.3
                0x0000000000027104       0x10 Output/mPower Release/Obj/app_timer.o
 .text.rtc1_stop
                0x0000000000027114       0x44 Output/mPower Release/Obj/app_timer.o
 .text.RTC1_IRQHandler
                0x0000000000027158       0x9c Output/mPower Release/Obj/app_timer.o
                0x0000000000027158                RTC1_IRQHandler
 .text.SWI0_EGU0_IRQHandler
                0x00000000000271f4      0x2ac Output/mPower Release/Obj/app_timer.o
                0x00000000000271f4                SWI0_EGU0_IRQHandler
 .text.app_timer_init
                0x00000000000274a0       0x60 Output/mPower Release/Obj/app_timer.o
                0x00000000000274a0                app_timer_init
 .text.app_timer_create
                0x0000000000027500       0x24 Output/mPower Release/Obj/app_timer.o
                0x0000000000027500                app_timer_create
 .text.app_timer_start
                0x0000000000027524       0x88 Output/mPower Release/Obj/app_timer.o
                0x0000000000027524                app_timer_start
 .text.app_timer_stop
                0x00000000000275ac       0x20 Output/mPower Release/Obj/app_timer.o
                0x00000000000275ac                app_timer_stop
 .text.app_util_critical_region_enter
                0x00000000000275cc       0x48 Output/mPower Release/Obj/app_util_platform.o
                0x00000000000275cc                app_util_critical_region_enter
 .text.app_util_critical_region_exit
                0x0000000000027614       0x2c Output/mPower Release/Obj/app_util_platform.o
                0x0000000000027614                app_util_critical_region_exit
 .text.nrf_atflags_set
                0x0000000000027640       0x12 Output/mPower Release/Obj/nrf_atflags.o
                0x0000000000027640                nrf_atflags_set
 .text.nrf_atflags_clear
                0x0000000000027652       0x14 Output/mPower Release/Obj/nrf_atflags.o
                0x0000000000027652                nrf_atflags_clear
 .text.nrf_atflags_get
                0x0000000000027666       0x12 Output/mPower Release/Obj/nrf_atflags.o
                0x0000000000027666                nrf_atflags_get
 .text.nrf_atomic_u32_fetch_store
                0x0000000000027678       0x14 Output/mPower Release/Obj/nrf_atomic.o
                0x0000000000027678                nrf_atomic_u32_fetch_store
 .text.nrf_atomic_u32_or
                0x000000000002768c       0x16 Output/mPower Release/Obj/nrf_atomic.o
                0x000000000002768c                nrf_atomic_u32_or
 .text.nrf_atomic_u32_fetch_and
                0x00000000000276a2       0x16 Output/mPower Release/Obj/nrf_atomic.o
                0x00000000000276a2                nrf_atomic_u32_fetch_and
 .text.nrf_atomic_u32_and
                0x00000000000276b8       0x16 Output/mPower Release/Obj/nrf_atomic.o
                0x00000000000276b8                nrf_atomic_u32_and
 .text.nrf_atomic_u32_add
                0x00000000000276ce       0x16 Output/mPower Release/Obj/nrf_atomic.o
                0x00000000000276ce                nrf_atomic_u32_add
 .text.nrf_atomic_u32_sub
                0x00000000000276e4       0x16 Output/mPower Release/Obj/nrf_atomic.o
                0x00000000000276e4                nrf_atomic_u32_sub
 .text.nrf_atomic_flag_set
                0x00000000000276fa        0x6 Output/mPower Release/Obj/nrf_atomic.o
                0x00000000000276fa                nrf_atomic_flag_set
 .text.nrf_atomic_flag_clear_fetch
                0x0000000000027700        0x6 Output/mPower Release/Obj/nrf_atomic.o
                0x0000000000027700                nrf_atomic_flag_clear_fetch
 .text.nrf_balloc_init
                0x0000000000027706       0x2e Output/mPower Release/Obj/nrf_balloc.o
                0x0000000000027706                nrf_balloc_init
 .text.nrf_balloc_alloc
                0x0000000000027734       0x46 Output/mPower Release/Obj/nrf_balloc.o
                0x0000000000027734                nrf_balloc_alloc
 .text.nrf_balloc_free
                0x000000000002777a       0x32 Output/mPower Release/Obj/nrf_balloc.o
                0x000000000002777a                nrf_balloc_free
 .text.nrf_fprintf_buffer_flush
                0x00000000000277ac       0x16 Output/mPower Release/Obj/nrf_fprintf.o
                0x00000000000277ac                nrf_fprintf_buffer_flush
 .text.nrf_fprintf
                0x00000000000277c2       0x1e Output/mPower Release/Obj/nrf_fprintf.o
                0x00000000000277c2                nrf_fprintf
 .text.buffer_add
                0x00000000000277e0       0x1e Output/mPower Release/Obj/nrf_fprintf_format.o
 *fill*         0x00000000000277fe        0x2 
 .text.unsigned_print
                0x0000000000027800       0xac Output/mPower Release/Obj/nrf_fprintf_format.o
 .text.nrf_fprintf_fmt
                0x00000000000278ac      0x28a Output/mPower Release/Obj/nrf_fprintf_format.o
                0x00000000000278ac                nrf_fprintf_fmt
 .text.nrf_memobj_pool_init
                0x0000000000027b36        0x4 Output/mPower Release/Obj/nrf_memobj.o
                0x0000000000027b36                nrf_memobj_pool_init
 .text.nrf_memobj_free
                0x0000000000027b3a       0x2c Output/mPower Release/Obj/nrf_memobj.o
                0x0000000000027b3a                nrf_memobj_free
 .text.nrf_memobj_alloc
                0x0000000000027b66       0x5e Output/mPower Release/Obj/nrf_memobj.o
                0x0000000000027b66                nrf_memobj_alloc
 .text.nrf_memobj_get
                0x0000000000027bc4        0x8 Output/mPower Release/Obj/nrf_memobj.o
                0x0000000000027bc4                nrf_memobj_get
 .text.nrf_memobj_put
                0x0000000000027bcc       0x1e Output/mPower Release/Obj/nrf_memobj.o
                0x0000000000027bcc                nrf_memobj_put
 .text.nrf_memobj_write
                0x0000000000027bea       0x52 Output/mPower Release/Obj/nrf_memobj.o
                0x0000000000027bea                nrf_memobj_write
 .text.nrf_memobj_read
                0x0000000000027c3c       0x52 Output/mPower Release/Obj/nrf_memobj.o
                0x0000000000027c3c                nrf_memobj_read
 .text.sd_app_evt_wait
                0x0000000000027c8e        0x4 Output/mPower Release/Obj/nrf_pwr_mgmt.o
 *fill*         0x0000000000027c92        0x2 
 .text.nrf_pwr_mgmt_init
                0x0000000000027c94       0x2c Output/mPower Release/Obj/nrf_pwr_mgmt.o
                0x0000000000027c94                nrf_pwr_mgmt_init
 .text.nrf_pwr_mgmt_run
                0x0000000000027cc0       0x4c Output/mPower Release/Obj/nrf_pwr_mgmt.o
                0x0000000000027cc0                nrf_pwr_mgmt_run
 .text.nrf_section_iter_init
                0x0000000000027d0c       0x14 Output/mPower Release/Obj/nrf_section_iter.o
                0x0000000000027d0c                nrf_section_iter_init
 .text.nrf_section_iter_next
                0x0000000000027d20       0x18 Output/mPower Release/Obj/nrf_section_iter.o
                0x0000000000027d20                nrf_section_iter_next
 .text.nrf_strerror_find
                0x0000000000027d38       0x3c Output/mPower Release/Obj/nrf_strerror.o
                0x0000000000027d38                nrf_strerror_find
 .text.nrf_strerror_get
                0x0000000000027d74       0x14 Output/mPower Release/Obj/nrf_strerror.o
                0x0000000000027d74                nrf_strerror_get
 .text.errata_12
                0x0000000000027d88       0x40 Output/mPower Release/Obj/system_nrf52.o
 .text.errata_16
                0x0000000000027dc8       0x34 Output/mPower Release/Obj/system_nrf52.o
 .text.SystemInit
                0x0000000000027dfc      0x25c Output/mPower Release/Obj/system_nrf52.o
                0x0000000000027dfc                SystemInit
 .text.bsp_board_led_on
                0x0000000000028058       0x18 Output/mPower Release/Obj/boards.o
                0x0000000000028058                bsp_board_led_on
 .text.bsp_board_led_off
                0x0000000000028070       0x18 Output/mPower Release/Obj/boards.o
                0x0000000000028070                bsp_board_led_off
 .text.bsp_board_leds_off
                0x0000000000028088       0x1e Output/mPower Release/Obj/boards.o
                0x0000000000028088                bsp_board_leds_off
 .text.bsp_board_init
                0x00000000000280a6       0x3e Output/mPower Release/Obj/boards.o
                0x00000000000280a6                bsp_board_init
 .text.clock_clk_started_notify
                0x00000000000280e4       0x28 Output/mPower Release/Obj/nrf_drv_clock.o
 .text.clock_irq_handler
                0x000000000002810c       0x1c Output/mPower Release/Obj/nrf_drv_clock.o
 .text.soc_evt_handler
                0x0000000000028128       0x14 Output/mPower Release/Obj/nrf_drv_clock.o
 .text.nrf_drv_clock_init
                0x000000000002813c       0x38 Output/mPower Release/Obj/nrf_drv_clock.o
                0x000000000002813c                nrf_drv_clock_init
 .text.nrf_drv_clock_lfclk_release
                0x0000000000028174       0x30 Output/mPower Release/Obj/nrf_drv_clock.o
                0x0000000000028174                nrf_drv_clock_lfclk_release
 .text.sd_state_evt_handler
                0x00000000000281a4       0x58 Output/mPower Release/Obj/nrf_drv_clock.o
 .text.uarte_evt_handler
                0x00000000000281fc       0x34 Output/mPower Release/Obj/nrf_drv_uart.o
 .text.uart_evt_handler
                0x0000000000028230       0x34 Output/mPower Release/Obj/nrf_drv_uart.o
 .text.nrf_drv_uart_init
                0x0000000000028264       0x7c Output/mPower Release/Obj/nrf_drv_uart.o
                0x0000000000028264                nrf_drv_uart_init
 .text.nrf_clock_event_clear
                0x00000000000282e0       0x14 Output/mPower Release/Obj/nrfx_clock.o
 .text.nrfx_clock_init
                0x00000000000282f4       0x1c Output/mPower Release/Obj/nrfx_clock.o
                0x00000000000282f4                nrfx_clock_init
 .text.nrfx_clock_enable
                0x0000000000028310       0x28 Output/mPower Release/Obj/nrfx_clock.o
                0x0000000000028310                nrfx_clock_enable
 .text.nrfx_clock_lfclk_stop
                0x0000000000028338       0x18 Output/mPower Release/Obj/nrfx_clock.o
                0x0000000000028338                nrfx_clock_lfclk_stop
 .text.POWER_CLOCK_IRQHandler
                0x0000000000028350       0x58 Output/mPower Release/Obj/nrfx_clock.o
                0x0000000000028350                POWER_CLOCK_IRQHandler
 .text.nrf_gpiote_event_clear
                0x00000000000283a8       0x18 Output/mPower Release/Obj/nrfx_gpiote.o
 .text.nrf_gpio_cfg_sense_set
                0x00000000000283c0       0x20 Output/mPower Release/Obj/nrfx_gpiote.o
 .text.channel_free
                0x00000000000283e0       0x1c Output/mPower Release/Obj/nrfx_gpiote.o
 .text.nrfx_gpiote_init
                0x00000000000283fc       0x70 Output/mPower Release/Obj/nrfx_gpiote.o
                0x00000000000283fc                nrfx_gpiote_init
 .text.nrfx_gpiote_is_init
                0x000000000002846c       0x14 Output/mPower Release/Obj/nrfx_gpiote.o
                0x000000000002846c                nrfx_gpiote_is_init
 .text.nrfx_gpiote_in_init
                0x0000000000028480       0xf0 Output/mPower Release/Obj/nrfx_gpiote.o
                0x0000000000028480                nrfx_gpiote_in_init
 .text.nrfx_gpiote_in_event_enable
                0x0000000000028570       0x8c Output/mPower Release/Obj/nrfx_gpiote.o
                0x0000000000028570                nrfx_gpiote_in_event_enable
 .text.nrfx_gpiote_in_event_disable
                0x00000000000285fc       0x44 Output/mPower Release/Obj/nrfx_gpiote.o
                0x00000000000285fc                nrfx_gpiote_in_event_disable
 .text.nrfx_gpiote_in_is_set
                0x0000000000028640       0x12 Output/mPower Release/Obj/nrfx_gpiote.o
                0x0000000000028640                nrfx_gpiote_in_is_set
 *fill*         0x0000000000028652        0x2 
 .text.GPIOTE_IRQHandler
                0x0000000000028654      0x17c Output/mPower Release/Obj/nrfx_gpiote.o
                0x0000000000028654                GPIOTE_IRQHandler
 .text.UARTE0_UART0_IRQHandler
                0x00000000000287d0        0xc Output/mPower Release/Obj/nrfx_prs.o
                0x00000000000287d0                UARTE0_UART0_IRQHandler
 .text.nrfx_prs_acquire
                0x00000000000287dc       0x40 Output/mPower Release/Obj/nrfx_prs.o
                0x00000000000287dc                nrfx_prs_acquire
 .text.nrfx_prs_release
                0x000000000002881c       0x18 Output/mPower Release/Obj/nrfx_prs.o
                0x000000000002881c                nrfx_prs_release
 .text.nrf_uart_event_clear
                0x0000000000028834       0x10 Output/mPower Release/Obj/nrfx_uart.o
 .text.tx_byte  0x0000000000028844       0x1e Output/mPower Release/Obj/nrfx_uart.o
 .text.rx_byte  0x0000000000028862       0x2c Output/mPower Release/Obj/nrfx_uart.o
 *fill*         0x000000000002888e        0x2 
 .text.rx_done_event.constprop.8
                0x0000000000028890       0x20 Output/mPower Release/Obj/nrfx_uart.o
 .text.nrfx_uart_0_irq_handler
                0x00000000000288b0      0x13c Output/mPower Release/Obj/nrfx_uart.o
                0x00000000000288b0                nrfx_uart_0_irq_handler
 .text.nrfx_uart_init
                0x00000000000289ec      0x180 Output/mPower Release/Obj/nrfx_uart.o
                0x00000000000289ec                nrfx_uart_init
 .text.nrfx_uart_uninit
                0x0000000000028b6c       0xc8 Output/mPower Release/Obj/nrfx_uart.o
                0x0000000000028b6c                nrfx_uart_uninit
 .text.nrfx_uart_tx
                0x0000000000028c34       0x94 Output/mPower Release/Obj/nrfx_uart.o
                0x0000000000028c34                nrfx_uart_tx
 .text.nrf_uarte_event_clear
                0x0000000000028cc8       0x10 Output/mPower Release/Obj/nrfx_uarte.o
 .text.rx_done_event.constprop.7
                0x0000000000028cd8       0x24 Output/mPower Release/Obj/nrfx_uarte.o
 .text.nrfx_uarte_0_irq_handler
                0x0000000000028cfc       0xec Output/mPower Release/Obj/nrfx_uarte.o
                0x0000000000028cfc                nrfx_uarte_0_irq_handler
 .text.nrfx_uarte_init
                0x0000000000028de8      0x190 Output/mPower Release/Obj/nrfx_uarte.o
                0x0000000000028de8                nrfx_uarte_init
 .text.nrfx_uarte_uninit
                0x0000000000028f78       0xc8 Output/mPower Release/Obj/nrfx_uarte.o
                0x0000000000028f78                nrfx_uarte_uninit
 .text.nrfx_uarte_tx
                0x0000000000029040       0x88 Output/mPower Release/Obj/nrfx_uarte.o
                0x0000000000029040                nrfx_uarte_tx
 .text.sd_ble_gap_adv_set_configure
                0x00000000000290c8        0x4 Output/mPower Release/Obj/main.o
 .text.sd_ble_gap_adv_start
                0x00000000000290cc        0x4 Output/mPower Release/Obj/main.o
 .text.sd_ble_gap_disconnect
                0x00000000000290d0        0x4 Output/mPower Release/Obj/main.o
 .text.sd_ble_gap_ppcp_set
                0x00000000000290d4        0x4 Output/mPower Release/Obj/main.o
 .text.sd_ble_gap_device_name_set
                0x00000000000290d8        0x4 Output/mPower Release/Obj/main.o
 .text.sd_ble_gap_sec_params_reply
                0x00000000000290dc        0x4 Output/mPower Release/Obj/main.o
 .text.sd_ble_gap_phy_update
                0x00000000000290e0        0x4 Output/mPower Release/Obj/main.o
 .text.sd_ble_gatts_sys_attr_set
                0x00000000000290e4        0x4 Output/mPower Release/Obj/main.o
 .text.nrf_qwr_error_handler
                0x00000000000290e8        0x4 Output/mPower Release/Obj/main.o
 .text.advertising_start
                0x00000000000290ec       0x20 Output/mPower Release/Obj/main.o
 .text.button_event_handler
                0x000000000002910c       0x98 Output/mPower Release/Obj/main.o
 .text.conn_params_error_handler
                0x00000000000291a4        0x4 Output/mPower Release/Obj/main.o
 .text.onNewCommand
                0x00000000000291a8       0xfc Output/mPower Release/Obj/main.o
                0x00000000000291a8                onNewCommand
 .text.ble_evt_handler
                0x00000000000292a4      0x15c Output/mPower Release/Obj/main.o
 .text.startup.main
                0x0000000000029400      0x200 Output/mPower Release/Obj/main.o
                0x0000000000029400                main
 .text.sd_ble_gatts_service_add
                0x0000000000029600        0x4 Output/mPower Release/Obj/our_service.o
 .text.sd_ble_gatts_characteristic_add
                0x0000000000029604        0x4 Output/mPower Release/Obj/our_service.o
 .text.sd_ble_gatts_hvx
                0x0000000000029608        0x4 Output/mPower Release/Obj/our_service.o
 .text.sd_ble_uuid_vs_add
                0x000000000002960c        0x4 Output/mPower Release/Obj/our_service.o
 .text.our_service_init
                0x0000000000029610      0x16c Output/mPower Release/Obj/our_service.o
                0x0000000000029610                our_service_init
 .text.our_notification
                0x000000000002977c       0x64 Output/mPower Release/Obj/our_service.o
                0x000000000002977c                our_notification
 .text._GetAvailWriteSpace
                0x00000000000297e0       0x1c Output/mPower Release/Obj/SEGGER_RTT.o
 .text._WriteNoCheck
                0x00000000000297fc       0x3a Output/mPower Release/Obj/SEGGER_RTT.o
 .text._WriteBlocking
                0x0000000000029836       0x52 Output/mPower Release/Obj/SEGGER_RTT.o
 .text._DoInit  0x0000000000029888       0x60 Output/mPower Release/Obj/SEGGER_RTT.o
 .text.SEGGER_RTT_WriteNoLock
                0x00000000000298e8       0x68 Output/mPower Release/Obj/SEGGER_RTT.o
                0x00000000000298e8                SEGGER_RTT_WriteNoLock
 .text.SEGGER_RTT_Write
                0x0000000000029950       0x3c Output/mPower Release/Obj/SEGGER_RTT.o
                0x0000000000029950                SEGGER_RTT_Write
 .text.SEGGER_RTT_Init
                0x000000000002998c        0x4 Output/mPower Release/Obj/SEGGER_RTT.o
                0x000000000002998c                SEGGER_RTT_Init
 .text.printf   0x0000000000029990       0x3a Output/mPower Release/Obj/SEGGER_RTT_Syscalls_SES.o
                0x0000000000029990                printf
 .text.sd_ble_gap_addr_get
                0x00000000000299ca        0x4 Output/mPower Release/Obj/ble_advdata.o
 .text.sd_ble_gap_appearance_get
                0x00000000000299ce        0x4 Output/mPower Release/Obj/ble_advdata.o
 .text.sd_ble_gap_device_name_get
                0x00000000000299d2        0x4 Output/mPower Release/Obj/ble_advdata.o
 .text.sd_ble_uuid_encode
                0x00000000000299d6        0x4 Output/mPower Release/Obj/ble_advdata.o
 .text.uuid_list_sized_encode
                0x00000000000299da       0xa4 Output/mPower Release/Obj/ble_advdata.o
 .text.uuid_list_encode
                0x0000000000029a7e       0x34 Output/mPower Release/Obj/ble_advdata.o
 .text.ble_advdata_encode
                0x0000000000029ab2      0x37c Output/mPower Release/Obj/ble_advdata.o
                0x0000000000029ab2                ble_advdata_encode
 .text.sd_ble_gap_conn_param_update
                0x0000000000029e2e        0x4 Output/mPower Release/Obj/ble_conn_params.o
 .text.sd_ble_gap_disconnect
                0x0000000000029e32        0x4 Output/mPower Release/Obj/ble_conn_params.o
 .text.sd_ble_gap_ppcp_set
                0x0000000000029e36        0x4 Output/mPower Release/Obj/ble_conn_params.o
 .text.sd_ble_gap_ppcp_get
                0x0000000000029e3a        0x4 Output/mPower Release/Obj/ble_conn_params.o
 *fill*         0x0000000000029e3e        0x2 
 .text.instance_get
                0x0000000000029e40       0x24 Output/mPower Release/Obj/ble_conn_params.o
 .text.send_error_evt
                0x0000000000029e64       0x10 Output/mPower Release/Obj/ble_conn_params.o
 .text.update_timeout_handler
                0x0000000000029e74       0x6c Output/mPower Release/Obj/ble_conn_params.o
 .text.conn_params_negotiation
                0x0000000000029ee0       0x48 Output/mPower Release/Obj/ble_conn_params.o
 .text.is_conn_params_ok.constprop.3
                0x0000000000029f28       0x3c Output/mPower Release/Obj/ble_conn_params.o
 .text.ble_evt_handler
                0x0000000000029f64       0xe4 Output/mPower Release/Obj/ble_conn_params.o
 .text.ble_conn_params_init
                0x000000000002a048       0x8c Output/mPower Release/Obj/ble_conn_params.o
                0x000000000002a048                ble_conn_params_init
 .text.conn_handle_list_get
                0x000000000002a0d4       0x2e Output/mPower Release/Obj/ble_conn_state.o
                0x000000000002a0d4                conn_handle_list_get
 *fill*         0x000000000002a102        0x2 
 .text.ble_evt_handler
                0x000000000002a104       0xd8 Output/mPower Release/Obj/ble_conn_state.o
 .text.active_flag_count
                0x000000000002a1dc       0x24 Output/mPower Release/Obj/ble_conn_state.o
                0x000000000002a1dc                active_flag_count
 .text.ble_conn_state_peripheral_conn_count
                0x000000000002a200       0x24 Output/mPower Release/Obj/ble_conn_state.o
                0x000000000002a200                ble_conn_state_peripheral_conn_count
 .text.ble_conn_state_periph_handles
                0x000000000002a224       0x28 Output/mPower Release/Obj/ble_conn_state.o
                0x000000000002a224                ble_conn_state_periph_handles
 .text.ble_srv_is_notification_enabled
                0x000000000002a24c        0x8 Output/mPower Release/Obj/ble_srv_common.o
                0x000000000002a24c                ble_srv_is_notification_enabled
 .text.sd_ble_gap_data_length_update
                0x000000000002a254        0x4 Output/mPower Release/Obj/nrf_ble_gatt.o
 .text.sd_ble_gattc_exchange_mtu_request
                0x000000000002a258        0x4 Output/mPower Release/Obj/nrf_ble_gatt.o
 .text.sd_ble_gatts_exchange_mtu_reply
                0x000000000002a25c        0x4 Output/mPower Release/Obj/nrf_ble_gatt.o
 .text.data_length_update
                0x000000000002a260       0x9c Output/mPower Release/Obj/nrf_ble_gatt.o
 .text.nrf_ble_gatt_init
                0x000000000002a2fc       0x32 Output/mPower Release/Obj/nrf_ble_gatt.o
                0x000000000002a2fc                nrf_ble_gatt_init
 *fill*         0x000000000002a32e        0x2 
 .text.nrf_ble_gatt_on_ble_evt
                0x000000000002a330      0x314 Output/mPower Release/Obj/nrf_ble_gatt.o
                0x000000000002a330                nrf_ble_gatt_on_ble_evt
 .text.sd_ble_gatts_rw_authorize_reply
                0x000000000002a644        0x4 Output/mPower Release/Obj/nrf_ble_qwr.o
 .text.sd_ble_user_mem_reply
                0x000000000002a648        0x4 Output/mPower Release/Obj/nrf_ble_qwr.o
 .text.user_mem_reply.part.0
                0x000000000002a64c       0x24 Output/mPower Release/Obj/nrf_ble_qwr.o
 .text.nrf_ble_qwr_init
                0x000000000002a670       0x24 Output/mPower Release/Obj/nrf_ble_qwr.o
                0x000000000002a670                nrf_ble_qwr_init
 .text.nrf_ble_qwr_conn_handle_assign
                0x000000000002a694       0x16 Output/mPower Release/Obj/nrf_ble_qwr.o
                0x000000000002a694                nrf_ble_qwr_conn_handle_assign
 .text.nrf_ble_qwr_on_ble_evt
                0x000000000002a6aa       0xa0 Output/mPower Release/Obj/nrf_ble_qwr.o
                0x000000000002a6aa                nrf_ble_qwr_on_ble_evt
 .text.sd_ble_gatts_hvx
                0x000000000002a74a        0x4 Output/mPower Release/Obj/ble_lbs.o
 .text.ble_lbs_on_ble_evt
                0x000000000002a74e       0x2a Output/mPower Release/Obj/ble_lbs.o
                0x000000000002a74e                ble_lbs_on_ble_evt
 .text.ble_lbs_on_button_change
                0x000000000002a778       0x40 Output/mPower Release/Obj/ble_lbs.o
                0x000000000002a778                ble_lbs_on_button_change
 .text.sd_softdevice_enable
                0x000000000002a7b8        0x4 Output/mPower Release/Obj/nrf_sdh.o
 .text.sdh_request_observer_notify
                0x000000000002a7bc       0x30 Output/mPower Release/Obj/nrf_sdh.o
 .text.sdh_state_observer_notify
                0x000000000002a7ec       0x28 Output/mPower Release/Obj/nrf_sdh.o
 .text.softdevices_evt_irq_enable
                0x000000000002a814       0x38 Output/mPower Release/Obj/nrf_sdh.o
 .text.nrf_sdh_enable_request
                0x000000000002a84c       0x88 Output/mPower Release/Obj/nrf_sdh.o
                0x000000000002a84c                nrf_sdh_enable_request
 .text.nrf_sdh_is_enabled
                0x000000000002a8d4        0xc Output/mPower Release/Obj/nrf_sdh.o
                0x000000000002a8d4                nrf_sdh_is_enabled
 .text.nrf_sdh_evts_poll
                0x000000000002a8e0       0x28 Output/mPower Release/Obj/nrf_sdh.o
                0x000000000002a8e0                nrf_sdh_evts_poll
 .text.SWI2_EGU2_IRQHandler
                0x000000000002a908        0x4 Output/mPower Release/Obj/nrf_sdh.o
                0x000000000002a908                SWI2_EGU2_IRQHandler
 .text.sd_ble_enable
                0x000000000002a90c        0x4 Output/mPower Release/Obj/nrf_sdh_ble.o
 .text.sd_ble_cfg_set
                0x000000000002a910        0x4 Output/mPower Release/Obj/nrf_sdh_ble.o
 .text.sd_ble_evt_get
                0x000000000002a914        0x4 Output/mPower Release/Obj/nrf_sdh_ble.o
 .text.nrf_sdh_ble_evts_poll
                0x000000000002a918       0x50 Output/mPower Release/Obj/nrf_sdh_ble.o
 .text.nrf_sdh_ble_default_cfg_set
                0x000000000002a968      0x154 Output/mPower Release/Obj/nrf_sdh_ble.o
                0x000000000002a968                nrf_sdh_ble_default_cfg_set
 .text.nrf_sdh_ble_enable
                0x000000000002aabc       0x94 Output/mPower Release/Obj/nrf_sdh_ble.o
                0x000000000002aabc                nrf_sdh_ble_enable
 .text.sd_evt_get
                0x000000000002ab50        0x4 Output/mPower Release/Obj/nrf_sdh_soc.o
 .text.nrf_sdh_soc_evts_poll
                0x000000000002ab54       0x3c Output/mPower Release/Obj/nrf_sdh_soc.o
 .text.libc.__RAL_ascii_isctype
                0x000000000002ab90       0x1c C:/Program Files/SEGGER/SEGGER Embedded Studio for ARM 3.52a/lib/libc_v7em_fpv4_sp_d16_hard_t_le_eabi.a(libc2.o)
 .text.libc.__RAL_ascii_toupper
                0x000000000002abac        0xc C:/Program Files/SEGGER/SEGGER Embedded Studio for ARM 3.52a/lib/libc_v7em_fpv4_sp_d16_hard_t_le_eabi.a(libc2.o)
 .text.libc.__RAL_ascii_tolower
                0x000000000002abb8        0xc C:/Program Files/SEGGER/SEGGER Embedded Studio for ARM 3.52a/lib/libc_v7em_fpv4_sp_d16_hard_t_le_eabi.a(libc2.o)
 .text.libc.__RAL_ascii_iswctype
                0x000000000002abc4       0x1c C:/Program Files/SEGGER/SEGGER Embedded Studio for ARM 3.52a/lib/libc_v7em_fpv4_sp_d16_hard_t_le_eabi.a(libc2.o)
 .text.libc.__RAL_ascii_towupper
                0x000000000002abe0        0xc C:/Program Files/SEGGER/SEGGER Embedded Studio for ARM 3.52a/lib/libc_v7em_fpv4_sp_d16_hard_t_le_eabi.a(libc2.o)
 .text.libc.__RAL_ascii_towlower
                0x000000000002abec        0xc C:/Program Files/SEGGER/SEGGER Embedded Studio for ARM 3.52a/lib/libc_v7em_fpv4_sp_d16_hard_t_le_eabi.a(libc2.o)
 .text.libc.__RAL_ascii_wctomb
                0x000000000002abf8        0xe C:/Program Files/SEGGER/SEGGER Embedded Studio for ARM 3.52a/lib/libc_v7em_fpv4_sp_d16_hard_t_le_eabi.a(libc2.o)
                0x000000000002abf8                __RAL_ascii_wctomb
 .text.libc.__RAL_ascii_mbtowc
                0x000000000002ac06       0x24 C:/Program Files/SEGGER/SEGGER Embedded Studio for ARM 3.52a/lib/libc_v7em_fpv4_sp_d16_hard_t_le_eabi.a(libc2.o)
                0x000000000002ac06                __RAL_ascii_mbtowc
 .text.libc.__putc
                0x000000000002ac2a       0x34 C:/Program Files/SEGGER/SEGGER Embedded Studio for ARM 3.52a/lib/libc_v7em_fpv4_sp_d16_hard_t_le_eabi.a(libc2.o)
                0x000000000002ac2a                __putc
 .text.libc.__RAL_print_padding
                0x000000000002ac5e       0x1c C:/Program Files/SEGGER/SEGGER Embedded Studio for ARM 3.52a/lib/libc_v7em_fpv4_sp_d16_hard_t_le_eabi.a(libc2.o)
                0x000000000002ac5e                __RAL_print_padding
 .text.libc.__RAL_pre_padding
                0x000000000002ac7a       0x1c C:/Program Files/SEGGER/SEGGER Embedded Studio for ARM 3.52a/lib/libc_v7em_fpv4_sp_d16_hard_t_le_eabi.a(libc2.o)
                0x000000000002ac7a                __RAL_pre_padding
 *fill*         0x000000000002ac96        0x2 
 .text.libc.__RAL_isctype
                0x000000000002ac98       0x14 C:/Program Files/SEGGER/SEGGER Embedded Studio for ARM 3.52a/lib/libc_v7em_fpv4_sp_d16_hard_t_le_eabi.a(libc2.o)
                0x000000000002ac98                __RAL_isctype
 .text.libc.isprint
                0x000000000002acac        0xa C:/Program Files/SEGGER/SEGGER Embedded Studio for ARM 3.52a/lib/libc_v7em_fpv4_sp_d16_hard_t_le_eabi.a(libc2.o)
                0x000000000002acac                isprint
 *fill*         0x000000000002acb6        0x2 
 .text.libc.malloc
                0x000000000002acb8       0x94 C:/Program Files/SEGGER/SEGGER Embedded Studio for ARM 3.52a/lib/libc_v7em_fpv4_sp_d16_hard_t_le_eabi.a(libc2.o)
                0x000000000002acb8                malloc
 .text.libc.strnlen
                0x000000000002ad4c       0x20 C:/Program Files/SEGGER/SEGGER Embedded Studio for ARM 3.52a/lib/libc_v7em_fpv4_sp_d16_hard_t_le_eabi.a(libc2.o)
                0x000000000002ad4c                strnlen
 .text.libc.vsnprintf
                0x000000000002ad6c       0x1c C:/Program Files/SEGGER/SEGGER Embedded Studio for ARM 3.52a/lib/libc_v7em_fpv4_sp_d16_hard_t_le_eabi.a(libc2.o)
                0x000000000002ad6c                vsnprintf
 .text.libc.memcpy
                0x000000000002ad88       0x52 C:/Program Files/SEGGER/SEGGER Embedded Studio for ARM 3.52a/lib/libc_v7em_fpv4_sp_d16_hard_t_le_eabi.a(libc2_asm.o)
                0x000000000002ad88                __aeabi_memcpy
                0x000000000002ad88                memcpy
                0x000000000002ad94                __aeabi_memcpy8
                0x000000000002ad94                __aeabi_memcpy4
 .text.libc.memset
                0x000000000002adda       0x66 C:/Program Files/SEGGER/SEGGER Embedded Studio for ARM 3.52a/lib/libc_v7em_fpv4_sp_d16_hard_t_le_eabi.a(libc2_asm.o)
                0x000000000002adda                memset
 .text.libc.strcpy
                0x000000000002ae40       0x44 C:/Program Files/SEGGER/SEGGER Embedded Studio for ARM 3.52a/lib/libc_v7em_fpv4_sp_d16_hard_t_le_eabi.a(libc2_asm.o)
                0x000000000002ae40                strcpy
 .text.libc.strlen
                0x000000000002ae84       0x60 C:/Program Files/SEGGER/SEGGER Embedded Studio for ARM 3.52a/lib/libc_v7em_fpv4_sp_d16_hard_t_le_eabi.a(libc2_asm.o)
                0x000000000002ae84                strlen
 .text.libc.__heap_lock
                0x000000000002aee4        0x2 C:/Program Files/SEGGER/SEGGER Embedded Studio for ARM 3.52a/lib/libc_v7em_fpv4_sp_d16_hard_t_le_eabi.a(libc.o)
                0x000000000002aee4                __heap_lock
 .text.libc.__heap_unlock
                0x000000000002aee6        0x2 C:/Program Files/SEGGER/SEGGER Embedded Studio for ARM 3.52a/lib/libc_v7em_fpv4_sp_d16_hard_t_le_eabi.a(libc.o)
                0x000000000002aee6                __heap_unlock
 .text.libc.__vfprintf_long
                0x000000000002aee8      0x730 C:/Program Files/SEGGER/SEGGER Embedded Studio for ARM 3.52a/lib/libvfprintf_v7em_fpv4_sp_d16_hard_t_le_eabi.o
                0x000000000002aee8                __vfprintf_long
                0x000000000002b618                __text_end__ = (__text_start__ + SIZEOF (.text))
                0x0000000000005324                __text_size__ = SIZEOF (.text)
                0x000000000002b618                __text_load_end__ = __text_end__

.vfp11_veneer   0x0000000100000000        0x0
 .vfp11_veneer  0x0000000100000000        0x0 linker stubs

.v4_bx          0x0000000100000000        0x0
 .v4_bx         0x0000000100000000        0x0 linker stubs

.iplt           0x0000000100000000        0x0
 .iplt          0x0000000100000000        0x0 Output/mPower Release/Obj/thumb_crt0.o
                0x0000000000000001                . = ASSERT (((__text_start__ == __text_end__) || ((__text_end__ >= __FLASH_segment_start__) && (__text_end__ <= __FLASH_segment_end__))), error: .text is too large to fit in FLASH memory segment)
                0x000000000002b618                __sdh_soc_observers_load_start__ = ALIGN (__text_end__, 0x4)

.sdh_soc_observers
                0x000000000002b618        0x8
                0x000000000002b618                __sdh_soc_observers_start__ = .
                0x000000000002b618                __start_sdh_soc_observers = __sdh_soc_observers_start__
 *(SORT_BY_NAME(.sdh_soc_observers*))
 .sdh_soc_observers0
                0x000000000002b618        0x8 Output/mPower Release/Obj/nrf_drv_clock.o
                0x000000000002b620                __sdh_soc_observers_end__ = (__sdh_soc_observers_start__ + SIZEOF (.sdh_soc_observers))
                0x0000000000000008                __sdh_soc_observers_size__ = SIZEOF (.sdh_soc_observers)
                0x000000000002b620                __stop_sdh_soc_observers = __sdh_soc_observers_end__
                0x000000000002b620                __sdh_soc_observers_load_end__ = __sdh_soc_observers_end__
                0x0000000000000001                . = ASSERT (((__sdh_soc_observers_start__ == __sdh_soc_observers_end__) || ((__sdh_soc_observers_end__ >= __FLASH_segment_start__) && (__sdh_soc_observers_end__ <= __FLASH_segment_end__))), error: .sdh_soc_observers is too large to fit in FLASH memory segment)
                0x000000000002b620                __sdh_ble_observers_load_start__ = ALIGN (__sdh_soc_observers_end__, 0x4)

.sdh_ble_observers
                0x000000000002b620       0x48
                0x000000000002b620                __sdh_ble_observers_start__ = .
                0x000000000002b620                __start_sdh_ble_observers = __sdh_ble_observers_start__
 *(SORT_BY_NAME(.sdh_ble_observers*))
 .sdh_ble_observers0
                0x000000000002b620        0x8 Output/mPower Release/Obj/ble_conn_state.o
 .sdh_ble_observers1
                0x000000000002b628        0x8 Output/mPower Release/Obj/main.o
 .sdh_ble_observers1
                0x000000000002b630        0x8 Output/mPower Release/Obj/ble_conn_params.o
 .sdh_ble_observers2
                0x000000000002b638       0x28 Output/mPower Release/Obj/main.o
 .sdh_ble_observers3
                0x000000000002b660        0x8 Output/mPower Release/Obj/main.o
                0x000000000002b668                __sdh_ble_observers_end__ = (__sdh_ble_observers_start__ + SIZEOF (.sdh_ble_observers))
                0x0000000000000048                __sdh_ble_observers_size__ = SIZEOF (.sdh_ble_observers)
                0x000000000002b668                __stop_sdh_ble_observers = __sdh_ble_observers_end__
                0x000000000002b668                __sdh_ble_observers_load_end__ = __sdh_ble_observers_end__
                0x0000000000000001                . = ASSERT (((__sdh_ble_observers_start__ == __sdh_ble_observers_end__) || ((__sdh_ble_observers_end__ >= __FLASH_segment_start__) && (__sdh_ble_observers_end__ <= __FLASH_segment_end__))), error: .sdh_ble_observers is too large to fit in FLASH memory segment)
                0x000000000002b668                __pwr_mgmt_data_load_start__ = ALIGN (__sdh_ble_observers_end__, 0x4)

.pwr_mgmt_data  0x000000000002b668        0x0
                0x000000000002b668                __pwr_mgmt_data_start__ = .
                0x000000000002b668                __start_pwr_mgmt_data = __pwr_mgmt_data_start__
 *(SORT_BY_NAME(.pwr_mgmt_data*))
                0x000000000002b668                __pwr_mgmt_data_end__ = (__pwr_mgmt_data_start__ + SIZEOF (.pwr_mgmt_data))
                0x0000000000000000                __pwr_mgmt_data_size__ = SIZEOF (.pwr_mgmt_data)
                0x000000000002b668                __stop_pwr_mgmt_data = __pwr_mgmt_data_end__
                0x000000000002b668                __pwr_mgmt_data_load_end__ = __pwr_mgmt_data_end__
                0x0000000000000001                . = ASSERT (((__pwr_mgmt_data_start__ == __pwr_mgmt_data_end__) || ((__pwr_mgmt_data_end__ >= __FLASH_segment_start__) && (__pwr_mgmt_data_end__ <= __FLASH_segment_end__))), error: .pwr_mgmt_data is too large to fit in FLASH memory segment)
                0x000000000002b668                __log_const_data_load_start__ = ALIGN (__pwr_mgmt_data_end__, 0x4)

.log_const_data
                0x000000000002b668       0x68
                0x000000000002b668                __log_const_data_start__ = .
                0x000000000002b668                __start_log_const_data = __log_const_data_start__
 *(SORT_BY_NAME(.log_const_data*))
 .log_const_data_CLOCK
                0x000000000002b668        0x8 Output/mPower Release/Obj/nrfx_clock.o
                0x000000000002b668                m_nrf_log_CLOCK_logs_data_const
 .log_const_data_GPIOTE
                0x000000000002b670        0x8 Output/mPower Release/Obj/nrfx_gpiote.o
                0x000000000002b670                m_nrf_log_GPIOTE_logs_data_const
 .log_const_data_PRS
                0x000000000002b678        0x8 Output/mPower Release/Obj/nrfx_prs.o
                0x000000000002b678                m_nrf_log_PRS_logs_data_const
 .log_const_data_UART
                0x000000000002b680        0x8 Output/mPower Release/Obj/nrfx_uart.o
                0x000000000002b680                m_nrf_log_UART_logs_data_const
 .log_const_data_UARTE
                0x000000000002b688        0x8 Output/mPower Release/Obj/nrfx_uarte.o
                0x000000000002b688                m_nrf_log_UARTE_logs_data_const
 .log_const_data_app
                0x000000000002b690        0x8 Output/mPower Release/Obj/nrf_log_frontend.o
                0x000000000002b690                m_nrf_log_app_logs_data_const
 .log_const_data_balloc_log_mempool
                0x000000000002b698        0x8 Output/mPower Release/Obj/nrf_log_frontend.o
                0x000000000002b698                m_nrf_log_balloc_log_mempool_logs_data_const
 .log_const_data_clock
                0x000000000002b6a0        0x8 Output/mPower Release/Obj/nrf_drv_clock.o
                0x000000000002b6a0                m_nrf_log_clock_logs_data_const
 .log_const_data_nrf_ble_gatt
                0x000000000002b6a8        0x8 Output/mPower Release/Obj/nrf_ble_gatt.o
                0x000000000002b6a8                m_nrf_log_nrf_ble_gatt_logs_data_const
 .log_const_data_nrf_sdh
                0x000000000002b6b0        0x8 Output/mPower Release/Obj/nrf_sdh.o
                0x000000000002b6b0                m_nrf_log_nrf_sdh_logs_data_const
 .log_const_data_nrf_sdh_ble
                0x000000000002b6b8        0x8 Output/mPower Release/Obj/nrf_sdh_ble.o
                0x000000000002b6b8                m_nrf_log_nrf_sdh_ble_logs_data_const
 .log_const_data_nrf_sdh_soc
                0x000000000002b6c0        0x8 Output/mPower Release/Obj/nrf_sdh_soc.o
                0x000000000002b6c0                m_nrf_log_nrf_sdh_soc_logs_data_const
 .log_const_data_pwr_mgmt
                0x000000000002b6c8        0x8 Output/mPower Release/Obj/nrf_pwr_mgmt.o
                0x000000000002b6c8                m_nrf_log_pwr_mgmt_logs_data_const
                0x000000000002b6d0                __log_const_data_end__ = (__log_const_data_start__ + SIZEOF (.log_const_data))
                0x0000000000000068                __log_const_data_size__ = SIZEOF (.log_const_data)
                0x000000000002b6d0                __stop_log_const_data = __log_const_data_end__
                0x000000000002b6d0                __log_const_data_load_end__ = __log_const_data_end__
                0x0000000000000001                . = ASSERT (((__log_const_data_start__ == __log_const_data_end__) || ((__log_const_data_end__ >= __FLASH_segment_start__) && (__log_const_data_end__ <= __FLASH_segment_end__))), error: .log_const_data is too large to fit in FLASH memory segment)
                0x000000000002b6d0                __nrf_balloc_load_start__ = ALIGN (__log_const_data_end__, 0x4)

.nrf_balloc     0x000000000002b6d0       0x18
                0x000000000002b6d0                __nrf_balloc_start__ = .
                0x000000000002b6d0                __start_nrf_balloc = __nrf_balloc_start__
 *(.nrf_balloc*)
 .nrf_balloc    0x000000000002b6d0       0x18 Output/mPower Release/Obj/nrf_log_frontend.o
                0x000000000002b6d0                log_mempool
                0x000000000002b6e8                __nrf_balloc_end__ = (__nrf_balloc_start__ + SIZEOF (.nrf_balloc))
                0x0000000000000018                __nrf_balloc_size__ = SIZEOF (.nrf_balloc)
                0x000000000002b6e8                __stop_nrf_balloc = __nrf_balloc_end__
                0x000000000002b6e8                __nrf_balloc_load_end__ = __nrf_balloc_end__
                0x0000000000000001                . = ASSERT (((__nrf_balloc_start__ == __nrf_balloc_end__) || ((__nrf_balloc_end__ >= __FLASH_segment_start__) && (__nrf_balloc_end__ <= __FLASH_segment_end__))), error: .nrf_balloc is too large to fit in FLASH memory segment)
                0x000000000002b6e8                __sdh_state_observers_load_start__ = ALIGN (__nrf_balloc_end__, 0x4)

.sdh_state_observers
                0x000000000002b6e8        0x8
                0x000000000002b6e8                __sdh_state_observers_start__ = .
                0x000000000002b6e8                __start_sdh_state_observers = __sdh_state_observers_start__
 *(SORT_BY_NAME(.sdh_state_observers*))
 .sdh_state_observers0
                0x000000000002b6e8        0x8 Output/mPower Release/Obj/nrf_drv_clock.o
                0x000000000002b6f0                __sdh_state_observers_end__ = (__sdh_state_observers_start__ + SIZEOF (.sdh_state_observers))
                0x0000000000000008                __sdh_state_observers_size__ = SIZEOF (.sdh_state_observers)
                0x000000000002b6f0                __stop_sdh_state_observers = __sdh_state_observers_end__
                0x000000000002b6f0                __sdh_state_observers_load_end__ = __sdh_state_observers_end__
                0x0000000000000001                . = ASSERT (((__sdh_state_observers_start__ == __sdh_state_observers_end__) || ((__sdh_state_observers_end__ >= __FLASH_segment_start__) && (__sdh_state_observers_end__ <= __FLASH_segment_end__))), error: .sdh_state_observers is too large to fit in FLASH memory segment)
                0x000000000002b6f0                __sdh_stack_observers_load_start__ = ALIGN (__sdh_state_observers_end__, 0x4)

.sdh_stack_observers
                0x000000000002b6f0       0x10
                0x000000000002b6f0                __sdh_stack_observers_start__ = .
                0x000000000002b6f0                __start_sdh_stack_observers = __sdh_stack_observers_start__
 *(SORT_BY_NAME(.sdh_stack_observers*))
 .sdh_stack_observers0
                0x000000000002b6f0        0x8 Output/mPower Release/Obj/nrf_sdh_ble.o
 .sdh_stack_observers0
                0x000000000002b6f8        0x8 Output/mPower Release/Obj/nrf_sdh_soc.o
                0x000000000002b700                __sdh_stack_observers_end__ = (__sdh_stack_observers_start__ + SIZEOF (.sdh_stack_observers))
                0x0000000000000010                __sdh_stack_observers_size__ = SIZEOF (.sdh_stack_observers)
                0x000000000002b700                __stop_sdh_stack_observers = __sdh_stack_observers_end__
                0x000000000002b700                __sdh_stack_observers_load_end__ = __sdh_stack_observers_end__
                0x0000000000000001                . = ASSERT (((__sdh_stack_observers_start__ == __sdh_stack_observers_end__) || ((__sdh_stack_observers_end__ >= __FLASH_segment_start__) && (__sdh_stack_observers_end__ <= __FLASH_segment_end__))), error: .sdh_stack_observers is too large to fit in FLASH memory segment)
                0x000000000002b700                __sdh_req_observers_load_start__ = ALIGN (__sdh_stack_observers_end__, 0x4)

.sdh_req_observers
                0x000000000002b700        0x0
                0x000000000002b700                __sdh_req_observers_start__ = .
                0x000000000002b700                __start_sdh_req_observers = __sdh_req_observers_start__
 *(SORT_BY_NAME(.sdh_req_observers*))
                0x000000000002b700                __sdh_req_observers_end__ = (__sdh_req_observers_start__ + SIZEOF (.sdh_req_observers))
                0x0000000000000000                __sdh_req_observers_size__ = SIZEOF (.sdh_req_observers)
                0x000000000002b700                __stop_sdh_req_observers = __sdh_req_observers_end__
                0x000000000002b700                __sdh_req_observers_load_end__ = __sdh_req_observers_end__
                0x0000000000000001                . = ASSERT (((__sdh_req_observers_start__ == __sdh_req_observers_end__) || ((__sdh_req_observers_end__ >= __FLASH_segment_start__) && (__sdh_req_observers_end__ <= __FLASH_segment_end__))), error: .sdh_req_observers is too large to fit in FLASH memory segment)
                0x000000000002b700                __nrf_queue_load_start__ = ALIGN (__sdh_req_observers_end__, 0x4)

.nrf_queue      0x000000000002b700        0x0
                0x000000000002b700                __nrf_queue_start__ = .
                0x000000000002b700                __start_nrf_queue = __nrf_queue_start__
 *(.nrf_queue*)
                0x000000000002b700                __nrf_queue_end__ = (__nrf_queue_start__ + SIZEOF (.nrf_queue))
                0x0000000000000000                __nrf_queue_size__ = SIZEOF (.nrf_queue)
                0x000000000002b700                __stop_nrf_queue = __nrf_queue_end__
                0x000000000002b700                __nrf_queue_load_end__ = __nrf_queue_end__
                0x0000000000000001                . = ASSERT (((__nrf_queue_start__ == __nrf_queue_end__) || ((__nrf_queue_end__ >= __FLASH_segment_start__) && (__nrf_queue_end__ <= __FLASH_segment_end__))), error: .nrf_queue is too large to fit in FLASH memory segment)
                0x000000000002b700                __cli_command_load_start__ = ALIGN (__nrf_queue_end__, 0x4)

.cli_command    0x000000000002b700        0x0
                0x000000000002b700                __cli_command_start__ = .
                0x000000000002b700                __start_cli_command = __cli_command_start__
 *(.cli_command*)
                0x000000000002b700                __cli_command_end__ = (__cli_command_start__ + SIZEOF (.cli_command))
                0x0000000000000000                __cli_command_size__ = SIZEOF (.cli_command)
                0x000000000002b700                __stop_cli_command = __cli_command_end__
                0x000000000002b700                __cli_command_load_end__ = __cli_command_end__
                0x0000000000000001                . = ASSERT (((__cli_command_start__ == __cli_command_end__) || ((__cli_command_end__ >= __FLASH_segment_start__) && (__cli_command_end__ <= __FLASH_segment_end__))), error: .cli_command is too large to fit in FLASH memory segment)
                0x000000000002b700                __crypto_data_load_start__ = ALIGN (__cli_command_end__, 0x4)

.crypto_data    0x000000000002b700        0x0
                0x000000000002b700                __crypto_data_start__ = .
                0x000000000002b700                __start_crypto_data = __crypto_data_start__
 *(SORT_BY_NAME(.crypto_data*))
                0x000000000002b700                __crypto_data_end__ = (__crypto_data_start__ + SIZEOF (.crypto_data))
                0x0000000000000000                __crypto_data_size__ = SIZEOF (.crypto_data)
                0x000000000002b700                __stop_crypto_data = __crypto_data_end__
                0x000000000002b700                __crypto_data_load_end__ = __crypto_data_end__
                0x0000000000000001                . = ASSERT (((__crypto_data_start__ == __crypto_data_end__) || ((__crypto_data_end__ >= __FLASH_segment_start__) && (__crypto_data_end__ <= __FLASH_segment_end__))), error: .crypto_data is too large to fit in FLASH memory segment)
                0x000000000002b700                __nrf_sections_load_start__ = ALIGN (__crypto_data_end__, 0x4)

.nrf_sections   0x000000000002b700        0x0
                0x000000000002b700                __nrf_sections_start__ = .
                0x000000000002b700                __start_nrf_sections = __nrf_sections_start__
 *(.nrf_sections .nrf_sections.*)
                0x000000000002b700                __nrf_sections_end__ = (__nrf_sections_start__ + SIZEOF (.nrf_sections))
                0x0000000000000000                __nrf_sections_size__ = SIZEOF (.nrf_sections)
                0x000000000002b700                __nrf_sections_load_end__ = __nrf_sections_end__
                0x0000000000000001                . = ASSERT (((__nrf_sections_start__ == __nrf_sections_end__) || ((__nrf_sections_end__ >= __FLASH_segment_start__) && (__nrf_sections_end__ <= __FLASH_segment_end__))), error: .nrf_sections is too large to fit in FLASH memory segment)
                0x000000000002b700                __log_dynamic_data_load_start__ = ALIGN (__nrf_sections_end__, 0x4)

.log_dynamic_data
                0x0000000020006620       0x34 load address 0x000000000002b700
                0x0000000020006620                __log_dynamic_data_start__ = .
 *(SORT_BY_NAME(.log_dynamic_data*))
 .log_dynamic_data_CLOCK
                0x0000000020006620        0x4 Output/mPower Release/Obj/nrfx_clock.o
                0x0000000020006620                m_nrf_log_CLOCK_logs_data_dynamic
 .log_dynamic_data_GPIOTE
                0x0000000020006624        0x4 Output/mPower Release/Obj/nrfx_gpiote.o
                0x0000000020006624                m_nrf_log_GPIOTE_logs_data_dynamic
 .log_dynamic_data_PRS
                0x0000000020006628        0x4 Output/mPower Release/Obj/nrfx_prs.o
                0x0000000020006628                m_nrf_log_PRS_logs_data_dynamic
 .log_dynamic_data_UART
                0x000000002000662c        0x4 Output/mPower Release/Obj/nrfx_uart.o
                0x000000002000662c                m_nrf_log_UART_logs_data_dynamic
 .log_dynamic_data_UARTE
                0x0000000020006630        0x4 Output/mPower Release/Obj/nrfx_uarte.o
                0x0000000020006630                m_nrf_log_UARTE_logs_data_dynamic
 .log_dynamic_data_app
                0x0000000020006634        0x4 Output/mPower Release/Obj/nrf_log_frontend.o
                0x0000000020006634                m_nrf_log_app_logs_data_dynamic
 .log_dynamic_data_balloc_log_mempool
                0x0000000020006638        0x4 Output/mPower Release/Obj/nrf_log_frontend.o
                0x0000000020006638                m_nrf_log_balloc_log_mempool_logs_data_dynamic
 .log_dynamic_data_clock
                0x000000002000663c        0x4 Output/mPower Release/Obj/nrf_drv_clock.o
                0x000000002000663c                m_nrf_log_clock_logs_data_dynamic
 .log_dynamic_data_nrf_ble_gatt
                0x0000000020006640        0x4 Output/mPower Release/Obj/nrf_ble_gatt.o
                0x0000000020006640                m_nrf_log_nrf_ble_gatt_logs_data_dynamic
 .log_dynamic_data_nrf_sdh
                0x0000000020006644        0x4 Output/mPower Release/Obj/nrf_sdh.o
                0x0000000020006644                m_nrf_log_nrf_sdh_logs_data_dynamic
 .log_dynamic_data_nrf_sdh_ble
                0x0000000020006648        0x4 Output/mPower Release/Obj/nrf_sdh_ble.o
                0x0000000020006648                m_nrf_log_nrf_sdh_ble_logs_data_dynamic
 .log_dynamic_data_nrf_sdh_soc
                0x000000002000664c        0x4 Output/mPower Release/Obj/nrf_sdh_soc.o
                0x000000002000664c                m_nrf_log_nrf_sdh_soc_logs_data_dynamic
 .log_dynamic_data_pwr_mgmt
                0x0000000020006650        0x4 Output/mPower Release/Obj/nrf_pwr_mgmt.o
                0x0000000020006650                m_nrf_log_pwr_mgmt_logs_data_dynamic
                0x0000000020006654                __log_dynamic_data_end__ = (__log_dynamic_data_start__ + SIZEOF (.log_dynamic_data))
                0x0000000000000034                __log_dynamic_data_size__ = SIZEOF (.log_dynamic_data)
                0x000000000002b734                __log_dynamic_data_load_end__ = (__log_dynamic_data_load_start__ + SIZEOF (.log_dynamic_data))
                0x0000000000000001                . = ASSERT (((__log_dynamic_data_load_start__ == __log_dynamic_data_load_end__) || ((__log_dynamic_data_load_end__ >= __FLASH_segment_start__) && (__log_dynamic_data_load_end__ <= __FLASH_segment_end__))), error: .log_dynamic_data is too large to fit in FLASH memory segment)

.log_dynamic_data_run
                0x0000000020006620       0x34 load address 0x000000000002b700
                0x0000000020006620                __log_dynamic_data_run_start__ = .
                0x0000000020006620                __start_log_dynamic_data = __log_dynamic_data_run_start__
                0x0000000020006654                . = MAX ((__log_dynamic_data_run_start__ + SIZEOF (.log_dynamic_data)), .)
 *fill*         0x0000000020006620       0x34 
                0x0000000020006654                __log_dynamic_data_run_end__ = (__log_dynamic_data_run_start__ + SIZEOF (.log_dynamic_data_run))
                0x0000000000000034                __log_dynamic_data_run_size__ = SIZEOF (.log_dynamic_data_run)
                0x0000000020006654                __stop_log_dynamic_data = __log_dynamic_data_run_end__
                0x0000000020006654                __log_dynamic_data_run_load_end__ = __log_dynamic_data_run_end__
                0x0000000000000001                . = ASSERT (((__log_dynamic_data_run_start__ == __log_dynamic_data_run_end__) || ((__log_dynamic_data_run_end__ >= __RAM_segment_start__) && (__log_dynamic_data_run_end__ <= __RAM_segment_end__))), error: .log_dynamic_data_run is too large to fit in RAM memory segment)
                0x000000000002b734                __cli_sorted_cmd_ptrs_load_start__ = ALIGN ((__log_dynamic_data_load_start__ + SIZEOF (.log_dynamic_data)), 0x4)

.cli_sorted_cmd_ptrs
                0x0000000020006654        0x0 load address 0x000000000002b734
                0x0000000020006654                __cli_sorted_cmd_ptrs_start__ = .
 *(.cli_sorted_cmd_ptrs*)
                0x0000000020006654                __cli_sorted_cmd_ptrs_end__ = (__cli_sorted_cmd_ptrs_start__ + SIZEOF (.cli_sorted_cmd_ptrs))
                0x0000000000000000                __cli_sorted_cmd_ptrs_size__ = SIZEOF (.cli_sorted_cmd_ptrs)
                0x000000000002b734                __cli_sorted_cmd_ptrs_load_end__ = (__cli_sorted_cmd_ptrs_load_start__ + SIZEOF (.cli_sorted_cmd_ptrs))
                0x0000000000000001                . = ASSERT (((__cli_sorted_cmd_ptrs_load_start__ == __cli_sorted_cmd_ptrs_load_end__) || ((__cli_sorted_cmd_ptrs_load_end__ >= __FLASH_segment_start__) && (__cli_sorted_cmd_ptrs_load_end__ <= __FLASH_segment_end__))), error: .cli_sorted_cmd_ptrs is too large to fit in FLASH memory segment)

.cli_sorted_cmd_ptrs_run
                0x0000000020006654        0x0
                0x0000000020006654                __cli_sorted_cmd_ptrs_run_start__ = .
                0x0000000020006654                __start_cli_sorted_cmd_ptrs = __cli_sorted_cmd_ptrs_run_start__
                0x0000000020006654                . = MAX ((__cli_sorted_cmd_ptrs_run_start__ + SIZEOF (.cli_sorted_cmd_ptrs)), .)
                0x0000000020006654                __cli_sorted_cmd_ptrs_run_end__ = (__cli_sorted_cmd_ptrs_run_start__ + SIZEOF (.cli_sorted_cmd_ptrs_run))
                0x0000000000000000                __cli_sorted_cmd_ptrs_run_size__ = SIZEOF (.cli_sorted_cmd_ptrs_run)
                0x0000000020006654                __stop_cli_sorted_cmd_ptrs = __cli_sorted_cmd_ptrs_run_end__
                0x0000000020006654                __cli_sorted_cmd_ptrs_run_load_end__ = __cli_sorted_cmd_ptrs_run_end__
                0x0000000000000001                . = ASSERT (((__cli_sorted_cmd_ptrs_run_start__ == __cli_sorted_cmd_ptrs_run_end__) || ((__cli_sorted_cmd_ptrs_run_end__ >= __RAM_segment_start__) && (__cli_sorted_cmd_ptrs_run_end__ <= __RAM_segment_end__))), error: .cli_sorted_cmd_ptrs_run is too large to fit in RAM memory segment)
                0x000000000002b734                __fs_data_load_start__ = ALIGN ((__cli_sorted_cmd_ptrs_load_start__ + SIZEOF (.cli_sorted_cmd_ptrs)), 0x4)

.fs_data        0x0000000020006654        0x0 load address 0x000000000002b734
                0x0000000020006654                __fs_data_start__ = .
 *(.fs_data*)
                0x0000000020006654                __fs_data_end__ = (__fs_data_start__ + SIZEOF (.fs_data))
                0x0000000000000000                __fs_data_size__ = SIZEOF (.fs_data)
                0x000000000002b734                __fs_data_load_end__ = (__fs_data_load_start__ + SIZEOF (.fs_data))
                0x0000000000000001                . = ASSERT (((__fs_data_load_start__ == __fs_data_load_end__) || ((__fs_data_load_end__ >= __FLASH_segment_start__) && (__fs_data_load_end__ <= __FLASH_segment_end__))), error: .fs_data is too large to fit in FLASH memory segment)

.fs_data_run    0x0000000020006654        0x0
                0x0000000020006654                __fs_data_run_start__ = .
                0x0000000020006654                __start_fs_data = __fs_data_run_start__
                0x0000000020006654                . = MAX ((__fs_data_run_start__ + SIZEOF (.fs_data)), .)
                0x0000000020006654                __fs_data_run_end__ = (__fs_data_run_start__ + SIZEOF (.fs_data_run))
                0x0000000000000000                __fs_data_run_size__ = SIZEOF (.fs_data_run)
                0x0000000020006654                __stop_fs_data = __fs_data_run_end__
                0x0000000020006654                __fs_data_run_load_end__ = __fs_data_run_end__
                0x0000000000000001                . = ASSERT (((__fs_data_run_start__ == __fs_data_run_end__) || ((__fs_data_run_end__ >= __RAM_segment_start__) && (__fs_data_run_end__ <= __RAM_segment_end__))), error: .fs_data_run is too large to fit in RAM memory segment)
                0x0000000020006654                __nrf_sections_run_end_load_start__ = ALIGN (__fs_data_run_end__, 0x4)

.nrf_sections_run_end
                0x0000000020006654        0x0
                0x0000000020006654                __nrf_sections_run_end_start__ = .
                0x0000000020006654                __end_nrf_sections_run = __nrf_sections_run_end_start__
 *(.nrf_sections_run_end .nrf_sections_run_end.*)
                0x0000000020006654                __nrf_sections_run_end_end__ = (__nrf_sections_run_end_start__ + SIZEOF (.nrf_sections_run_end))
                0x0000000000000000                __nrf_sections_run_end_size__ = SIZEOF (.nrf_sections_run_end)
                0x0000000020006654                __nrf_sections_run_end_load_end__ = __nrf_sections_run_end_end__
                0x0000000000000001                . = ASSERT (((__nrf_sections_run_end_start__ == __nrf_sections_run_end_end__) || ((__nrf_sections_run_end_end__ >= __RAM_segment_start__) && (__nrf_sections_run_end_end__ <= __RAM_segment_end__))), error: .nrf_sections_run_end is too large to fit in RAM memory segment)
                0x000000000002b734                __dtors_load_start__ = ALIGN ((__fs_data_load_start__ + SIZEOF (.fs_data)), 0x4)

.dtors          0x000000000002b734        0x0
                0x000000000002b734                __dtors_start__ = .
 *(SORT_BY_NAME(.dtors.*))
 *(.dtors)
 *(.fini_array)
 *(SORT_BY_NAME(.fini_array.*))
                0x000000000002b734                __dtors_end__ = (__dtors_start__ + SIZEOF (.dtors))
                0x0000000000000000                __dtors_size__ = SIZEOF (.dtors)
                0x000000000002b734                __dtors_load_end__ = __dtors_end__
                0x0000000000000001                . = ASSERT (((__dtors_start__ == __dtors_end__) || ((__dtors_end__ >= __FLASH_segment_start__) && (__dtors_end__ <= __FLASH_segment_end__))), error: .dtors is too large to fit in FLASH memory segment)
                0x000000000002b734                __ctors_load_start__ = ALIGN (__dtors_end__, 0x4)

.ctors          0x000000000002b734        0x0
                0x000000000002b734                __ctors_start__ = .
 *(SORT_BY_NAME(.ctors.*))
 *(.ctors)
 *(.init_array)
 *(SORT_BY_NAME(.init_array.*))
                0x000000000002b734                __ctors_end__ = (__ctors_start__ + SIZEOF (.ctors))
                0x0000000000000000                __ctors_size__ = SIZEOF (.ctors)
                0x000000000002b734                __ctors_load_end__ = __ctors_end__
                0x0000000000000001                . = ASSERT (((__ctors_start__ == __ctors_end__) || ((__ctors_end__ >= __FLASH_segment_start__) && (__ctors_end__ <= __FLASH_segment_end__))), error: .ctors is too large to fit in FLASH memory segment)
                0x000000000002b734                __rodata_load_start__ = ALIGN (__ctors_end__, 0x4)

.rodata         0x000000000002b734     0x11f8
                0x000000000002b734                __rodata_start__ = .
 *(.rodata .rodata.* .gnu.linkonce.r.*)
 *fill*         0x000000000002b734        0xc 
 .rodata.delay_bytecode.8486
                0x000000000002b740        0x6 Output/mPower Release/Obj/nrf_log_backend_rtt.o
 *fill*         0x000000000002b746        0x2 
 .rodata.nrf_log_backend_rtt_api
                0x000000000002b748        0xc Output/mPower Release/Obj/nrf_log_backend_rtt.o
                0x000000000002b748                nrf_log_backend_rtt_api
 .rodata        0x000000000002b754       0x20 Output/mPower Release/Obj/nrf_log_backend_uart.o
 .rodata.nrf_log_backend_uart_api
                0x000000000002b774        0xc Output/mPower Release/Obj/nrf_log_backend_uart.o
                0x000000000002b774                nrf_log_backend_uart_api
 .rodata.nrf_log_frontend_dequeue.str1.1
                0x000000000002b780       0x11 Output/mPower Release/Obj/nrf_log_frontend.o
 .rodata.str1.1
                0x000000000002b791       0x17 Output/mPower Release/Obj/nrf_log_frontend.o
 .rodata.m_colors
                0x000000000002b7a8       0x24 Output/mPower Release/Obj/nrf_log_str_formatter.o
 .rodata.nrf_log_hexdump_entry_process.str1.1
                0x000000000002b7cc        0xf Output/mPower Release/Obj/nrf_log_str_formatter.o
                                         0x11 (size before relaxing)
 .rodata.postfix_process.str1.1
                0x000000000002b7db        0x8 Output/mPower Release/Obj/nrf_log_str_formatter.o
                                          0xb (size before relaxing)
 .rodata.prefix_process.str1.1
                0x000000000002b7e3       0x2a Output/mPower Release/Obj/nrf_log_str_formatter.o
 *fill*         0x000000000002b80d        0x3 
 .rodata.severity_names
                0x000000000002b810       0x14 Output/mPower Release/Obj/nrf_log_str_formatter.o
 .rodata.str1.1
                0x000000000002b824       0x4b Output/mPower Release/Obj/nrf_log_str_formatter.o
                                         0x51 (size before relaxing)
 *fill*         0x000000000002b86f        0x1 
 .rodata.m_detection_delay_timer_id
                0x000000000002b870        0x4 Output/mPower Release/Obj/app_button.o
 .rodata.app_error_fault_handler.str1.1
                0x000000000002b874       0x19 Output/mPower Release/Obj/app_error_weak.o
 *fill*         0x000000000002b88d        0x3 
 .rodata.delay_bytecode.8215
                0x000000000002b890        0x6 Output/mPower Release/Obj/app_timer.o
 .rodata._aV2C.7427
                0x000000000002b896       0x10 Output/mPower Release/Obj/nrf_fprintf_format.o
 *fill*         0x000000000002b8a6        0x2 
 .rodata.pwr_mgmt_data
                0x000000000002b8a8        0xc Output/mPower Release/Obj/nrf_pwr_mgmt.o
 .rodata.str1.1
                0x000000000002b8b4        0x9 Output/mPower Release/Obj/nrf_pwr_mgmt.o
 .rodata.m_unknown_str
                0x000000000002b8bd       0x13 Output/mPower Release/Obj/nrf_strerror.o
 .rodata.nrf_strerror_array
                0x000000000002b8d0      0x128 Output/mPower Release/Obj/nrf_strerror.o
 .rodata.str1.1
                0x000000000002b9f8      0x3ba Output/mPower Release/Obj/nrf_strerror.o
 .rodata.m_board_led_list
                0x000000000002bdb2        0x4 Output/mPower Release/Obj/boards.o
 .rodata.str1.1
                0x000000000002bdb6        0x6 Output/mPower Release/Obj/nrf_drv_clock.o
 .rodata.str1.1
                0x000000000002bdbc        0x6 Output/mPower Release/Obj/nrfx_clock.o
 .rodata.str1.1
                0x000000000002bdc2        0x7 Output/mPower Release/Obj/nrfx_gpiote.o
 .rodata.str1.1
                0x000000000002bdc9        0x4 Output/mPower Release/Obj/nrfx_prs.o
 .rodata.str1.1
                0x000000000002bdcd        0x5 Output/mPower Release/Obj/nrfx_uart.o
 .rodata.str1.1
                0x000000000002bdd2        0x6 Output/mPower Release/Obj/nrfx_uarte.o
 .rodata.ble_evt_handler.str1.1
                0x000000000002bdd8       0xb4 Output/mPower Release/Obj/main.o
 .rodata.button_event_handler.str1.1
                0x000000000002be8c       0x67 Output/mPower Release/Obj/main.o
 .rodata.main.str1.1
                0x000000000002bef3       0x17 Output/mPower Release/Obj/main.o
 .rodata.onNewCommand.str1.1
                0x000000000002bf0a      0x100 Output/mPower Release/Obj/main.o
 .rodata        0x000000000002c00a       0x10 Output/mPower Release/Obj/our_service.o
 .rodata.our_notification.str1.1
                0x000000000002c01a       0x35 Output/mPower Release/Obj/our_service.o
 .rodata.our_service_init.str1.1
                0x000000000002c04f       0x21 Output/mPower Release/Obj/our_service.o
 .rodata._DoInit.str1.1
                0x000000000002c070       0x14 Output/mPower Release/Obj/SEGGER_RTT.o
 .rodata.data_length_update.str1.1
                0x000000000002c084      0x10e Output/mPower Release/Obj/nrf_ble_gatt.o
 .rodata.nrf_ble_gatt_on_ble_evt.str1.1
                0x000000000002c192      0x298 Output/mPower Release/Obj/nrf_ble_gatt.o
 .rodata.str1.1
                0x000000000002c42a        0xd Output/mPower Release/Obj/nrf_ble_gatt.o
 .rodata        0x000000000002c437        0x4 Output/mPower Release/Obj/nrf_sdh.o
 *fill*         0x000000000002c43b        0x1 
 .rodata.sdh_req_observers
                0x000000000002c43c        0xc Output/mPower Release/Obj/nrf_sdh.o
 .rodata.sdh_stack_observers
                0x000000000002c448        0xc Output/mPower Release/Obj/nrf_sdh.o
 .rodata.sdh_state_observers
                0x000000000002c454        0xc Output/mPower Release/Obj/nrf_sdh.o
 .rodata.str1.1
                0x000000000002c460        0x8 Output/mPower Release/Obj/nrf_sdh.o
 .rodata.nrf_sdh_ble_default_cfg_set.str1.1
                0x000000000002c468      0x182 Output/mPower Release/Obj/nrf_sdh_ble.o
 .rodata.nrf_sdh_ble_enable.str1.1
                0x000000000002c5ea       0xa7 Output/mPower Release/Obj/nrf_sdh_ble.o
 *fill*         0x000000000002c691        0x3 
 .rodata.sdh_ble_observers
                0x000000000002c694        0xc Output/mPower Release/Obj/nrf_sdh_ble.o
 .rodata.str1.1
                0x000000000002c6a0        0xc Output/mPower Release/Obj/nrf_sdh_ble.o
 .rodata.sdh_soc_observers
                0x000000000002c6ac        0xc Output/mPower Release/Obj/nrf_sdh_soc.o
 .rodata.str1.1
                0x000000000002c6b8        0xc Output/mPower Release/Obj/nrf_sdh_soc.o
 .rodata.libc.__RAL_ascii_ctype_map
                0x000000000002c6c4       0x80 C:/Program Files/SEGGER/SEGGER Embedded Studio for ARM 3.52a/lib/libc_v7em_fpv4_sp_d16_hard_t_le_eabi.a(libc2.o)
                0x000000000002c6c4                __RAL_ascii_ctype_map
 .rodata.libc.__RAL_ascii_ctype_mask
                0x000000000002c744        0xd C:/Program Files/SEGGER/SEGGER Embedded Studio for ARM 3.52a/lib/libc_v7em_fpv4_sp_d16_hard_t_le_eabi.a(libc2.o)
 *fill*         0x000000000002c751        0x3 
 .rodata.libc.__RAL_c_locale
                0x000000000002c754        0xc C:/Program Files/SEGGER/SEGGER Embedded Studio for ARM 3.52a/lib/libc_v7em_fpv4_sp_d16_hard_t_le_eabi.a(libc2.o)
                0x000000000002c754                __RAL_c_locale
 .rodata.libc.__RAL_c_locale_abbrev_day_names
                0x000000000002c760       0x1d C:/Program Files/SEGGER/SEGGER Embedded Studio for ARM 3.52a/lib/libc_v7em_fpv4_sp_d16_hard_t_le_eabi.a(libc2.o)
                0x000000000002c760                __RAL_c_locale_abbrev_day_names
 *fill*         0x000000000002c77d        0x3 
 .rodata.libc.__RAL_c_locale_abbrev_month_names
                0x000000000002c780       0x31 C:/Program Files/SEGGER/SEGGER Embedded Studio for ARM 3.52a/lib/libc_v7em_fpv4_sp_d16_hard_t_le_eabi.a(libc2.o)
                0x000000000002c780                __RAL_c_locale_abbrev_month_names
 *fill*         0x000000000002c7b1        0x3 
 .rodata.libc.__RAL_c_locale_am_pm_indicator
                0x000000000002c7b4        0x7 C:/Program Files/SEGGER/SEGGER Embedded Studio for ARM 3.52a/lib/libc_v7em_fpv4_sp_d16_hard_t_le_eabi.a(libc2.o)
                0x000000000002c7b4                __RAL_c_locale_am_pm_indicator
 *fill*         0x000000000002c7bb        0x1 
 .rodata.libc.__RAL_c_locale_data
                0x000000000002c7bc       0x58 C:/Program Files/SEGGER/SEGGER Embedded Studio for ARM 3.52a/lib/libc_v7em_fpv4_sp_d16_hard_t_le_eabi.a(libc2.o)
                0x000000000002c7bc                __RAL_c_locale_data
 .rodata.libc.__RAL_c_locale_date_format
                0x000000000002c814        0x9 C:/Program Files/SEGGER/SEGGER Embedded Studio for ARM 3.52a/lib/libc_v7em_fpv4_sp_d16_hard_t_le_eabi.a(libc2.o)
                0x000000000002c814                __RAL_c_locale_date_format
 *fill*         0x000000000002c81d        0x3 
 .rodata.libc.__RAL_c_locale_date_time_format
                0x000000000002c820        0xf C:/Program Files/SEGGER/SEGGER Embedded Studio for ARM 3.52a/lib/libc_v7em_fpv4_sp_d16_hard_t_le_eabi.a(libc2.o)
                0x000000000002c820                __RAL_c_locale_date_time_format
 *fill*         0x000000000002c82f        0x1 
 .rodata.libc.__RAL_c_locale_day_names
                0x000000000002c830       0x3a C:/Program Files/SEGGER/SEGGER Embedded Studio for ARM 3.52a/lib/libc_v7em_fpv4_sp_d16_hard_t_le_eabi.a(libc2.o)
                0x000000000002c830                __RAL_c_locale_day_names
 *fill*         0x000000000002c86a        0x2 
 .rodata.libc.__RAL_c_locale_month_names
                0x000000000002c86c       0x57 C:/Program Files/SEGGER/SEGGER Embedded Studio for ARM 3.52a/lib/libc_v7em_fpv4_sp_d16_hard_t_le_eabi.a(libc2.o)
                0x000000000002c86c                __RAL_c_locale_month_names
 *fill*         0x000000000002c8c3        0x1 
 .rodata.libc.__RAL_c_locale_time_format
                0x000000000002c8c4        0x9 C:/Program Files/SEGGER/SEGGER Embedded Studio for ARM 3.52a/lib/libc_v7em_fpv4_sp_d16_hard_t_le_eabi.a(libc2.o)
                0x000000000002c8c4                __RAL_c_locale_time_format
 *fill*         0x000000000002c8cd        0x3 
 .rodata.libc.__RAL_codeset_ascii
                0x000000000002c8d0       0x20 C:/Program Files/SEGGER/SEGGER Embedded Studio for ARM 3.52a/lib/libc_v7em_fpv4_sp_d16_hard_t_le_eabi.a(libc2.o)
                0x000000000002c8d0                __RAL_codeset_ascii
 .rodata.libc.__RAL_data_empty_string
                0x000000000002c8f0        0x1 C:/Program Files/SEGGER/SEGGER Embedded Studio for ARM 3.52a/lib/libc_v7em_fpv4_sp_d16_hard_t_le_eabi.a(libc2.o)
                0x000000000002c8f0                __RAL_data_empty_string
 *fill*         0x000000000002c8f1        0x3 
 .rodata.libc.__RAL_data_utf8_period
                0x000000000002c8f4        0x2 C:/Program Files/SEGGER/SEGGER Embedded Studio for ARM 3.52a/lib/libc_v7em_fpv4_sp_d16_hard_t_le_eabi.a(libc2.o)
                0x000000000002c8f4                __RAL_data_utf8_period
 *fill*         0x000000000002c8f6        0x2 
 .rodata.libc.__RAL_find_locale.str1.4
                0x000000000002c8f8        0xa C:/Program Files/SEGGER/SEGGER Embedded Studio for ARM 3.52a/lib/libc_v7em_fpv4_sp_d16_hard_t_le_eabi.a(libc2.o)
 *fill*         0x000000000002c902        0x2 
 .rodata.libc.__RAL_hex_lc
                0x000000000002c904       0x10 C:/Program Files/SEGGER/SEGGER Embedded Studio for ARM 3.52a/lib/libc_v7em_fpv4_sp_d16_hard_t_le_eabi.a(libc2.o)
                0x000000000002c904                __RAL_hex_lc
 .rodata.libc.__RAL_hex_uc
                0x000000000002c914       0x10 C:/Program Files/SEGGER/SEGGER Embedded Studio for ARM 3.52a/lib/libc_v7em_fpv4_sp_d16_hard_t_le_eabi.a(libc2.o)
                0x000000000002c914                __RAL_hex_uc
 .rodata.libc.__vfprintf_int.str1.4
                0x000000000002c924        0x8 C:/Program Files/SEGGER/SEGGER Embedded Studio for ARM 3.52a/lib/libvfprintf_v7em_fpv4_sp_d16_hard_t_le_eabi.o
                                          0x7 (size before relaxing)
                0x000000000002c92c                __rodata_end__ = (__rodata_start__ + SIZEOF (.rodata))
                0x00000000000011f8                __rodata_size__ = SIZEOF (.rodata)
                0x000000000002c92c                __rodata_load_end__ = __rodata_end__

.rel.dyn        0x000000000002c92c        0x0
 .rel.iplt      0x000000000002c92c        0x0 Output/mPower Release/Obj/thumb_crt0.o
                0x0000000000000001                . = ASSERT (((__rodata_start__ == __rodata_end__) || ((__rodata_end__ >= __FLASH_segment_start__) && (__rodata_end__ <= __FLASH_segment_end__))), error: .rodata is too large to fit in FLASH memory segment)
                0x000000000002c92c                __ARM.exidx_load_start__ = ALIGN (__rodata_end__, 0x4)

.ARM.exidx      0x000000000002c92c        0x0
                0x000000000002c92c                __ARM.exidx_start__ = .
                0x000000000002c92c                __exidx_start = __ARM.exidx_start__
 *(.ARM.exidx .ARM.exidx.*)
                0x000000000002c92c                __ARM.exidx_end__ = (__ARM.exidx_start__ + SIZEOF (.ARM.exidx))
                0x0000000000000000                __ARM.exidx_size__ = SIZEOF (.ARM.exidx)
                0x000000000002c92c                __exidx_end = __ARM.exidx_end__
                0x000000000002c92c                __ARM.exidx_load_end__ = __ARM.exidx_end__
                0x0000000000000001                . = ASSERT (((__ARM.exidx_start__ == __ARM.exidx_end__) || ((__ARM.exidx_end__ >= __FLASH_segment_start__) && (__ARM.exidx_end__ <= __FLASH_segment_end__))), error: .ARM.exidx is too large to fit in FLASH memory segment)
                0x000000000002c92c                __fast_load_start__ = ALIGN (__ARM.exidx_end__, 0x4)

.fast           0x0000000020006654        0x0 load address 0x000000000002c92c
                0x0000000020006654                __fast_start__ = .
 *(.fast .fast.*)
                0x0000000020006654                __fast_end__ = (__fast_start__ + SIZEOF (.fast))
                0x0000000000000000                __fast_size__ = SIZEOF (.fast)
                0x000000000002c92c                __fast_load_end__ = (__fast_load_start__ + SIZEOF (.fast))