Archive member included to satisfy reference by file (symbol)

C:/Program Files/SEGGER/SEGGER Embedded Studio for ARM 3.52a/lib/libc_v7em_fpv4_sp_d16_hard_t_le_eabi.a(libc2.o)
                              Output/mPower Release/Obj/nrf_log_str_formatter.o (isprint)
C:/Program Files/SEGGER/SEGGER Embedded Studio for ARM 3.52a/lib/libc_v7em_fpv4_sp_d16_hard_t_le_eabi.a(libc2_asm.o)
                              Output/mPower Release/Obj/nrf_log_frontend.o (memcpy)
C:/Program Files/SEGGER/SEGGER Embedded Studio for ARM 3.52a/lib/libc_v7em_fpv4_sp_d16_hard_t_le_eabi.a(libc.o)
                              C:/Program Files/SEGGER/SEGGER Embedded Studio for ARM 3.52a/lib/libc_v7em_fpv4_sp_d16_hard_t_le_eabi.a(libc2.o) (__heap_lock)
C:/Program Files/SEGGER/SEGGER Embedded Studio for ARM 3.52a/lib/libc_v7em_fpv4_sp_d16_hard_t_le_eabi.a(libc_asm.o)
                              C:/Program Files/SEGGER/SEGGER Embedded Studio for ARM 3.52a/lib/libc_v7em_fpv4_sp_d16_hard_t_le_eabi.a(libc2.o) (__aeabi_uldivmod)
C:/Program Files/SEGGER/SEGGER Embedded Studio for ARM 3.52a/lib/libdebugio_v7em_fpv4_sp_d16_hard_t_le_eabi.a(libdebugio.o)
                              Output/mPower Release/Obj/thumb_crt0.o (debug_fopen)
C:/Program Files/SEGGER/SEGGER Embedded Studio for ARM 3.52a/lib/libdebugio_mempoll_v7em_fpv4_sp_d16_hard_t_le_eabi.a(mempoll_debug_operations.o)
                              C:/Program Files/SEGGER/SEGGER Embedded Studio for ARM 3.52a/lib/libdebugio_v7em_fpv4_sp_d16_hard_t_le_eabi.a(libdebugio.o) (__do_debug_operation)
C:/Program Files/SEGGER/SEGGER Embedded Studio for ARM 3.52a/lib/libdebugio_mempoll_v7em_fpv4_sp_d16_hard_t_le_eabi.a(do_nv_debug_operation.o)
                              C:/Program Files/SEGGER/SEGGER Embedded Studio for ARM 3.52a/lib/libdebugio_v7em_fpv4_sp_d16_hard_t_le_eabi.a(libdebugio.o) (__do_nvdebug_operation)
C:/Program Files/SEGGER/SEGGER Embedded Studio for ARM 3.52a/lib/libm_v7em_fpv4_sp_d16_hard_t_le_eabi.a(libm_asm.o)
                              C:/Program Files/SEGGER/SEGGER Embedded Studio for ARM 3.52a/lib/libc_v7em_fpv4_sp_d16_hard_t_le_eabi.a(libc2.o) (__aeabi_i2d)
C:/Program Files/SEGGER/SEGGER Embedded Studio for ARM 3.52a/lib/libm_v7em_fpv4_sp_d16_hard_t_le_eabi.a(libm2.o)
                              C:/Program Files/SEGGER/SEGGER Embedded Studio for ARM 3.52a/lib/libvfprintf_v7em_fpv4_sp_d16_hard_t_le_eabi.o (frexp)
C:/Program Files/SEGGER/SEGGER Embedded Studio for ARM 3.52a/lib/libm_v7em_fpv4_sp_d16_hard_t_le_eabi.a(libm2_asm.o)
                              C:/Program Files/SEGGER/SEGGER Embedded Studio for ARM 3.52a/lib/libm_v7em_fpv4_sp_d16_hard_t_le_eabi.a(libm2.o) (fabs)

Discarded input sections

 .text          0x0000000000000000        0x0 Output/mPower Release/Obj/thumb_crt0.o
 .data          0x0000000000000000        0x0 Output/mPower Release/Obj/thumb_crt0.o
 .bss           0x0000000000000000        0x0 Output/mPower Release/Obj/thumb_crt0.o
 .text.__aeabi_read_tp
                0x0000000000000000        0x8 Output/mPower Release/Obj/thumb_crt0.o
 .text.abort    0x0000000000000000        0x2 Output/mPower Release/Obj/thumb_crt0.o
 .text.__assert
                0x0000000000000000        0x2 Output/mPower Release/Obj/thumb_crt0.o
 .text.__aeabi_assert
                0x0000000000000000        0x2 Output/mPower Release/Obj/thumb_crt0.o
 .text.__sync_synchronize
                0x0000000000000000        0x2 Output/mPower Release/Obj/thumb_crt0.o
 .text.__getchar
                0x0000000000000000        0x4 Output/mPower Release/Obj/thumb_crt0.o
 .text.__putchar
                0x0000000000000000        0x4 Output/mPower Release/Obj/thumb_crt0.o
 .text.__open   0x0000000000000000        0x4 Output/mPower Release/Obj/thumb_crt0.o
 .text.__close  0x0000000000000000        0x4 Output/mPower Release/Obj/thumb_crt0.o
 .text.__write  0x0000000000000000        0xa Output/mPower Release/Obj/thumb_crt0.o
 .text.__read   0x0000000000000000        0xa Output/mPower Release/Obj/thumb_crt0.o
 .text.__seek   0x0000000000000000       0x1a Output/mPower Release/Obj/thumb_crt0.o
 .bss.__user_locale_name_buffer
                0x0000000000000000        0x4 Output/mPower Release/Obj/thumb_crt0.o
 .stack         0x0000000000000000        0x0 Output/mPower Release/Obj/thumb_crt0.o
 .stack_process
                0x0000000000000000        0x0 Output/mPower Release/Obj/thumb_crt0.o
 .heap          0x0000000000000000        0x0 Output/mPower Release/Obj/thumb_crt0.o
 .group         0x0000000000000000        0xc Output/mPower Release/Obj/nrf_log_backend_rtt.o
 .group         0x0000000000000000        0xc Output/mPower Release/Obj/nrf_log_backend_rtt.o
 .group         0x0000000000000000        0xc Output/mPower Release/Obj/nrf_log_backend_rtt.o
 .group         0x0000000000000000        0xc Output/mPower Release/Obj/nrf_log_backend_rtt.o
 .group         0x0000000000000000        0xc Output/mPower Release/Obj/nrf_log_backend_rtt.o
[...]
Memory Configuration

Name             Origin             Length             Attributes
UNPLACED_SECTIONS 0x0000000100000000 0x0000000000000000 xw
RAM              0x0000000020000000 0x0000000000010000 xw
FLASH            0x0000000000000000 0x0000000000080000 xw
*default*        0x0000000000000000 0xffffffffffffffff

Linker script and memory map

                0x0000000000000000                __vfprintf = __vfprintf_long
                0x0000000000000000                __vfscanf = __vfscanf_int
                0x0000000020000000                __RAM_segment_start__ = 0x20000000
                0x0000000020010000                __RAM_segment_end__ = 0x20010000
                0x0000000000010000                __RAM_segment_size__ = 0x10000
                0x0000000000000000                __FLASH_segment_start__ = 0x0
                0x0000000000080000                __FLASH_segment_end__ = 0x80000
                0x0000000000080000                __FLASH_segment_size__ = 0x80000
                0x0000000000002000                __HEAPSIZE__ = 0x2000
                0x0000000000000000                __STACKSIZE_PROCESS__ = 0x0
                0x0000000000002000                __STACKSIZE__ = 0x2000
                0x0000000020000000                __reserved_ram_load_start__ = 0x20000000

.reserved_ram   0x0000000020000000     0x3770
                0x0000000020000000                __reserved_ram_start__ = .
 *(.reserved_ram .reserved_ram.*)
                0x0000000020003770                . = MAX (((__reserved_ram_start__ + 0x20003770) - 0x20000000), .)
 *fill*         0x0000000020000000     0x3770 
                0x0000000020003770                __reserved_ram_end__ = (__reserved_ram_start__ + SIZEOF (.reserved_ram))
                0x0000000000003770                __reserved_ram_size__ = SIZEOF (.reserved_ram)
                0x0000000020003770                __reserved_ram_load_end__ = __reserved_ram_end__
                0x0000000000000001                . = ASSERT (((__reserved_ram_start__ == __reserved_ram_end__) || ((__reserved_ram_end__ >= __RAM_segment_start__) && (__reserved_ram_end__ <= __RAM_segment_end__))), error: .reserved_ram is too large to fit in RAM memory segment)
                0x0000000020003770                __vectors_ram_load_start__ = 0x20003770

.vectors_ram    0x0000000020003770        0x0
                0x0000000020003770                __vectors_ram_start__ = .
                0x0000000020003770                __app_ram_start__ = __vectors_ram_start__
 *(.vectors_ram .vectors_ram.*)
                0x0000000020003770                __vectors_ram_end__ = (__vectors_ram_start__ + SIZEOF (.vectors_ram))
                0x0000000000000000                __vectors_ram_size__ = SIZEOF (.vectors_ram)
                0x0000000020003770                __vectors_ram_load_end__ = __vectors_ram_end__
                0x0000000000000001                . = ASSERT (((__vectors_ram_start__ == __vectors_ram_end__) || ((__vectors_ram_end__ >= __RAM_segment_start__) && (__vectors_ram_end__ <= __RAM_segment_end__))), error: .vectors_ram is too large to fit in RAM memory segment)
                0x0000000000000001                . = ASSERT ((__reserved_ram_end__ <= __vectors_ram_start__), error: section .reserved_ram overlaps absolute placed section .vectors_ram)
                0x0000000020003770                __nrf_sections_run_load_start__ = ALIGN (__vectors_ram_end__, 0x4)

.nrf_sections_run
                0x0000000020003770        0x0
                0x0000000020003770                __nrf_sections_run_start__ = .
                0x0000000020003770                __start_nrf_sections_run = __nrf_sections_run_start__
 *(.nrf_sections_run .nrf_sections_run.*)
                0x0000000020003770                __nrf_sections_run_end__ = (__nrf_sections_run_start__ + SIZEOF (.nrf_sections_run))
                0x0000000000000000                __nrf_sections_run_size__ = SIZEOF (.nrf_sections_run)
                0x0000000020003770                __nrf_sections_run_load_end__ = __nrf_sections_run_end__
                0x0000000000000001                . = ASSERT (((__nrf_sections_run_start__ == __nrf_sections_run_end__) || ((__nrf_sections_run_end__ >= __RAM_segment_start__) && (__nrf_sections_run_end__ <= __RAM_segment_end__))), error: .nrf_sections_run is too large to fit in RAM memory segment)
                0x0000000000000000                __reserved_flash_load_start__ = 0x0

.reserved_flash
                0x0000000000000000    0x26000
                0x0000000000000000                __reserved_flash_start__ = .
 *(.reserved_flash .reserved_flash.*)
                0x0000000000026000                . = MAX (((__reserved_flash_start__ + 0x26000) - 0x0), .)
 *fill*         0x0000000000000000    0x26000 
                0x0000000000026000                __reserved_flash_end__ = (__reserved_flash_start__ + SIZEOF (.reserved_flash))
                0x0000000000026000                __reserved_flash_size__ = SIZEOF (.reserved_flash)
                0x0000000000026000                __reserved_flash_load_end__ = __reserved_flash_end__
                0x0000000000000001                . = ASSERT (((__reserved_flash_start__ == __reserved_flash_end__) || ((__reserved_flash_end__ >= __FLASH_segment_start__) && (__reserved_flash_end__ <= __FLASH_segment_end__))), error: .reserved_flash is too large to fit in FLASH memory segment)
                0x0000000000026000                __vectors_load_start__ = 0x26000

.vectors        0x0000000000026000       0xdc
                0x0000000000026000                __vectors_start__ = .
 *(.vectors .vectors.*)
 .vectors       0x0000000000026000       0xdc Output/mPower Release/Obj/ses_nrf52_Vectors.o
                0x0000000000026000                _vectors
                0x00000000000260dc                __vectors_end__ = (__vectors_start__ + SIZEOF (.vectors))
                0x00000000000000dc                __vectors_size__ = SIZEOF (.vectors)
                0x00000000000260dc                __vectors_load_end__ = __vectors_end__
                0x0000000000000001                . = ASSERT (((__vectors_start__ == __vectors_end__) || ((__vectors_end__ >= __FLASH_segment_start__) && (__vectors_end__ <= __FLASH_segment_end__))), error: .vectors is too large to fit in FLASH memory segment)
                0x0000000000000001                . = ASSERT ((__reserved_flash_end__ <= __vectors_start__), error: section .reserved_flash overlaps absolute placed section .vectors)
                0x00000000000260dc                __init_load_start__ = ALIGN (__vectors_end__, 0x4)

.init           0x00000000000260dc      0x218
                0x00000000000260dc                __init_start__ = .
 *(.init .init.*)
 .init          0x00000000000260dc      0x160 Output/mPower Release/Obj/thumb_crt0.o
                0x00000000000260dc                _start
                0x0000000000026192                exit
 .init          0x000000000002623c       0x58 Output/mPower Release/Obj/ses_nRF_Startup.o
                0x000000000002623c                Reset_Handler
                0x0000000000026260                InitializeUserMemorySections
 .init          0x0000000000026294       0x60 Output/mPower Release/Obj/ses_nrf52_Vectors.o
                0x0000000000026294                NMI_Handler
                0x0000000000026296                HardFault_Handler
                0x0000000000026298                MemoryManagement_Handler
                0x000000000002629a                BusFault_Handler
                0x000000000002629c                UsageFault_Handler
                0x000000000002629e                SVC_Handler
                0x00000000000262a0                DebugMon_Handler
                0x00000000000262a2                PendSV_Handler
                0x00000000000262a4                SysTick_Handler
                0x00000000000262aa                RADIO_IRQHandler
                0x00000000000262ae                SPIM0_SPIS0_TWIM0_TWIS0_SPI0_TWI0_IRQHandler
                0x00000000000262b0                SPIM1_SPIS1_TWIM1_TWIS1_SPI1_TWI1_IRQHandler
                0x00000000000262b2                NFCT_IRQHandler
                0x00000000000262b6                SAADC_IRQHandler
                0x00000000000262b8                TIMER0_IRQHandler
                0x00000000000262ba                TIMER1_IRQHandler
                0x00000000000262bc                TIMER2_IRQHandler
                0x00000000000262be                RTC0_IRQHandler
                0x00000000000262c0                TEMP_IRQHandler
                0x00000000000262c2                RNG_IRQHandler
                0x00000000000262c4                ECB_IRQHandler
                0x00000000000262c6                CCM_AAR_IRQHandler
                0x00000000000262c8                WDT_IRQHandler
                0x00000000000262cc                QDEC_IRQHandler
                0x00000000000262ce                COMP_LPCOMP_IRQHandler
                0x00000000000262d2                SWI1_EGU1_IRQHandler
                0x00000000000262d6                SWI3_EGU3_IRQHandler
                0x00000000000262d8                SWI4_EGU4_IRQHandler
                0x00000000000262da                SWI5_EGU5_IRQHandler
                0x00000000000262dc                TIMER3_IRQHandler
                0x00000000000262de                TIMER4_IRQHandler
                0x00000000000262e0                PWM0_IRQHandler
                0x00000000000262e2                PDM_IRQHandler
                0x00000000000262e4                MWU_IRQHandler
                0x00000000000262e6                PWM1_IRQHandler
                0x00000000000262e8                PWM2_IRQHandler
                0x00000000000262ea                SPIM2_SPIS2_SPI2_IRQHandler
                0x00000000000262ec                RTC2_IRQHandler
                0x00000000000262ee                I2S_IRQHandler
                0x00000000000262f0                FPU_IRQHandler
                0x00000000000262f4                __init_end__ = (__init_start__ + SIZEOF (.init))
                0x0000000000000218                __init_size__ = SIZEOF (.init)
                0x00000000000262f4                __init_load_end__ = __init_end__
                0x0000000000000001                . = ASSERT (((__init_start__ == __init_end__) || ((__init_end__ >= __FLASH_segment_start__) && (__init_end__ <= __FLASH_segment_end__))), error: .init is too large to fit in FLASH memory segment)
                0x00000000000262f4                __init_rodata_load_start__ = ALIGN (__init_end__, 0x4)

.init_rodata    0x00000000000262f4        0x0
                0x00000000000262f4                __init_rodata_start__ = .
 *(.init_rodata .init_rodata.*)
                0x00000000000262f4                __init_rodata_end__ = (__init_rodata_start__ + SIZEOF (.init_rodata))
                0x0000000000000000                __init_rodata_size__ = SIZEOF (.init_rodata)
                0x00000000000262f4                __init_rodata_load_end__ = __init_rodata_end__
                0x0000000000000001                . = ASSERT (((__init_rodata_start__ == __init_rodata_end__) || ((__init_rodata_end__ >= __FLASH_segment_start__) && (__init_rodata_end__ <= __FLASH_segment_end__))), error: .init_rodata is too large to fit in FLASH memory segment)
                0x00000000000262f4                __text_load_start__ = ALIGN (__init_rodata_end__, 0x4)

.text           0x00000000000262f4     0x4ed4
                0x00000000000262f4                __text_start__ = .
 *(.text .text.* .glue_7t .glue_7 .gnu.linkonce.t.* .gcc_except_table .ARM.extab* .gnu.linkonce.armextab.*)
 .glue_7        0x00000000000262f4        0x0 linker stubs
 .glue_7t       0x00000000000262f4        0x0 linker stubs
 .text.nrf_log_backend_rtt_flush
                0x00000000000262f4        0x2 Output/mPower Release/Obj/nrf_log_backend_rtt.o
 *fill*         0x00000000000262f6        0x2 
 .text.nrf_log_backend_rtt_put
                0x00000000000262f8       0x1c Output/mPower Release/Obj/nrf_log_backend_rtt.o
 .text.serial_tx
                0x0000000000026314       0x50 Output/mPower Release/Obj/nrf_log_backend_rtt.o
 .text.nrf_log_backend_rtt_panic_set
                0x0000000000026364        0x2 Output/mPower Release/Obj/nrf_log_backend_rtt.o
 .text.nrf_log_backend_rtt_init
                0x0000000000026366        0x4 Output/mPower Release/Obj/nrf_log_backend_rtt.o
                0x0000000000026366                nrf_log_backend_rtt_init
 .text.nrf_log_backend_serial_put
                0x000000000002636a       0xcc Output/mPower Release/Obj/nrf_log_backend_serial.o
                0x000000000002636a                nrf_log_backend_serial_put
 *fill*         0x0000000000026436        0x2 
 .text.uart_evt_handler
                0x0000000000026438        0xc Output/mPower Release/Obj/nrf_log_backend_uart.o
 .text.nrf_log_backend_uart_flush
                0x0000000000026444        0x2 Output/mPower Release/Obj/nrf_log_backend_uart.o
 *fill*         0x0000000000026446        0x2 
 .text.uart_init
                0x0000000000026448       0x4c Output/mPower Release/Obj/nrf_log_backend_uart.o
 .text.nrf_log_backend_uart_put
                0x0000000000026494       0x1c Output/mPower Release/Obj/nrf_log_backend_uart.o
 .text.serial_tx
                0x00000000000264b0       0x48 Output/mPower Release/Obj/nrf_log_backend_uart.o
 .text.nrf_log_backend_uart_panic_set
                0x00000000000264f8       0x2c Output/mPower Release/Obj/nrf_log_backend_uart.o
 .text.nrf_log_backend_uart_init
                0x0000000000026524        0x6 Output/mPower Release/Obj/nrf_log_backend_uart.o
                0x0000000000026524                nrf_log_backend_uart_init
 *fill*         0x000000000002652a        0x2 
 .text.nrf_log_default_backends_init
                0x000000000002652c       0x30 Output/mPower Release/Obj/nrf_log_default_backends.o
                0x000000000002652c                nrf_log_default_backends_init
 .text.invalid_packets_pushed_str_omit
                0x000000000002655c       0x50 Output/mPower Release/Obj/nrf_log_frontend.o
 .text.buf_prealloc
                0x00000000000265ac      0x134 Output/mPower Release/Obj/nrf_log_frontend.o
 .text.nrf_log_init
                0x00000000000266e0       0x50 Output/mPower Release/Obj/nrf_log_frontend.o
                0x00000000000266e0                nrf_log_init
 .text.nrf_log_module_name_get
                0x0000000000026730       0x3c Output/mPower Release/Obj/nrf_log_frontend.o
                0x0000000000026730                nrf_log_module_name_get
 .text.nrf_log_color_id_get
                0x000000000002676c       0x2c Output/mPower Release/Obj/nrf_log_frontend.o
                0x000000000002676c                nrf_log_color_id_get
 .text.buffer_is_empty
                0x0000000000026798       0x14 Output/mPower Release/Obj/nrf_log_frontend.o
                0x0000000000026798                buffer_is_empty
 .text.nrf_log_frontend_dequeue
                0x00000000000267ac      0x214 Output/mPower Release/Obj/nrf_log_frontend.o
                0x00000000000267ac                nrf_log_frontend_dequeue
 .text.std_n    0x00000000000269c0       0xb0 Output/mPower Release/Obj/nrf_log_frontend.o
 .text.nrf_log_frontend_std_0
                0x0000000000026a70        0x8 Output/mPower Release/Obj/nrf_log_frontend.o
                0x0000000000026a70                nrf_log_frontend_std_0
 .text.nrf_log_frontend_std_1
                0x0000000000026a78       0x14 Output/mPower Release/Obj/nrf_log_frontend.o
                0x0000000000026a78                nrf_log_frontend_std_1
 .text.nrf_log_frontend_std_2
                0x0000000000026a8c       0x14 Output/mPower Release/Obj/nrf_log_frontend.o
                0x0000000000026a8c                nrf_log_frontend_std_2
 .text.nrf_log_frontend_std_3
                0x0000000000026aa0       0x18 Output/mPower Release/Obj/nrf_log_frontend.o
                0x0000000000026aa0                nrf_log_frontend_std_3
 .text.nrf_log_backend_add
                0x0000000000026ab8       0x44 Output/mPower Release/Obj/nrf_log_frontend.o
                0x0000000000026ab8                nrf_log_backend_add
 .text.nrf_log_panic
                0x0000000000026afc       0x28 Output/mPower Release/Obj/nrf_log_frontend.o
                0x0000000000026afc                nrf_log_panic
 .text.postfix_process
                0x0000000000026b24       0x3c Output/mPower Release/Obj/nrf_log_str_formatter.o
 .text.prefix_process
                0x0000000000026b60       0x78 Output/mPower Release/Obj/nrf_log_str_formatter.o
 .text.nrf_log_std_entry_process
                0x0000000000026bd8       0xc8 Output/mPower Release/Obj/nrf_log_str_formatter.o
                0x0000000000026bd8                nrf_log_std_entry_process
 .text.nrf_log_hexdump_entry_process
                0x0000000000026ca0       0xac Output/mPower Release/Obj/nrf_log_str_formatter.o
                0x0000000000026ca0                nrf_log_hexdump_entry_process
 .text.app_button_enable
                0x0000000000026d4c       0x2c Output/mPower Release/Obj/app_button.o
                0x0000000000026d4c                app_button_enable
 .text.app_error_handler_bare
                0x0000000000026d78       0x1a Output/mPower Release/Obj/app_error.o
                0x0000000000026d78                app_error_handler_bare
 *fill*         0x0000000000026d92        0x2 
 .text.app_error_fault_handler
                0x0000000000026d94       0x6c Output/mPower Release/Obj/app_error_weak.o
                0x0000000000026d94                app_error_fault_handler
 .text.user_op_alloc
                0x0000000000026e00       0x2c Output/mPower Release/Obj/app_timer.o
 .text.timer_stop_op_schedule
                0x0000000000026e2c       0x50 Output/mPower Release/Obj/app_timer.o
 .text.nrfx_coredep_delay_us.constprop.3
                0x0000000000026e7c       0x10 Output/mPower Release/Obj/app_timer.o
 .text.rtc1_stop
                0x0000000000026e8c       0x44 Output/mPower Release/Obj/app_timer.o
 .text.RTC1_IRQHandler
                0x0000000000026ed0       0x9c Output/mPower Release/Obj/app_timer.o
                0x0000000000026ed0                RTC1_IRQHandler
 .text.SWI0_EGU0_IRQHandler
                0x0000000000026f6c      0x2ac Output/mPower Release/Obj/app_timer.o
                0x0000000000026f6c                SWI0_EGU0_IRQHandler
 .text.app_timer_init
                0x0000000000027218       0x60 Output/mPower Release/Obj/app_timer.o
                0x0000000000027218                app_timer_init
 .text.app_timer_create
                0x0000000000027278       0x24 Output/mPower Release/Obj/app_timer.o
                0x0000000000027278                app_timer_create
 .text.app_timer_start
                0x000000000002729c       0x88 Output/mPower Release/Obj/app_timer.o
                0x000000000002729c                app_timer_start
 .text.app_timer_stop
                0x0000000000027324       0x20 Output/mPower Release/Obj/app_timer.o
                0x0000000000027324                app_timer_stop
 .text.app_util_critical_region_enter
                0x0000000000027344       0x48 Output/mPower Release/Obj/app_util_platform.o
                0x0000000000027344                app_util_critical_region_enter
 .text.app_util_critical_region_exit
                0x000000000002738c       0x2c Output/mPower Release/Obj/app_util_platform.o
                0x000000000002738c                app_util_critical_region_exit
 .text.nrf_atflags_set
                0x00000000000273b8       0x12 Output/mPower Release/Obj/nrf_atflags.o
                0x00000000000273b8                nrf_atflags_set
 .text.nrf_atflags_clear
                0x00000000000273ca       0x14 Output/mPower Release/Obj/nrf_atflags.o
                0x00000000000273ca                nrf_atflags_clear
 .text.nrf_atflags_get
                0x00000000000273de       0x12 Output/mPower Release/Obj/nrf_atflags.o
                0x00000000000273de                nrf_atflags_get
 .text.nrf_atomic_u32_fetch_store
                0x00000000000273f0       0x14 Output/mPower Release/Obj/nrf_atomic.o
                0x00000000000273f0                nrf_atomic_u32_fetch_store
 .text.nrf_atomic_u32_or
                0x0000000000027404       0x16 Output/mPower Release/Obj/nrf_atomic.o
                0x0000000000027404                nrf_atomic_u32_or
 .text.nrf_atomic_u32_fetch_and
                0x000000000002741a       0x16 Output/mPower Release/Obj/nrf_atomic.o
                0x000000000002741a                nrf_atomic_u32_fetch_and
 .text.nrf_atomic_u32_and
                0x0000000000027430       0x16 Output/mPower Release/Obj/nrf_atomic.o
                0x0000000000027430                nrf_atomic_u32_and
 .text.nrf_atomic_u32_add
                0x0000000000027446       0x16 Output/mPower Release/Obj/nrf_atomic.o
                0x0000000000027446                nrf_atomic_u32_add
 .text.nrf_atomic_u32_sub
                0x000000000002745c       0x16 Output/mPower Release/Obj/nrf_atomic.o
                0x000000000002745c                nrf_atomic_u32_sub
 .text.nrf_atomic_flag_set
                0x0000000000027472        0x6 Output/mPower Release/Obj/nrf_atomic.o
                0x0000000000027472                nrf_atomic_flag_set
 .text.nrf_atomic_flag_clear_fetch
                0x0000000000027478        0x6 Output/mPower Release/Obj/nrf_atomic.o
                0x0000000000027478                nrf_atomic_flag_clear_fetch
 .text.nrf_balloc_init
                0x000000000002747e       0x2e Output/mPower Release/Obj/nrf_balloc.o
                0x000000000002747e                nrf_balloc_init
 .text.nrf_balloc_alloc
                0x00000000000274ac       0x46 Output/mPower Release/Obj/nrf_balloc.o
                0x00000000000274ac                nrf_balloc_alloc
 .text.nrf_balloc_free
                0x00000000000274f2       0x32 Output/mPower Release/Obj/nrf_balloc.o
                0x00000000000274f2                nrf_balloc_free
 .text.nrf_fprintf_buffer_flush
                0x0000000000027524       0x16 Output/mPower Release/Obj/nrf_fprintf.o
                0x0000000000027524                nrf_fprintf_buffer_flush
 .text.nrf_fprintf
                0x000000000002753a       0x1e Output/mPower Release/Obj/nrf_fprintf.o
                0x000000000002753a                nrf_fprintf
 .text.buffer_add
                0x0000000000027558       0x1e Output/mPower Release/Obj/nrf_fprintf_format.o
 *fill*         0x0000000000027576        0x2 
 .text.unsigned_print
                0x0000000000027578       0xac Output/mPower Release/Obj/nrf_fprintf_format.o
 .text.nrf_fprintf_fmt
                0x0000000000027624      0x28a Output/mPower Release/Obj/nrf_fprintf_format.o
                0x0000000000027624                nrf_fprintf_fmt
 .text.nrf_memobj_pool_init
                0x00000000000278ae        0x4 Output/mPower Release/Obj/nrf_memobj.o
                0x00000000000278ae                nrf_memobj_pool_init
 .text.nrf_memobj_free
                0x00000000000278b2       0x2c Output/mPower Release/Obj/nrf_memobj.o
                0x00000000000278b2                nrf_memobj_free
 .text.nrf_memobj_alloc
                0x00000000000278de       0x5e Output/mPower Release/Obj/nrf_memobj.o
                0x00000000000278de                nrf_memobj_alloc
 .text.nrf_memobj_get
                0x000000000002793c        0x8 Output/mPower Release/Obj/nrf_memobj.o
                0x000000000002793c                nrf_memobj_get
 .text.nrf_memobj_put
                0x0000000000027944       0x1e Output/mPower Release/Obj/nrf_memobj.o
                0x0000000000027944                nrf_memobj_put
 .text.nrf_memobj_write
                0x0000000000027962       0x52 Output/mPower Release/Obj/nrf_memobj.o
                0x0000000000027962                nrf_memobj_write
 .text.nrf_memobj_read
                0x00000000000279b4       0x52 Output/mPower Release/Obj/nrf_memobj.o
                0x00000000000279b4                nrf_memobj_read
 .text.sd_app_evt_wait
                0x0000000000027a06        0x4 Output/mPower Release/Obj/nrf_pwr_mgmt.o
 *fill*         0x0000000000027a0a        0x2 
 .text.nrf_pwr_mgmt_init
                0x0000000000027a0c       0x2c Output/mPower Release/Obj/nrf_pwr_mgmt.o
                0x0000000000027a0c                nrf_pwr_mgmt_init
 .text.nrf_pwr_mgmt_run
                0x0000000000027a38       0x4c Output/mPower Release/Obj/nrf_pwr_mgmt.o
                0x0000000000027a38                nrf_pwr_mgmt_run
 .text.nrf_section_iter_init
                0x0000000000027a84       0x14 Output/mPower Release/Obj/nrf_section_iter.o
                0x0000000000027a84                nrf_section_iter_init
 .text.nrf_section_iter_next
                0x0000000000027a98       0x18 Output/mPower Release/Obj/nrf_section_iter.o
                0x0000000000027a98                nrf_section_iter_next
 .text.nrf_strerror_find
                0x0000000000027ab0       0x3c Output/mPower Release/Obj/nrf_strerror.o
                0x0000000000027ab0                nrf_strerror_find
 .text.nrf_strerror_get
                0x0000000000027aec       0x14 Output/mPower Release/Obj/nrf_strerror.o
                0x0000000000027aec                nrf_strerror_get
 .text.errata_12
                0x0000000000027b00       0x40 Output/mPower Release/Obj/system_nrf52.o
 .text.errata_16
                0x0000000000027b40       0x34 Output/mPower Release/Obj/system_nrf52.o
 .text.SystemInit
                0x0000000000027b74      0x25c Output/mPower Release/Obj/system_nrf52.o
                0x0000000000027b74                SystemInit
 .text.bsp_board_led_off
                0x0000000000027dd0       0x18 Output/mPower Release/Obj/boards.o
                0x0000000000027dd0                bsp_board_led_off
 .text.bsp_board_leds_off
                0x0000000000027de8       0x1e Output/mPower Release/Obj/boards.o
                0x0000000000027de8                bsp_board_leds_off
 .text.bsp_board_init
                0x0000000000027e06       0x3e Output/mPower Release/Obj/boards.o
                0x0000000000027e06                bsp_board_init
 .text.clock_clk_started_notify
                0x0000000000027e44       0x28 Output/mPower Release/Obj/nrf_drv_clock.o
 .text.clock_irq_handler
                0x0000000000027e6c       0x1c Output/mPower Release/Obj/nrf_drv_clock.o
 .text.soc_evt_handler
                0x0000000000027e88       0x14 Output/mPower Release/Obj/nrf_drv_clock.o
 .text.nrf_drv_clock_init
                0x0000000000027e9c       0x38 Output/mPower Release/Obj/nrf_drv_clock.o
                0x0000000000027e9c                nrf_drv_clock_init
 .text.nrf_drv_clock_lfclk_release
                0x0000000000027ed4       0x30 Output/mPower Release/Obj/nrf_drv_clock.o
                0x0000000000027ed4                nrf_drv_clock_lfclk_release
 .text.sd_state_evt_handler
                0x0000000000027f04       0x58 Output/mPower Release/Obj/nrf_drv_clock.o
 .text.uarte_evt_handler
                0x0000000000027f5c       0x34 Output/mPower Release/Obj/nrf_drv_uart.o
 .text.uart_evt_handler
                0x0000000000027f90       0x34 Output/mPower Release/Obj/nrf_drv_uart.o
 .text.nrf_drv_uart_init
                0x0000000000027fc4       0x7c Output/mPower Release/Obj/nrf_drv_uart.o
                0x0000000000027fc4                nrf_drv_uart_init
 .text.nrf_clock_event_clear
                0x0000000000028040       0x14 Output/mPower Release/Obj/nrfx_clock.o
 .text.nrfx_clock_init
                0x0000000000028054       0x1c Output/mPower Release/Obj/nrfx_clock.o
                0x0000000000028054                nrfx_clock_init
 .text.nrfx_clock_enable
                0x0000000000028070       0x28 Output/mPower Release/Obj/nrfx_clock.o
                0x0000000000028070                nrfx_clock_enable
 .text.nrfx_clock_lfclk_stop
                0x0000000000028098       0x18 Output/mPower Release/Obj/nrfx_clock.o
                0x0000000000028098                nrfx_clock_lfclk_stop
 .text.POWER_CLOCK_IRQHandler
                0x00000000000280b0       0x58 Output/mPower Release/Obj/nrfx_clock.o
                0x00000000000280b0                POWER_CLOCK_IRQHandler
 .text.nrf_gpiote_event_clear
                0x0000000000028108       0x18 Output/mPower Release/Obj/nrfx_gpiote.o
 .text.nrf_gpio_cfg_sense_set
                0x0000000000028120       0x20 Output/mPower Release/Obj/nrfx_gpiote.o
 .text.channel_free
                0x0000000000028140       0x1c Output/mPower Release/Obj/nrfx_gpiote.o
 .text.nrfx_gpiote_init
                0x000000000002815c       0x70 Output/mPower Release/Obj/nrfx_gpiote.o
                0x000000000002815c                nrfx_gpiote_init
 .text.nrfx_gpiote_out_init
                0x00000000000281cc       0xc4 Output/mPower Release/Obj/nrfx_gpiote.o
                0x00000000000281cc                nrfx_gpiote_out_init
 .text.nrfx_gpiote_in_init
                0x0000000000028290       0xf0 Output/mPower Release/Obj/nrfx_gpiote.o
                0x0000000000028290                nrfx_gpiote_in_init
 .text.nrfx_gpiote_in_event_enable
                0x0000000000028380       0x8c Output/mPower Release/Obj/nrfx_gpiote.o
                0x0000000000028380                nrfx_gpiote_in_event_enable
 .text.GPIOTE_IRQHandler
                0x000000000002840c      0x17c Output/mPower Release/Obj/nrfx_gpiote.o
                0x000000000002840c                GPIOTE_IRQHandler
 .text.UARTE0_UART0_IRQHandler
                0x0000000000028588        0xc Output/mPower Release/Obj/nrfx_prs.o
                0x0000000000028588                UARTE0_UART0_IRQHandler
 .text.nrfx_prs_acquire
                0x0000000000028594       0x40 Output/mPower Release/Obj/nrfx_prs.o
                0x0000000000028594                nrfx_prs_acquire
 .text.nrfx_prs_release
                0x00000000000285d4       0x18 Output/mPower Release/Obj/nrfx_prs.o
                0x00000000000285d4                nrfx_prs_release
 .text.nrf_uart_event_clear
                0x00000000000285ec       0x10 Output/mPower Release/Obj/nrfx_uart.o
 .text.tx_byte  0x00000000000285fc       0x1e Output/mPower Release/Obj/nrfx_uart.o
 .text.rx_byte  0x000000000002861a       0x2c Output/mPower Release/Obj/nrfx_uart.o
 *fill*         0x0000000000028646        0x2 
 .text.rx_done_event.constprop.8
                0x0000000000028648       0x20 Output/mPower Release/Obj/nrfx_uart.o
 .text.nrfx_uart_0_irq_handler
                0x0000000000028668      0x13c Output/mPower Release/Obj/nrfx_uart.o
                0x0000000000028668                nrfx_uart_0_irq_handler
 .text.nrfx_uart_init
                0x00000000000287a4      0x180 Output/mPower Release/Obj/nrfx_uart.o
                0x00000000000287a4                nrfx_uart_init
 .text.nrfx_uart_uninit
                0x0000000000028924       0xc8 Output/mPower Release/Obj/nrfx_uart.o
                0x0000000000028924                nrfx_uart_uninit
 .text.nrfx_uart_tx
                0x00000000000289ec       0x94 Output/mPower Release/Obj/nrfx_uart.o
                0x00000000000289ec                nrfx_uart_tx
 .text.nrf_uarte_event_clear
                0x0000000000028a80       0x10 Output/mPower Release/Obj/nrfx_uarte.o
 .text.rx_done_event.constprop.7
                0x0000000000028a90       0x24 Output/mPower Release/Obj/nrfx_uarte.o
 .text.nrfx_uarte_0_irq_handler
                0x0000000000028ab4       0xec Output/mPower Release/Obj/nrfx_uarte.o
                0x0000000000028ab4                nrfx_uarte_0_irq_handler
 .text.nrfx_uarte_init
                0x0000000000028ba0      0x190 Output/mPower Release/Obj/nrfx_uarte.o
                0x0000000000028ba0                nrfx_uarte_init
 .text.nrfx_uarte_uninit
                0x0000000000028d30       0xc8 Output/mPower Release/Obj/nrfx_uarte.o
                0x0000000000028d30                nrfx_uarte_uninit
 .text.nrfx_uarte_tx
                0x0000000000028df8       0x88 Output/mPower Release/Obj/nrfx_uarte.o
                0x0000000000028df8                nrfx_uarte_tx
 .text.sd_ble_gap_adv_set_configure
                0x0000000000028e80        0x4 Output/mPower Release/Obj/main.o
 .text.sd_ble_gap_adv_start
                0x0000000000028e84        0x4 Output/mPower Release/Obj/main.o
 .text.sd_ble_gap_disconnect
                0x0000000000028e88        0x4 Output/mPower Release/Obj/main.o
 .text.sd_ble_gap_ppcp_set
                0x0000000000028e8c        0x4 Output/mPower Release/Obj/main.o
 .text.sd_ble_gap_device_name_set
                0x0000000000028e90        0x4 Output/mPower Release/Obj/main.o
 .text.sd_ble_gap_sec_params_reply
                0x0000000000028e94        0x4 Output/mPower Release/Obj/main.o
 .text.sd_ble_gap_phy_update
                0x0000000000028e98        0x4 Output/mPower Release/Obj/main.o
 .text.sd_ble_gatts_sys_attr_set
                0x0000000000028e9c        0x4 Output/mPower Release/Obj/main.o
 .text.inPinHandler
                0x0000000000028ea0       0x48 Output/mPower Release/Obj/main.o
                0x0000000000028ea0                inPinHandler
 .text.nrf_qwr_error_handler
                0x0000000000028ee8        0x4 Output/mPower Release/Obj/main.o
 .text.advertising_start
                0x0000000000028eec       0x1c Output/mPower Release/Obj/main.o
 .text.timer_timeout_handler
                0x0000000000028f08       0x24 Output/mPower Release/Obj/main.o
 .text.ble_evt_handler
                0x0000000000028f2c      0x154 Output/mPower Release/Obj/main.o
 .text.conn_params_error_handler
                0x0000000000029080        0x4 Output/mPower Release/Obj/main.o
 .text.startup.main
                0x0000000000029084      0x2cc Output/mPower Release/Obj/main.o
                0x0000000000029084                main
 .text.sd_ble_gatts_service_add
                0x0000000000029350        0x4 Output/mPower Release/Obj/ble_service.o
 .text.sd_ble_gatts_characteristic_add
                0x0000000000029354        0x4 Output/mPower Release/Obj/ble_service.o
 .text.sd_ble_gatts_hvx
                0x0000000000029358        0x4 Output/mPower Release/Obj/ble_service.o
 .text.sd_ble_uuid_vs_add
                0x000000000002935c        0x4 Output/mPower Release/Obj/ble_service.o
 .text.onBleEvent
                0x0000000000029360       0x6c Output/mPower Release/Obj/ble_service.o
                0x0000000000029360                onBleEvent
 .text.mpServiceInit
                0x00000000000293cc      0x238 Output/mPower Release/Obj/ble_service.o
                0x00000000000293cc                mpServiceInit
 .text.sendNotification
                0x0000000000029604       0x60 Output/mPower Release/Obj/ble_service.o
                0x0000000000029604                sendNotification
 .text.sendPortStatusToAll
                0x0000000000029664       0x68 Output/mPower Release/Obj/ble_service.o
                0x0000000000029664                sendPortStatusToAll
 .text.initUsbPorts
                0x00000000000296cc       0x30 Output/mPower Release/Obj/usb_port.o
                0x00000000000296cc                initUsbPorts
 .text.initPortStatus
                0x00000000000296fc       0x44 Output/mPower Release/Obj/usb_port.o
                0x00000000000296fc                initPortStatus
 .text.getPortStatus
                0x0000000000029740       0x1c Output/mPower Release/Obj/usb_port.o
                0x0000000000029740                getPortStatus
 .text.getConnHandle
                0x000000000002975c       0x1c Output/mPower Release/Obj/usb_port.o
                0x000000000002975c                getConnHandle
 .text.decrementChargingTicks
                0x0000000000029778       0x28 Output/mPower Release/Obj/usb_port.o
                0x0000000000029778                decrementChargingTicks
 .text.allocateFreePort
                0x00000000000297a0       0x28 Output/mPower Release/Obj/usb_port.o
                0x00000000000297a0                allocateFreePort
 .text.turnOnOffPower
                0x00000000000297c8       0x26 Output/mPower Release/Obj/usb_port.o
                0x00000000000297c8                turnOnOffPower
 *fill*         0x00000000000297ee        0x2 
 .text.freeUsbPort
                0x00000000000297f0       0xc0 Output/mPower Release/Obj/usb_port.o
                0x00000000000297f0                freeUsbPort
 .text.checkUsbPorts
                0x00000000000298b0       0x2a Output/mPower Release/Obj/usb_port.o
                0x00000000000298b0                checkUsbPorts
 *fill*         0x00000000000298da        0x2 
 .text.onNewCommand
                0x00000000000298dc      0x1d8 Output/mPower Release/Obj/usb_port.o
                0x00000000000298dc                onNewCommand
 .text.onUsbChange
                0x0000000000029ab4      0x174 Output/mPower Release/Obj/usb_port.o
                0x0000000000029ab4                onUsbChange
 .text.onBleDisconnect
                0x0000000000029c28       0x24 Output/mPower Release/Obj/usb_port.o
                0x0000000000029c28                onBleDisconnect
 .text._GetAvailWriteSpace
                0x0000000000029c4c       0x1c Output/mPower Release/Obj/SEGGER_RTT.o
 .text._WriteNoCheck
                0x0000000000029c68       0x3a Output/mPower Release/Obj/SEGGER_RTT.o
 .text._WriteBlocking
                0x0000000000029ca2       0x52 Output/mPower Release/Obj/SEGGER_RTT.o
 .text._DoInit  0x0000000000029cf4       0x60 Output/mPower Release/Obj/SEGGER_RTT.o
 .text.SEGGER_RTT_WriteNoLock
                0x0000000000029d54       0x68 Output/mPower Release/Obj/SEGGER_RTT.o
                0x0000000000029d54                SEGGER_RTT_WriteNoLock
 .text.SEGGER_RTT_Init
                0x0000000000029dbc        0x4 Output/mPower Release/Obj/SEGGER_RTT.o
                0x0000000000029dbc                SEGGER_RTT_Init
 .text.sd_ble_gap_addr_get
                0x0000000000029dc0        0x4 Output/mPower Release/Obj/ble_advdata.o
 .text.sd_ble_gap_appearance_get
                0x0000000000029dc4        0x4 Output/mPower Release/Obj/ble_advdata.o
 .text.sd_ble_gap_device_name_get
                0x0000000000029dc8        0x4 Output/mPower Release/Obj/ble_advdata.o
 .text.sd_ble_uuid_encode
                0x0000000000029dcc        0x4 Output/mPower Release/Obj/ble_advdata.o
 .text.uuid_list_sized_encode
                0x0000000000029dd0       0xa4 Output/mPower Release/Obj/ble_advdata.o
 .text.uuid_list_encode
                0x0000000000029e74       0x34 Output/mPower Release/Obj/ble_advdata.o
 .text.ble_advdata_encode
                0x0000000000029ea8      0x37c Output/mPower Release/Obj/ble_advdata.o
                0x0000000000029ea8                ble_advdata_encode
 .text.sd_ble_gap_conn_param_update
                0x000000000002a224        0x4 Output/mPower Release/Obj/ble_conn_params.o
 .text.sd_ble_gap_disconnect
                0x000000000002a228        0x4 Output/mPower Release/Obj/ble_conn_params.o
 .text.sd_ble_gap_ppcp_set
                0x000000000002a22c        0x4 Output/mPower Release/Obj/ble_conn_params.o
 .text.sd_ble_gap_ppcp_get
                0x000000000002a230        0x4 Output/mPower Release/Obj/ble_conn_params.o
 .text.instance_get
                0x000000000002a234       0x24 Output/mPower Release/Obj/ble_conn_params.o
 .text.send_error_evt
                0x000000000002a258       0x10 Output/mPower Release/Obj/ble_conn_params.o
 .text.update_timeout_handler
                0x000000000002a268       0x6c Output/mPower Release/Obj/ble_conn_params.o
 .text.conn_params_negotiation
                0x000000000002a2d4       0x48 Output/mPower Release/Obj/ble_conn_params.o
 .text.is_conn_params_ok.constprop.3
                0x000000000002a31c       0x3c Output/mPower Release/Obj/ble_conn_params.o
 .text.ble_evt_handler
                0x000000000002a358       0xe4 Output/mPower Release/Obj/ble_conn_params.o
 .text.ble_conn_params_init
                0x000000000002a43c       0x8c Output/mPower Release/Obj/ble_conn_params.o
                0x000000000002a43c                ble_conn_params_init
 .text.conn_handle_list_get
                0x000000000002a4c8       0x2e Output/mPower Release/Obj/ble_conn_state.o
                0x000000000002a4c8                conn_handle_list_get
 *fill*         0x000000000002a4f6        0x2 
 .text.ble_evt_handler
                0x000000000002a4f8       0xd8 Output/mPower Release/Obj/ble_conn_state.o
 .text.active_flag_count
                0x000000000002a5d0       0x24 Output/mPower Release/Obj/ble_conn_state.o
                0x000000000002a5d0                active_flag_count
 .text.ble_conn_state_peripheral_conn_count
                0x000000000002a5f4       0x24 Output/mPower Release/Obj/ble_conn_state.o
                0x000000000002a5f4                ble_conn_state_peripheral_conn_count
 .text.ble_conn_state_periph_handles
                0x000000000002a618       0x28 Output/mPower Release/Obj/ble_conn_state.o
                0x000000000002a618                ble_conn_state_periph_handles
 .text.ble_srv_is_notification_enabled
                0x000000000002a640        0x8 Output/mPower Release/Obj/ble_srv_common.o
                0x000000000002a640                ble_srv_is_notification_enabled
 .text.sd_ble_gap_data_length_update
                0x000000000002a648        0x4 Output/mPower Release/Obj/nrf_ble_gatt.o
 .text.sd_ble_gattc_exchange_mtu_request
                0x000000000002a64c        0x4 Output/mPower Release/Obj/nrf_ble_gatt.o
 .text.sd_ble_gatts_exchange_mtu_reply
                0x000000000002a650        0x4 Output/mPower Release/Obj/nrf_ble_gatt.o
 .text.data_length_update
                0x000000000002a654       0x9c Output/mPower Release/Obj/nrf_ble_gatt.o
 .text.nrf_ble_gatt_init
                0x000000000002a6f0       0x32 Output/mPower Release/Obj/nrf_ble_gatt.o
                0x000000000002a6f0                nrf_ble_gatt_init
 *fill*         0x000000000002a722        0x2 
 .text.nrf_ble_gatt_on_ble_evt
                0x000000000002a724      0x314 Output/mPower Release/Obj/nrf_ble_gatt.o
                0x000000000002a724                nrf_ble_gatt_on_ble_evt
 .text.sd_ble_gatts_rw_authorize_reply
                0x000000000002aa38        0x4 Output/mPower Release/Obj/nrf_ble_qwr.o
 .text.sd_ble_user_mem_reply
                0x000000000002aa3c        0x4 Output/mPower Release/Obj/nrf_ble_qwr.o
 .text.user_mem_reply.part.0
                0x000000000002aa40       0x24 Output/mPower Release/Obj/nrf_ble_qwr.o
 .text.nrf_ble_qwr_init
                0x000000000002aa64       0x24 Output/mPower Release/Obj/nrf_ble_qwr.o
                0x000000000002aa64                nrf_ble_qwr_init
 .text.nrf_ble_qwr_conn_handle_assign
                0x000000000002aa88       0x16 Output/mPower Release/Obj/nrf_ble_qwr.o
                0x000000000002aa88                nrf_ble_qwr_conn_handle_assign
 .text.nrf_ble_qwr_on_ble_evt
                0x000000000002aa9e       0xa0 Output/mPower Release/Obj/nrf_ble_qwr.o
                0x000000000002aa9e                nrf_ble_qwr_on_ble_evt
 .text.sd_softdevice_enable
                0x000000000002ab3e        0x4 Output/mPower Release/Obj/nrf_sdh.o
 *fill*         0x000000000002ab42        0x2 
 .text.sdh_request_observer_notify
                0x000000000002ab44       0x30 Output/mPower Release/Obj/nrf_sdh.o
 .text.sdh_state_observer_notify
                0x000000000002ab74       0x28 Output/mPower Release/Obj/nrf_sdh.o
 .text.softdevices_evt_irq_enable
                0x000000000002ab9c       0x38 Output/mPower Release/Obj/nrf_sdh.o
 .text.nrf_sdh_enable_request
                0x000000000002abd4       0x88 Output/mPower Release/Obj/nrf_sdh.o
                0x000000000002abd4                nrf_sdh_enable_request
 .text.nrf_sdh_is_enabled
                0x000000000002ac5c        0xc Output/mPower Release/Obj/nrf_sdh.o
                0x000000000002ac5c                nrf_sdh_is_enabled
 .text.nrf_sdh_evts_poll
                0x000000000002ac68       0x28 Output/mPower Release/Obj/nrf_sdh.o
                0x000000000002ac68                nrf_sdh_evts_poll
 .text.SWI2_EGU2_IRQHandler
                0x000000000002ac90        0x4 Output/mPower Release/Obj/nrf_sdh.o
                0x000000000002ac90                SWI2_EGU2_IRQHandler
 .text.sd_ble_enable
                0x000000000002ac94        0x4 Output/mPower Release/Obj/nrf_sdh_ble.o
 .text.sd_ble_cfg_set
                0x000000000002ac98        0x4 Output/mPower Release/Obj/nrf_sdh_ble.o
 .text.sd_ble_evt_get
                0x000000000002ac9c        0x4 Output/mPower Release/Obj/nrf_sdh_ble.o
 .text.nrf_sdh_ble_evts_poll
                0x000000000002aca0       0x50 Output/mPower Release/Obj/nrf_sdh_ble.o
 .text.nrf_sdh_ble_default_cfg_set
                0x000000000002acf0      0x154 Output/mPower Release/Obj/nrf_sdh_ble.o
                0x000000000002acf0                nrf_sdh_ble_default_cfg_set
 .text.nrf_sdh_ble_enable
                0x000000000002ae44       0x94 Output/mPower Release/Obj/nrf_sdh_ble.o
                0x000000000002ae44                nrf_sdh_ble_enable
 .text.sd_evt_get
                0x000000000002aed8        0x4 Output/mPower Release/Obj/nrf_sdh_soc.o
 .text.nrf_sdh_soc_evts_poll
                0x000000000002aedc       0x3c Output/mPower Release/Obj/nrf_sdh_soc.o
 .text.libc.__RAL_ascii_isctype
                0x000000000002af18       0x1c C:/Program Files/SEGGER/SEGGER Embedded Studio for ARM 3.52a/lib/libc_v7em_fpv4_sp_d16_hard_t_le_eabi.a(libc2.o)
 .text.libc.__RAL_ascii_toupper
                0x000000000002af34        0xc C:/Program Files/SEGGER/SEGGER Embedded Studio for ARM 3.52a/lib/libc_v7em_fpv4_sp_d16_hard_t_le_eabi.a(libc2.o)
 .text.libc.__RAL_ascii_tolower
                0x000000000002af40        0xc C:/Program Files/SEGGER/SEGGER Embedded Studio for ARM 3.52a/lib/libc_v7em_fpv4_sp_d16_hard_t_le_eabi.a(libc2.o)
 .text.libc.__RAL_ascii_iswctype
                0x000000000002af4c       0x1c C:/Program Files/SEGGER/SEGGER Embedded Studio for ARM 3.52a/lib/libc_v7em_fpv4_sp_d16_hard_t_le_eabi.a(libc2.o)
 .text.libc.__RAL_ascii_towupper
                0x000000000002af68        0xc C:/Program Files/SEGGER/SEGGER Embedded Studio for ARM 3.52a/lib/libc_v7em_fpv4_sp_d16_hard_t_le_eabi.a(libc2.o)
 .text.libc.__RAL_ascii_towlower
                0x000000000002af74        0xc C:/Program Files/SEGGER/SEGGER Embedded Studio for ARM 3.52a/lib/libc_v7em_fpv4_sp_d16_hard_t_le_eabi.a(libc2.o)
 .text.libc.__RAL_ascii_wctomb
                0x000000000002af80        0xe C:/Program Files/SEGGER/SEGGER Embedded Studio for ARM 3.52a/lib/libc_v7em_fpv4_sp_d16_hard_t_le_eabi.a(libc2.o)
                0x000000000002af80                __RAL_ascii_wctomb
 .text.libc.__RAL_ascii_mbtowc
                0x000000000002af8e       0x24 C:/Program Files/SEGGER/SEGGER Embedded Studio for ARM 3.52a/lib/libc_v7em_fpv4_sp_d16_hard_t_le_eabi.a(libc2.o)
                0x000000000002af8e                __RAL_ascii_mbtowc
 *fill*         0x000000000002afb2        0x2 
 .text.libc.__RAL_isctype
                0x000000000002afb4       0x14 C:/Program Files/SEGGER/SEGGER Embedded Studio for ARM 3.52a/lib/libc_v7em_fpv4_sp_d16_hard_t_le_eabi.a(libc2.o)
                0x000000000002afb4                __RAL_isctype
 .text.libc.isprint
                0x000000000002afc8        0xa C:/Program Files/SEGGER/SEGGER Embedded Studio for ARM 3.52a/lib/libc_v7em_fpv4_sp_d16_hard_t_le_eabi.a(libc2.o)
                0x000000000002afc8                isprint
 *fill*         0x000000000002afd2        0x2 
 .text.libc.malloc
                0x000000000002afd4       0x94 C:/Program Files/SEGGER/SEGGER Embedded Studio for ARM 3.52a/lib/libc_v7em_fpv4_sp_d16_hard_t_le_eabi.a(libc2.o)
                0x000000000002afd4                malloc
 .text.libc.memcpy
                0x000000000002b068       0x52 C:/Program Files/SEGGER/SEGGER Embedded Studio for ARM 3.52a/lib/libc_v7em_fpv4_sp_d16_hard_t_le_eabi.a(libc2_asm.o)
                0x000000000002b068                __aeabi_memcpy
                0x000000000002b068                memcpy
                0x000000000002b074                __aeabi_memcpy8
                0x000000000002b074                __aeabi_memcpy4
 .text.libc.memset
                0x000000000002b0ba       0x66 C:/Program Files/SEGGER/SEGGER Embedded Studio for ARM 3.52a/lib/libc_v7em_fpv4_sp_d16_hard_t_le_eabi.a(libc2_asm.o)
                0x000000000002b0ba                memset
 .text.libc.strcpy
                0x000000000002b120       0x44 C:/Program Files/SEGGER/SEGGER Embedded Studio for ARM 3.52a/lib/libc_v7em_fpv4_sp_d16_hard_t_le_eabi.a(libc2_asm.o)
                0x000000000002b120                strcpy
 .text.libc.strlen
                0x000000000002b164       0x60 C:/Program Files/SEGGER/SEGGER Embedded Studio for ARM 3.52a/lib/libc_v7em_fpv4_sp_d16_hard_t_le_eabi.a(libc2_asm.o)
                0x000000000002b164                strlen
 .text.libc.__heap_lock
                0x000000000002b1c4        0x2 C:/Program Files/SEGGER/SEGGER Embedded Studio for ARM 3.52a/lib/libc_v7em_fpv4_sp_d16_hard_t_le_eabi.a(libc.o)
                0x000000000002b1c4                __heap_lock
 .text.libc.__heap_unlock
                0x000000000002b1c6        0x2 C:/Program Files/SEGGER/SEGGER Embedded Studio for ARM 3.52a/lib/libc_v7em_fpv4_sp_d16_hard_t_le_eabi.a(libc.o)
                0x000000000002b1c6                __heap_unlock
                0x000000000002b1c8                __text_end__ = (__text_start__ + SIZEOF (.text))
                0x0000000000004ed4                __text_size__ = SIZEOF (.text)
                0x000000000002b1c8                __text_load_end__ = __text_end__

.vfp11_veneer   0x0000000100000000        0x0
 .vfp11_veneer  0x0000000100000000        0x0 linker stubs

.v4_bx          0x0000000100000000        0x0
 .v4_bx         0x0000000100000000        0x0 linker stubs

.iplt           0x0000000100000000        0x0
 .iplt          0x0000000100000000        0x0 Output/mPower Release/Obj/thumb_crt0.o
                0x0000000000000001                . = ASSERT (((__text_start__ == __text_end__) || ((__text_end__ >= __FLASH_segment_start__) && (__text_end__ <= __FLASH_segment_end__))), error: .text is too large to fit in FLASH memory segment)
                0x000000000002b1c8                __sdh_soc_observers_load_start__ = ALIGN (__text_end__, 0x4)

.sdh_soc_observers
                0x000000000002b1c8        0x8
                0x000000000002b1c8                __sdh_soc_observers_start__ = .
                0x000000000002b1c8                __start_sdh_soc_observers = __sdh_soc_observers_start__
 *(SORT_BY_NAME(.sdh_soc_observers*))
 .sdh_soc_observers0
                0x000000000002b1c8        0x8 Output/mPower Release/Obj/nrf_drv_clock.o
                0x000000000002b1d0                __sdh_soc_observers_end__ = (__sdh_soc_observers_start__ + SIZEOF (.sdh_soc_observers))
                0x0000000000000008                __sdh_soc_observers_size__ = SIZEOF (.sdh_soc_observers)
                0x000000000002b1d0                __stop_sdh_soc_observers = __sdh_soc_observers_end__
                0x000000000002b1d0                __sdh_soc_observers_load_end__ = __sdh_soc_observers_end__
                0x0000000000000001                . = ASSERT (((__sdh_soc_observers_start__ == __sdh_soc_observers_end__) || ((__sdh_soc_observers_end__ >= __FLASH_segment_start__) && (__sdh_soc_observers_end__ <= __FLASH_segment_end__))), error: .sdh_soc_observers is too large to fit in FLASH memory segment)
                0x000000000002b1d0                __sdh_ble_observers_load_start__ = ALIGN (__sdh_soc_observers_end__, 0x4)

.sdh_ble_observers
                0x000000000002b1d0       0x48
                0x000000000002b1d0                __sdh_ble_observers_start__ = .
                0x000000000002b1d0                __start_sdh_ble_observers = __sdh_ble_observers_start__
 *(SORT_BY_NAME(.sdh_ble_observers*))
 .sdh_ble_observers0
                0x000000000002b1d0        0x8 Output/mPower Release/Obj/ble_conn_state.o
 .sdh_ble_observers1
                0x000000000002b1d8        0x8 Output/mPower Release/Obj/main.o
 .sdh_ble_observers1
                0x000000000002b1e0        0x8 Output/mPower Release/Obj/ble_conn_params.o
 .sdh_ble_observers2
                0x000000000002b1e8       0x20 Output/mPower Release/Obj/main.o
 .sdh_ble_observers3
                0x000000000002b208       0x10 Output/mPower Release/Obj/main.o
                0x000000000002b218                __sdh_ble_observers_end__ = (__sdh_ble_observers_start__ + SIZEOF (.sdh_ble_observers))
                0x0000000000000048                __sdh_ble_observers_size__ = SIZEOF (.sdh_ble_observers)
                0x000000000002b218                __stop_sdh_ble_observers = __sdh_ble_observers_end__
                0x000000000002b218                __sdh_ble_observers_load_end__ = __sdh_ble_observers_end__
                0x0000000000000001                . = ASSERT (((__sdh_ble_observers_start__ == __sdh_ble_observers_end__) || ((__sdh_ble_observers_end__ >= __FLASH_segment_start__) && (__sdh_ble_observers_end__ <= __FLASH_segment_end__))), error: .sdh_ble_observers is too large to fit in FLASH memory segment)
                0x000000000002b218                __pwr_mgmt_data_load_start__ = ALIGN (__sdh_ble_observers_end__, 0x4)

.pwr_mgmt_data  0x000000000002b218        0x0
                0x000000000002b218                __pwr_mgmt_data_start__ = .
                0x000000000002b218                __start_pwr_mgmt_data = __pwr_mgmt_data_start__
 *(SORT_BY_NAME(.pwr_mgmt_data*))
                0x000000000002b218                __pwr_mgmt_data_end__ = (__pwr_mgmt_data_start__ + SIZEOF (.pwr_mgmt_data))
                0x0000000000000000                __pwr_mgmt_data_size__ = SIZEOF (.pwr_mgmt_data)
                0x000000000002b218                __stop_pwr_mgmt_data = __pwr_mgmt_data_end__
                0x000000000002b218                __pwr_mgmt_data_load_end__ = __pwr_mgmt_data_end__
                0x0000000000000001                . = ASSERT (((__pwr_mgmt_data_start__ == __pwr_mgmt_data_end__) || ((__pwr_mgmt_data_end__ >= __FLASH_segment_start__) && (__pwr_mgmt_data_end__ <= __FLASH_segment_end__))), error: .pwr_mgmt_data is too large to fit in FLASH memory segment)
                0x000000000002b218                __log_const_data_load_start__ = ALIGN (__pwr_mgmt_data_end__, 0x4)

.log_const_data
                0x000000000002b218       0x68
                0x000000000002b218                __log_const_data_start__ = .
                0x000000000002b218                __start_log_const_data = __log_const_data_start__
 *(SORT_BY_NAME(.log_const_data*))
 .log_const_data_CLOCK
                0x000000000002b218        0x8 Output/mPower Release/Obj/nrfx_clock.o
                0x000000000002b218                m_nrf_log_CLOCK_logs_data_const
 .log_const_data_GPIOTE
                0x000000000002b220        0x8 Output/mPower Release/Obj/nrfx_gpiote.o
                0x000000000002b220                m_nrf_log_GPIOTE_logs_data_const
 .log_const_data_PRS
                0x000000000002b228        0x8 Output/mPower Release/Obj/nrfx_prs.o
                0x000000000002b228                m_nrf_log_PRS_logs_data_const
 .log_const_data_UART
                0x000000000002b230        0x8 Output/mPower Release/Obj/nrfx_uart.o
                0x000000000002b230                m_nrf_log_UART_logs_data_const
 .log_const_data_UARTE
                0x000000000002b238        0x8 Output/mPower Release/Obj/nrfx_uarte.o
                0x000000000002b238                m_nrf_log_UARTE_logs_data_const
 .log_const_data_app
                0x000000000002b240        0x8 Output/mPower Release/Obj/nrf_log_frontend.o
                0x000000000002b240                m_nrf_log_app_logs_data_const
 .log_const_data_balloc_log_mempool
                0x000000000002b248        0x8 Output/mPower Release/Obj/nrf_log_frontend.o
                0x000000000002b248                m_nrf_log_balloc_log_mempool_logs_data_const
 .log_const_data_clock
                0x000000000002b250        0x8 Output/mPower Release/Obj/nrf_drv_clock.o
                0x000000000002b250                m_nrf_log_clock_logs_data_const
 .log_const_data_nrf_ble_gatt
                0x000000000002b258        0x8 Output/mPower Release/Obj/nrf_ble_gatt.o
                0x000000000002b258                m_nrf_log_nrf_ble_gatt_logs_data_const
 .log_const_data_nrf_sdh
                0x000000000002b260        0x8 Output/mPower Release/Obj/nrf_sdh.o
                0x000000000002b260                m_nrf_log_nrf_sdh_logs_data_const
 .log_const_data_nrf_sdh_ble
                0x000000000002b268        0x8 Output/mPower Release/Obj/nrf_sdh_ble.o
                0x000000000002b268                m_nrf_log_nrf_sdh_ble_logs_data_const
 .log_const_data_nrf_sdh_soc
                0x000000000002b270        0x8 Output/mPower Release/Obj/nrf_sdh_soc.o
                0x000000000002b270                m_nrf_log_nrf_sdh_soc_logs_data_const
 .log_const_data_pwr_mgmt
                0x000000000002b278        0x8 Output/mPower Release/Obj/nrf_pwr_mgmt.o
                0x000000000002b278                m_nrf_log_pwr_mgmt_logs_data_const
                0x000000000002b280                __log_const_data_end__ = (__log_const_data_start__ + SIZEOF (.log_const_data))
                0x0000000000000068                __log_const_data_size__ = SIZEOF (.log_const_data)
                0x000000000002b280                __stop_log_const_data = __log_const_data_end__
                0x000000000002b280                __log_const_data_load_end__ = __log_const_data_end__
                0x0000000000000001                . = ASSERT (((__log_const_data_start__ == __log_const_data_end__) || ((__log_const_data_end__ >= __FLASH_segment_start__) && (__log_const_data_end__ <= __FLASH_segment_end__))), error: .log_const_data is too large to fit in FLASH memory segment)
                0x000000000002b280                __nrf_balloc_load_start__ = ALIGN (__log_const_data_end__, 0x4)

.nrf_balloc     0x000000000002b280       0x18
                0x000000000002b280                __nrf_balloc_start__ = .
                0x000000000002b280                __start_nrf_balloc = __nrf_balloc_start__
 *(.nrf_balloc*)
 .nrf_balloc    0x000000000002b280       0x18 Output/mPower Release/Obj/nrf_log_frontend.o
                0x000000000002b280                log_mempool
                0x000000000002b298                __nrf_balloc_end__ = (__nrf_balloc_start__ + SIZEOF (.nrf_balloc))
                0x0000000000000018                __nrf_balloc_size__ = SIZEOF (.nrf_balloc)
                0x000000000002b298                __stop_nrf_balloc = __nrf_balloc_end__
                0x000000000002b298                __nrf_balloc_load_end__ = __nrf_balloc_end__
                0x0000000000000001                . = ASSERT (((__nrf_balloc_start__ == __nrf_balloc_end__) || ((__nrf_balloc_end__ >= __FLASH_segment_start__) && (__nrf_balloc_end__ <= __FLASH_segment_end__))), error: .nrf_balloc is too large to fit in FLASH memory segment)
                0x000000000002b298                __sdh_state_observers_load_start__ = ALIGN (__nrf_balloc_end__, 0x4)

.sdh_state_observers
                0x000000000002b298        0x8
                0x000000000002b298                __sdh_state_observers_start__ = .
                0x000000000002b298                __start_sdh_state_observers = __sdh_state_observers_start__
 *(SORT_BY_NAME(.sdh_state_observers*))
 .sdh_state_observers0
                0x000000000002b298        0x8 Output/mPower Release/Obj/nrf_drv_clock.o
                0x000000000002b2a0                __sdh_state_observers_end__ = (__sdh_state_observers_start__ + SIZEOF (.sdh_state_observers))
                0x0000000000000008                __sdh_state_observers_size__ = SIZEOF (.sdh_state_observers)
                0x000000000002b2a0                __stop_sdh_state_observers = __sdh_state_observers_end__
                0x000000000002b2a0                __sdh_state_observers_load_end__ = __sdh_state_observers_end__
                0x0000000000000001                . = ASSERT (((__sdh_state_observers_start__ == __sdh_state_observers_end__) || ((__sdh_state_observers_end__ >= __FLASH_segment_start__) && (__sdh_state_observers_end__ <= __FLASH_segment_end__))), error: .sdh_state_observers is too large to fit in FLASH memory segment)
                0x000000000002b2a0                __sdh_stack_observers_load_start__ = ALIGN (__sdh_state_observers_end__, 0x4)

.sdh_stack_observers
                0x000000000002b2a0       0x10
                0x000000000002b2a0                __sdh_stack_observers_start__ = .
                0x000000000002b2a0                __start_sdh_stack_observers = __sdh_stack_observers_start__
 *(SORT_BY_NAME(.sdh_stack_observers*))
 .sdh_stack_observers0
                0x000000000002b2a0        0x8 Output/mPower Release/Obj/nrf_sdh_ble.o
 .sdh_stack_observers0
                0x000000000002b2a8        0x8 Output/mPower Release/Obj/nrf_sdh_soc.o
                0x000000000002b2b0                __sdh_stack_observers_end__ = (__sdh_stack_observers_start__ + SIZEOF (.sdh_stack_observers))
                0x0000000000000010                __sdh_stack_observers_size__ = SIZEOF (.sdh_stack_observers)
                0x000000000002b2b0                __stop_sdh_stack_observers = __sdh_stack_observers_end__
                0x000000000002b2b0                __sdh_stack_observers_load_end__ = __sdh_stack_observers_end__
                0x0000000000000001                . = ASSERT (((__sdh_stack_observers_start__ == __sdh_stack_observers_end__) || ((__sdh_stack_observers_end__ >= __FLASH_segment_start__) && (__sdh_stack_observers_end__ <= __FLASH_segment_end__))), error: .sdh_stack_observers is too large to fit in FLASH memory segment)
                0x000000000002b2b0                __sdh_req_observers_load_start__ = ALIGN (__sdh_stack_observers_end__, 0x4)

.sdh_req_observers
                0x000000000002b2b0        0x0
                0x000000000002b2b0                __sdh_req_observers_start__ = .
                0x000000000002b2b0                __start_sdh_req_observers = __sdh_req_observers_start__
 *(SORT_BY_NAME(.sdh_req_observers*))
                0x000000000002b2b0                __sdh_req_observers_end__ = (__sdh_req_observers_start__ + SIZEOF (.sdh_req_observers))
                0x0000000000000000                __sdh_req_observers_size__ = SIZEOF (.sdh_req_observers)
                0x000000000002b2b0                __stop_sdh_req_observers = __sdh_req_observers_end__
                0x000000000002b2b0                __sdh_req_observers_load_end__ = __sdh_req_observers_end__
                0x0000000000000001                . = ASSERT (((__sdh_req_observers_start__ == __sdh_req_observers_end__) || ((__sdh_req_observers_end__ >= __FLASH_segment_start__) && (__sdh_req_observers_end__ <= __FLASH_segment_end__))), error: .sdh_req_observers is too large to fit in FLASH memory segment)
                0x000000000002b2b0                __nrf_queue_load_start__ = ALIGN (__sdh_req_observers_end__, 0x4)

.nrf_queue      0x000000000002b2b0        0x0
                0x000000000002b2b0                __nrf_queue_start__ = .
                0x000000000002b2b0                __start_nrf_queue = __nrf_queue_start__
 *(.nrf_queue*)
                0x000000000002b2b0                __nrf_queue_end__ = (__nrf_queue_start__ + SIZEOF (.nrf_queue))
                0x0000000000000000                __nrf_queue_size__ = SIZEOF (.nrf_queue)
                0x000000000002b2b0                __stop_nrf_queue = __nrf_queue_end__
                0x000000000002b2b0                __nrf_queue_load_end__ = __nrf_queue_end__
                0x0000000000000001                . = ASSERT (((__nrf_queue_start__ == __nrf_queue_end__) || ((__nrf_queue_end__ >= __FLASH_segment_start__) && (__nrf_queue_end__ <= __FLASH_segment_end__))), error: .nrf_queue is too large to fit in FLASH memory segment)
                0x000000000002b2b0                __cli_command_load_start__ = ALIGN (__nrf_queue_end__, 0x4)

.cli_command    0x000000000002b2b0        0x0
                0x000000000002b2b0                __cli_command_start__ = .
                0x000000000002b2b0                __start_cli_command = __cli_command_start__
 *(.cli_command*)
                0x000000000002b2b0                __cli_command_end__ = (__cli_command_start__ + SIZEOF (.cli_command))
                0x0000000000000000                __cli_command_size__ = SIZEOF (.cli_command)
                0x000000000002b2b0                __stop_cli_command = __cli_command_end__
                0x000000000002b2b0                __cli_command_load_end__ = __cli_command_end__
                0x0000000000000001                . = ASSERT (((__cli_command_start__ == __cli_command_end__) || ((__cli_command_end__ >= __FLASH_segment_start__) && (__cli_command_end__ <= __FLASH_segment_end__))), error: .cli_command is too large to fit in FLASH memory segment)
                0x000000000002b2b0                __crypto_data_load_start__ = ALIGN (__cli_command_end__, 0x4)

.crypto_data    0x000000000002b2b0        0x0
                0x000000000002b2b0                __crypto_data_start__ = .
                0x000000000002b2b0                __start_crypto_data = __crypto_data_start__
 *(SORT_BY_NAME(.crypto_data*))
                0x000000000002b2b0                __crypto_data_end__ = (__crypto_data_start__ + SIZEOF (.crypto_data))
                0x0000000000000000                __crypto_data_size__ = SIZEOF (.crypto_data)
                0x000000000002b2b0                __stop_crypto_data = __crypto_data_end__
                0x000000000002b2b0                __crypto_data_load_end__ = __crypto_data_end__
                0x0000000000000001                . = ASSERT (((__crypto_data_start__ == __crypto_data_end__) || ((__crypto_data_end__ >= __FLASH_segment_start__) && (__crypto_data_end__ <= __FLASH_segment_end__))), error: .crypto_data is too large to fit in FLASH memory segment)
                0x000000000002b2b0                __nrf_sections_load_start__ = ALIGN (__crypto_data_end__, 0x4)

.nrf_sections   0x000000000002b2b0        0x0
                0x000000000002b2b0                __nrf_sections_start__ = .
                0x000000000002b2b0                __start_nrf_sections = __nrf_sections_start__
 *(.nrf_sections .nrf_sections.*)
                0x000000000002b2b0                __nrf_sections_end__ = (__nrf_sections_start__ + SIZEOF (.nrf_sections))
                0x0000000000000000                __nrf_sections_size__ = SIZEOF (.nrf_sections)
                0x000000000002b2b0                __nrf_sections_load_end__ = __nrf_sections_end__
                0x0000000000000001                . = ASSERT (((__nrf_sections_start__ == __nrf_sections_end__) || ((__nrf_sections_end__ >= __FLASH_segment_start__) && (__nrf_sections_end__ <= __FLASH_segment_end__))), error: .nrf_sections is too large to fit in FLASH memory segment)
                0x000000000002b2b0                __log_dynamic_data_load_start__ = ALIGN (__nrf_sections_end__, 0x4)

.log_dynamic_data
                0x0000000020003770       0x34 load address 0x000000000002b2b0
                0x0000000020003770                __log_dynamic_data_start__ = .
 *(SORT_BY_NAME(.log_dynamic_data*))
 .log_dynamic_data_CLOCK
                0x0000000020003770        0x4 Output/mPower Release/Obj/nrfx_clock.o
                0x0000000020003770                m_nrf_log_CLOCK_logs_data_dynamic
 .log_dynamic_data_GPIOTE
                0x0000000020003774        0x4 Output/mPower Release/Obj/nrfx_gpiote.o
                0x0000000020003774                m_nrf_log_GPIOTE_logs_data_dynamic
 .log_dynamic_data_PRS
                0x0000000020003778        0x4 Output/mPower Release/Obj/nrfx_prs.o
                0x0000000020003778                m_nrf_log_PRS_logs_data_dynamic
 .log_dynamic_data_UART
                0x000000002000377c        0x4 Output/mPower Release/Obj/nrfx_uart.o
                0x000000002000377c                m_nrf_log_UART_logs_data_dynamic
 .log_dynamic_data_UARTE
                0x0000000020003780        0x4 Output/mPower Release/Obj/nrfx_uarte.o
                0x0000000020003780                m_nrf_log_UARTE_logs_data_dynamic
 .log_dynamic_data_app
                0x0000000020003784        0x4 Output/mPower Release/Obj/nrf_log_frontend.o
                0x0000000020003784                m_nrf_log_app_logs_data_dynamic
 .log_dynamic_data_balloc_log_mempool
                0x0000000020003788        0x4 Output/mPower Release/Obj/nrf_log_frontend.o
                0x0000000020003788                m_nrf_log_balloc_log_mempool_logs_data_dynamic
 .log_dynamic_data_clock
                0x000000002000378c        0x4 Output/mPower Release/Obj/nrf_drv_clock.o
                0x000000002000378c                m_nrf_log_clock_logs_data_dynamic
 .log_dynamic_data_nrf_ble_gatt
                0x0000000020003790        0x4 Output/mPower Release/Obj/nrf_ble_gatt.o
                0x0000000020003790                m_nrf_log_nrf_ble_gatt_logs_data_dynamic
 .log_dynamic_data_nrf_sdh
                0x0000000020003794        0x4 Output/mPower Release/Obj/nrf_sdh.o
                0x0000000020003794                m_nrf_log_nrf_sdh_logs_data_dynamic
 .log_dynamic_data_nrf_sdh_ble
                0x0000000020003798        0x4 Output/mPower Release/Obj/nrf_sdh_ble.o
                0x0000000020003798                m_nrf_log_nrf_sdh_ble_logs_data_dynamic
 .log_dynamic_data_nrf_sdh_soc
                0x000000002000379c        0x4 Output/mPower Release/Obj/nrf_sdh_soc.o
                0x000000002000379c                m_nrf_log_nrf_sdh_soc_logs_data_dynamic
 .log_dynamic_data_pwr_mgmt
                0x00000000200037a0        0x4 Output/mPower Release/Obj/nrf_pwr_mgmt.o
                0x00000000200037a0                m_nrf_log_pwr_mgmt_logs_data_dynamic
                0x00000000200037a4                __log_dynamic_data_end__ = (__log_dynamic_data_start__ + SIZEOF (.log_dynamic_data))
                0x0000000000000034                __log_dynamic_data_size__ = SIZEOF (.log_dynamic_data)
                0x000000000002b2e4                __log_dynamic_data_load_end__ = (__log_dynamic_data_load_start__ + SIZEOF (.log_dynamic_data))
                0x0000000000000001                . = ASSERT (((__log_dynamic_data_load_start__ == __log_dynamic_data_load_end__) || ((__log_dynamic_data_load_end__ >= __FLASH_segment_start__) && (__log_dynamic_data_load_end__ <= __FLASH_segment_end__))), error: .log_dynamic_data is too large to fit in FLASH memory segment)

.log_dynamic_data_run
                0x0000000020003770       0x34 load address 0x000000000002b2b0
                0x0000000020003770                __log_dynamic_data_run_start__ = .
                0x0000000020003770                __start_log_dynamic_data = __log_dynamic_data_run_start__
                0x00000000200037a4                . = MAX ((__log_dynamic_data_run_start__ + SIZEOF (.log_dynamic_data)), .)
 *fill*         0x0000000020003770       0x34 
                0x00000000200037a4                __log_dynamic_data_run_end__ = (__log_dynamic_data_run_start__ + SIZEOF (.log_dynamic_data_run))
                0x0000000000000034                __log_dynamic_data_run_size__ = SIZEOF (.log_dynamic_data_run)
                0x00000000200037a4                __stop_log_dynamic_data = __log_dynamic_data_run_end__
                0x00000000200037a4                __log_dynamic_data_run_load_end__ = __log_dynamic_data_run_end__
                0x0000000000000001                . = ASSERT (((__log_dynamic_data_run_start__ == __log_dynamic_data_run_end__) || ((__log_dynamic_data_run_end__ >= __RAM_segment_start__) && (__log_dynamic_data_run_end__ <= __RAM_segment_end__))), error: .log_dynamic_data_run is too large to fit in RAM memory segment)
                0x000000000002b2e4                __cli_sorted_cmd_ptrs_load_start__ = ALIGN ((__log_dynamic_data_load_start__ + SIZEOF (.log_dynamic_data)), 0x4)

.cli_sorted_cmd_ptrs
                0x00000000200037a4        0x0 load address 0x000000000002b2e4
                0x00000000200037a4                __cli_sorted_cmd_ptrs_start__ = .
 *(.cli_sorted_cmd_ptrs*)
                0x00000000200037a4                __cli_sorted_cmd_ptrs_end__ = (__cli_sorted_cmd_ptrs_start__ + SIZEOF (.cli_sorted_cmd_ptrs))
                0x0000000000000000                __cli_sorted_cmd_ptrs_size__ = SIZEOF (.cli_sorted_cmd_ptrs)
                0x000000000002b2e4                __cli_sorted_cmd_ptrs_load_end__ = (__cli_sorted_cmd_ptrs_load_start__ + SIZEOF (.cli_sorted_cmd_ptrs))
                0x0000000000000001                . = ASSERT (((__cli_sorted_cmd_ptrs_load_start__ == __cli_sorted_cmd_ptrs_load_end__) || ((__cli_sorted_cmd_ptrs_load_end__ >= __FLASH_segment_start__) && (__cli_sorted_cmd_ptrs_load_end__ <= __FLASH_segment_end__))), error: .cli_sorted_cmd_ptrs is too large to fit in FLASH memory segment)

.cli_sorted_cmd_ptrs_run
                0x00000000200037a4        0x0
                0x00000000200037a4                __cli_sorted_cmd_ptrs_run_start__ = .
                0x00000000200037a4                __start_cli_sorted_cmd_ptrs = __cli_sorted_cmd_ptrs_run_start__
                0x00000000200037a4                . = MAX ((__cli_sorted_cmd_ptrs_run_start__ + SIZEOF (.cli_sorted_cmd_ptrs)), .)
                0x00000000200037a4                __cli_sorted_cmd_ptrs_run_end__ = (__cli_sorted_cmd_ptrs_run_start__ + SIZEOF (.cli_sorted_cmd_ptrs_run))
                0x0000000000000000                __cli_sorted_cmd_ptrs_run_size__ = SIZEOF (.cli_sorted_cmd_ptrs_run)
                0x00000000200037a4                __stop_cli_sorted_cmd_ptrs = __cli_sorted_cmd_ptrs_run_end__
                0x00000000200037a4                __cli_sorted_cmd_ptrs_run_load_end__ = __cli_sorted_cmd_ptrs_run_end__
                0x0000000000000001                . = ASSERT (((__cli_sorted_cmd_ptrs_run_start__ == __cli_sorted_cmd_ptrs_run_end__) || ((__cli_sorted_cmd_ptrs_run_end__ >= __RAM_segment_start__) && (__cli_sorted_cmd_ptrs_run_end__ <= __RAM_segment_end__))), error: .cli_sorted_cmd_ptrs_run is too large to fit in RAM memory segment)
                0x000000000002b2e4                __fs_data_load_start__ = ALIGN ((__cli_sorted_cmd_ptrs_load_start__ + SIZEOF (.cli_sorted_cmd_ptrs)), 0x4)

.fs_data        0x00000000200037a4        0x0 load address 0x000000000002b2e4
                0x00000000200037a4                __fs_data_start__ = .
 *(.fs_data*)
                0x00000000200037a4                __fs_data_end__ = (__fs_data_start__ + SIZEOF (.fs_data))
                0x0000000000000000                __fs_data_size__ = SIZEOF (.fs_data)
                0x000000000002b2e4                __fs_data_load_end__ = (__fs_data_load_start__ + SIZEOF (.fs_data))
                0x0000000000000001                . = ASSERT (((__fs_data_load_start__ == __fs_data_load_end__) || ((__fs_data_load_end__ >= __FLASH_segment_start__) && (__fs_data_load_end__ <= __FLASH_segment_end__))), error: .fs_data is too large to fit in FLASH memory segment)

.fs_data_run    0x00000000200037a4        0x0
                0x00000000200037a4                __fs_data_run_start__ = .
                0x00000000200037a4                __start_fs_data = __fs_data_run_start__
                0x00000000200037a4                . = MAX ((__fs_data_run_start__ + SIZEOF (.fs_data)), .)
                0x00000000200037a4                __fs_data_run_end__ = (__fs_data_run_start__ + SIZEOF (.fs_data_run))
                0x0000000000000000                __fs_data_run_size__ = SIZEOF (.fs_data_run)
                0x00000000200037a4                __stop_fs_data = __fs_data_run_end__
                0x00000000200037a4                __fs_data_run_load_end__ = __fs_data_run_end__
                0x0000000000000001                . = ASSERT (((__fs_data_run_start__ == __fs_data_run_end__) || ((__fs_data_run_end__ >= __RAM_segment_start__) && (__fs_data_run_end__ <= __RAM_segment_end__))), error: .fs_data_run is too large to fit in RAM memory segment)
                0x00000000200037a4                __nrf_sections_run_end_load_start__ = ALIGN (__fs_data_run_end__, 0x4)

.nrf_sections_run_end
                0x00000000200037a4        0x0
                0x00000000200037a4                __nrf_sections_run_end_start__ = .
                0x00000000200037a4                __end_nrf_sections_run = __nrf_sections_run_end_start__
 *(.nrf_sections_run_end .nrf_sections_run_end.*)
                0x00000000200037a4                __nrf_sections_run_end_end__ = (__nrf_sections_run_end_start__ + SIZEOF (.nrf_sections_run_end))
                0x0000000000000000                __nrf_sections_run_end_size__ = SIZEOF (.nrf_sections_run_end)
                0x00000000200037a4                __nrf_sections_run_end_load_end__ = __nrf_sections_run_end_end__
                0x0000000000000001                . = ASSERT (((__nrf_sections_run_end_start__ == __nrf_sections_run_end_end__) || ((__nrf_sections_run_end_end__ >= __RAM_segment_start__) && (__nrf_sections_run_end_end__ <= __RAM_segment_end__))), error: .nrf_sections_run_end is too large to fit in RAM memory segment)
                0x000000000002b2e4                __dtors_load_start__ = ALIGN ((__fs_data_load_start__ + SIZEOF (.fs_data)), 0x4)

.dtors          0x000000000002b2e4        0x0
                0x000000000002b2e4                __dtors_start__ = .
 *(SORT_BY_NAME(.dtors.*))
 *(.dtors)
 *(.fini_array)
 *(SORT_BY_NAME(.fini_array.*))
                0x000000000002b2e4                __dtors_end__ = (__dtors_start__ + SIZEOF (.dtors))
                0x0000000000000000                __dtors_size__ = SIZEOF (.dtors)
                0x000000000002b2e4                __dtors_load_end__ = __dtors_end__
                0x0000000000000001                . = ASSERT (((__dtors_start__ == __dtors_end__) || ((__dtors_end__ >= __FLASH_segment_start__) && (__dtors_end__ <= __FLASH_segment_end__))), error: .dtors is too large to fit in FLASH memory segment)
                0x000000000002b2e4                __ctors_load_start__ = ALIGN (__dtors_end__, 0x4)

.ctors          0x000000000002b2e4        0x0
                0x000000000002b2e4                __ctors_start__ = .
 *(SORT_BY_NAME(.ctors.*))
 *(.ctors)
 *(.init_array)
 *(SORT_BY_NAME(.init_array.*))
                0x000000000002b2e4                __ctors_end__ = (__ctors_start__ + SIZEOF (.ctors))
                0x0000000000000000                __ctors_size__ = SIZEOF (.ctors)
                0x000000000002b2e4                __ctors_load_end__ = __ctors_end__
                0x0000000000000001                . = ASSERT (((__ctors_start__ == __ctors_end__) || ((__ctors_end__ >= __FLASH_segment_start__) && (__ctors_end__ <= __FLASH_segment_end__))), error: .ctors is too large to fit in FLASH memory segment)
                0x000000000002b2e4                __rodata_load_start__ = ALIGN (__ctors_end__, 0x4)

.rodata         0x000000000002b2e4     0x1370
                0x000000000002b2e4                __rodata_start__ = .
 *(.rodata .rodata.* .gnu.linkonce.r.*)
 *fill*         0x000000000002b2e4        0xc 
 .rodata.delay_bytecode.8486
                0x000000000002b2f0        0x6 Output/mPower Release/Obj/nrf_log_backend_rtt.o
 *fill*         0x000000000002b2f6        0x2 
 .rodata.nrf_log_backend_rtt_api
                0x000000000002b2f8        0xc Output/mPower Release/Obj/nrf_log_backend_rtt.o
                0x000000000002b2f8                nrf_log_backend_rtt_api
 .rodata        0x000000000002b304       0x20 Output/mPower Release/Obj/nrf_log_backend_uart.o
 .rodata.nrf_log_backend_uart_api
                0x000000000002b324        0xc Output/mPower Release/Obj/nrf_log_backend_uart.o
                0x000000000002b324                nrf_log_backend_uart_api
 .rodata.nrf_log_frontend_dequeue.str1.1
                0x000000000002b330       0x11 Output/mPower Release/Obj/nrf_log_frontend.o
 .rodata.str1.1
                0x000000000002b341       0x17 Output/mPower Release/Obj/nrf_log_frontend.o
 .rodata.m_colors
                0x000000000002b358       0x24 Output/mPower Release/Obj/nrf_log_str_formatter.o
 .rodata.nrf_log_hexdump_entry_process.str1.1
                0x000000000002b37c        0xf Output/mPower Release/Obj/nrf_log_str_formatter.o
                                         0x11 (size before relaxing)
 .rodata.postfix_process.str1.1
                0x000000000002b38b        0x5 Output/mPower Release/Obj/nrf_log_str_formatter.o
                                          0xb (size before relaxing)
 .rodata.prefix_process.str1.1
                0x000000000002b390       0x2a Output/mPower Release/Obj/nrf_log_str_formatter.o
 *fill*         0x000000000002b3ba        0x2 
 .rodata.severity_names
                0x000000000002b3bc       0x14 Output/mPower Release/Obj/nrf_log_str_formatter.o
 .rodata.str1.1
                0x000000000002b3d0       0x4b Output/mPower Release/Obj/nrf_log_str_formatter.o
                                         0x51 (size before relaxing)
 .rodata.app_error_fault_handler.str1.1
                0x000000000002b41b       0x19 Output/mPower Release/Obj/app_error_weak.o
 *fill*         0x000000000002b434        0xc 
 .rodata.delay_bytecode.8215
                0x000000000002b440        0x6 Output/mPower Release/Obj/app_timer.o
 .rodata._aV2C.7427
                0x000000000002b446       0x10 Output/mPower Release/Obj/nrf_fprintf_format.o
 *fill*         0x000000000002b456        0x2 
 .rodata.pwr_mgmt_data
                0x000000000002b458        0xc Output/mPower Release/Obj/nrf_pwr_mgmt.o
 .rodata.str1.1
                0x000000000002b464        0x9 Output/mPower Release/Obj/nrf_pwr_mgmt.o
 .rodata.m_unknown_str
                0x000000000002b46d       0x13 Output/mPower Release/Obj/nrf_strerror.o
 .rodata.nrf_strerror_array
                0x000000000002b480      0x128 Output/mPower Release/Obj/nrf_strerror.o
 .rodata.str1.1
                0x000000000002b5a8      0x3ba Output/mPower Release/Obj/nrf_strerror.o
 .rodata.m_board_led_list
                0x000000000002b962        0x4 Output/mPower Release/Obj/boards.o
 .rodata.str1.1
                0x000000000002b966        0x6 Output/mPower Release/Obj/nrf_drv_clock.o
 .rodata.str1.1
                0x000000000002b96c        0x6 Output/mPower Release/Obj/nrfx_clock.o
 .rodata.str1.1
                0x000000000002b972        0x7 Output/mPower Release/Obj/nrfx_gpiote.o
 .rodata.str1.1
                0x000000000002b979        0x4 Output/mPower Release/Obj/nrfx_prs.o
 .rodata.str1.1
                0x000000000002b97d        0x5 Output/mPower Release/Obj/nrfx_uart.o
 .rodata.str1.1
                0x000000000002b982        0x6 Output/mPower Release/Obj/nrfx_uarte.o
 .rodata.ble_evt_handler.str1.1
                0x000000000002b988       0xbf Output/mPower Release/Obj/main.o
 .rodata.inPinHandler.str1.1
                0x000000000002ba47       0x22 Output/mPower Release/Obj/main.o
 *fill*         0x000000000002ba69        0x3 
 .rodata.m_mp_char_timer_id
                0x000000000002ba6c        0x4 Output/mPower Release/Obj/main.o
 .rodata.main.str1.1
                0x000000000002ba70       0x13 Output/mPower Release/Obj/main.o
 .rodata        0x000000000002ba83       0x10 Output/mPower Release/Obj/ble_service.o
 .rodata.mpServiceInit.str1.1
                0x000000000002ba93       0x38 Output/mPower Release/Obj/ble_service.o
 .rodata.onBleEvent.str1.1
                0x000000000002bacb       0x4f Output/mPower Release/Obj/ble_service.o
 .rodata.sendNotification.str1.1
                0x000000000002bb1a       0x34 Output/mPower Release/Obj/ble_service.o
 .rodata.freeUsbPort.str1.1
                0x000000000002bb4e       0x60 Output/mPower Release/Obj/usb_port.o
 .rodata.initPortStatus.str1.1
                0x000000000002bbae       0x13 Output/mPower Release/Obj/usb_port.o
 .rodata.onNewCommand.str1.1
                0x000000000002bbc1      0x166 Output/mPower Release/Obj/usb_port.o
 .rodata.onUsbChange.str1.1
                0x000000000002bd27       0x97 Output/mPower Release/Obj/usb_port.o
 .rodata._DoInit.str1.1
                0x000000000002bdbe       0x14 Output/mPower Release/Obj/SEGGER_RTT.o
 .rodata.data_length_update.str1.1
                0x000000000002bdd2      0x10e Output/mPower Release/Obj/nrf_ble_gatt.o
 .rodata.nrf_ble_gatt_on_ble_evt.str1.1
                0x000000000002bee0      0x298 Output/mPower Release/Obj/nrf_ble_gatt.o
 .rodata.str1.1
                0x000000000002c178        0xd Output/mPower Release/Obj/nrf_ble_gatt.o
 .rodata        0x000000000002c185        0x4 Output/mPower Release/Obj/nrf_sdh.o
 *fill*         0x000000000002c189        0x3 
 .rodata.sdh_req_observers
                0x000000000002c18c        0xc Output/mPower Release/Obj/nrf_sdh.o
 .rodata.sdh_stack_observers
                0x000000000002c198        0xc Output/mPower Release/Obj/nrf_sdh.o
 .rodata.sdh_state_observers
                0x000000000002c1a4        0xc Output/mPower Release/Obj/nrf_sdh.o
 .rodata.str1.1
                0x000000000002c1b0        0x8 Output/mPower Release/Obj/nrf_sdh.o
 .rodata.nrf_sdh_ble_default_cfg_set.str1.1
                0x000000000002c1b8      0x182 Output/mPower Release/Obj/nrf_sdh_ble.o
 .rodata.nrf_sdh_ble_enable.str1.1
                0x000000000002c33a       0xa7 Output/mPower Release/Obj/nrf_sdh_ble.o
 *fill*         0x000000000002c3e1        0x3 
 .rodata.sdh_ble_observers
                0x000000000002c3e4        0xc Output/mPower Release/Obj/nrf_sdh_ble.o
 .rodata.str1.1
                0x000000000002c3f0        0xc Output/mPower Release/Obj/nrf_sdh_ble.o
 .rodata.sdh_soc_observers
                0x000000000002c3fc        0xc Output/mPower Release/Obj/nrf_sdh_soc.o
 .rodata.str1.1
                0x000000000002c408        0xc Output/mPower Release/Obj/nrf_sdh_soc.o
 .rodata.libc.__RAL_ascii_ctype_map
                0x000000000002c414       0x80 C:/Program Files/SEGGER/SEGGER Embedded Studio for ARM 3.52a/lib/libc_v7em_fpv4_sp_d16_hard_t_le_eabi.a(libc2.o)
                0x000000000002c414                __RAL_ascii_ctype_map
 .rodata.libc.__RAL_ascii_ctype_mask
                0x000000000002c494        0xd C:/Program Files/SEGGER/SEGGER Embedded Studio for ARM 3.52a/lib/libc_v7em_fpv4_sp_d16_hard_t_le_eabi.a(libc2.o)
 *fill*         0x000000000002c4a1        0x3 
 .rodata.libc.__RAL_c_locale
                0x000000000002c4a4        0xc C:/Program Files/SEGGER/SEGGER Embedded Studio for ARM 3.52a/lib/libc_v7em_fpv4_sp_d16_hard_t_le_eabi.a(libc2.o)
                0x000000000002c4a4                __RAL_c_locale
 .rodata.libc.__RAL_c_locale_abbrev_day_names
                0x000000000002c4b0       0x1d C:/Program Files/SEGGER/SEGGER Embedded Studio for ARM 3.52a/lib/libc_v7em_fpv4_sp_d16_hard_t_le_eabi.a(libc2.o)
                0x000000000002c4b0                __RAL_c_locale_abbrev_day_names
 *fill*         0x000000000002c4cd        0x3 
 .rodata.libc.__RAL_c_locale_abbrev_month_names
                0x000000000002c4d0       0x31 C:/Program Files/SEGGER/SEGGER Embedded Studio for ARM 3.52a/lib/libc_v7em_fpv4_sp_d16_hard_t_le_eabi.a(libc2.o)
                0x000000000002c4d0                __RAL_c_locale_abbrev_month_names
 *fill*         0x000000000002c501        0x3 
 .rodata.libc.__RAL_c_locale_am_pm_indicator
                0x000000000002c504        0x7 C:/Program Files/SEGGER/SEGGER Embedded Studio for ARM 3.52a/lib/libc_v7em_fpv4_sp_d16_hard_t_le_eabi.a(libc2.o)
                0x000000000002c504                __RAL_c_locale_am_pm_indicator
 *fill*         0x000000000002c50b        0x1 
 .rodata.libc.__RAL_c_locale_data
                0x000000000002c50c       0x58 C:/Program Files/SEGGER/SEGGER Embedded Studio for ARM 3.52a/lib/libc_v7em_fpv4_sp_d16_hard_t_le_eabi.a(libc2.o)
                0x000000000002c50c                __RAL_c_locale_data
 .rodata.libc.__RAL_c_locale_date_format
                0x000000000002c564        0x9 C:/Program Files/SEGGER/SEGGER Embedded Studio for ARM 3.52a/lib/libc_v7em_fpv4_sp_d16_hard_t_le_eabi.a(libc2.o)
                0x000000000002c564                __RAL_c_locale_date_format
 *fill*         0x000000000002c56d        0x3 
 .rodata.libc.__RAL_c_locale_date_time_format
                0x000000000002c570        0xf C:/Program Files/SEGGER/SEGGER Embedded Studio for ARM 3.52a/lib/libc_v7em_fpv4_sp_d16_hard_t_le_eabi.a(libc2.o)
                0x000000000002c570                __RAL_c_locale_date_time_format
 *fill*         0x000000000002c57f        0x1 
 .rodata.libc.__RAL_c_locale_day_names
                0x000000000002c580       0x3a C:/Program Files/SEGGER/SEGGER Embedded Studio for ARM 3.52a/lib/libc_v7em_fpv4_sp_d16_hard_t_le_eabi.a(libc2.o)
                0x000000000002c580                __RAL_c_locale_day_names
 *fill*         0x000000000002c5ba        0x2 
 .rodata.libc.__RAL_c_locale_month_names
                0x000000000002c5bc       0x57 C:/Program Files/SEGGER/SEGGER Embedded Studio for ARM 3.52a/lib/libc_v7em_fpv4_sp_d16_hard_t_le_eabi.a(libc2.o)
                0x000000000002c5bc                __RAL_c_locale_month_names
 *fill*         0x000000000002c613        0x1 
 .rodata.libc.__RAL_c_locale_time_format
                0x000000000002c614        0x9 C:/Program Files/SEGGER/SEGGER Embedded Studio for ARM 3.52a/lib/libc_v7em_fpv4_sp_d16_hard_t_le_eabi.a(libc2.o)
                0x000000000002c614                __RAL_c_locale_time_format
 *fill*         0x000000000002c61d        0x3 
 .rodata.libc.__RAL_codeset_ascii
                0x000000000002c620       0x20 C:/Program Files/SEGGER/SEGGER Embedded Studio for ARM 3.52a/lib/libc_v7em_fpv4_sp_d16_hard_t_le_eabi.a(libc2.o)
                0x000000000002c620                __RAL_codeset_ascii
 .rodata.libc.__RAL_data_empty_string
                0x000000000002c640        0x1 C:/Program Files/SEGGER/SEGGER Embedded Studio for ARM 3.52a/lib/libc_v7em_fpv4_sp_d16_hard_t_le_eabi.a(libc2.o)
                0x000000000002c640                __RAL_data_empty_string
 *fill*         0x000000000002c641        0x3 
 .rodata.libc.__RAL_data_utf8_period
                0x000000000002c644        0x2 C:/Program Files/SEGGER/SEGGER Embedded Studio for ARM 3.52a/lib/libc_v7em_fpv4_sp_d16_hard_t_le_eabi.a(libc2.o)
                0x000000000002c644                __RAL_data_utf8_period
 *fill*         0x000000000002c646        0x2 
 .rodata.libc.__RAL_find_locale.str1.4
                0x000000000002c648        0xc C:/Program Files/SEGGER/SEGGER Embedded Studio for ARM 3.52a/lib/libc_v7em_fpv4_sp_d16_hard_t_le_eabi.a(libc2.o)
                                          0xa (size before relaxing)
                0x000000000002c654                __rodata_end__ = (__rodata_start__ + SIZEOF (.rodata))
                0x0000000000001370                __rodata_size__ = SIZEOF (.rodata)
                0x000000000002c654                __rodata_load_end__ = __rodata_end__

.rel.dyn        0x000000000002c654        0x0
 .rel.iplt      0x000000000002c654        0x0 Output/mPower Release/Obj/thumb_crt0.o
                0x0000000000000001                . = ASSERT (((__rodata_start__ == __rodata_end__) || ((__rodata_end__ >= __FLASH_segment_start__) && (__rodata_end__ <= __FLASH_segment_end__))), error: .rodata is too large to fit in FLASH memory segment)
                0x000000000002c654                __ARM.exidx_load_start__ = ALIGN (__rodata_end__, 0x4)

.ARM.exidx      0x000000000002c654        0x0
                0x000000000002c654                __ARM.exidx_start__ = .
                0x000000000002c654                __exidx_start = __ARM.exidx_start__
 *(.ARM.exidx .ARM.exidx.*)
                0x000000000002c654                __ARM.exidx_end__ = (__ARM.exidx_start__ + SIZEOF (.ARM.exidx))
                0x0000000000000000                __ARM.exidx_size__ = SIZEOF (.ARM.exidx)
                0x000000000002c654                __exidx_end = __ARM.exidx_end__
                0x000000000002c654                __ARM.exidx_load_end__ = __ARM.exidx_end__
                0x0000000000000001                . = ASSERT (((__ARM.exidx_start__ == __ARM.exidx_end__) || ((__ARM.exidx_end__ >= __FLASH_segment_start__) && (__ARM.exidx_end__ <= __FLASH_segment_end__))), error: .ARM.exidx is too large to fit in FLASH memory segment)
                0x000000000002c654                __fast_load_start__ = ALIGN (__ARM.exidx_end__, 0x4)

.fast           0x00000000200037a4        0x0 load address 0x000000000002c654
                0x00000000200037a4                __fast_start__ = .
 *(.fast .fast.*)
                0x00000000200037a4                __fast_end__ = (__fast_start__ + SIZEOF (.fast))
                0x0000000000000000                __fast_size__ = SIZEOF (.fast)
                0x000000000002c654                __fast_load_end__ = (__fast_load_start__ + SIZEOF (.fast))
                0x0000000000000001                . = ASSERT (((__fast_load_start__ == __fast_load_end__) || ((__fast_load_end__ >= __FLASH_segment_start__) && (__fast_load_end__ <= __FLASH_segment_end__))), error: .fast is too large to fit in FLASH memory segment)

.fast_run       0x00000000200037a4        0x0
                0x00000000200037a4                __fast_run_start__ = .
                0x00000000200037a4                . = MAX ((__fast_run_start__ + SIZEOF (.fast)), .)
                0x00000000200037a4                __fast_run_end__ = (__fast_run_start__ + SIZEOF (.fast_run))
                0x0000000000000000                __fast_run_size__ = SIZEOF (.fast_run)
                0x00000000200037a4                __fast_run_load_end__ = __fast_run_end__
                0x0000000000000001                . = ASSERT (((__fast_run_start__ == __fast_run_end__) || ((__fast_run_end__ >= __RAM_segment_start__) && (__fast_run_end__ <= __RAM_segment_end__))), error: .fast_run is too large to fit in RAM memory segment)
                0x000000000002c654                __data_load_start__ = ALIGN ((__fast_load_start__ + SIZEOF (.fast)), 0x4)

.data           0x00000000200037a4       0x60 load address 0x000000000002c654
                0x00000000200037a4                __data_start__ = .
 *(.data .data.* .gnu.linkonce.d.*)